25-01-14.11:26:56.295 [main            ] INFO  RaffleStrategyTest     - Starting RaffleStrategyTest using Java 1.8.0_311 on liuguanzedeMBP with PID 7098 (started by carson in /Users/carson/Desktop/Microservice/big-market/big-market-app)
25-01-14.11:26:56.297 [main            ] INFO  RaffleStrategyTest     - The following 1 profile is active: "dev"
25-01-14.11:26:57.555 [main            ] INFO  RepositoryConfigurationDelegate - Multiple Spring Data modules found, entering strict repository configuration mode
25-01-14.11:26:57.560 [main            ] INFO  RepositoryConfigurationDelegate - Bootstrapping Spring Data Redis repositories in DEFAULT mode.
25-01-14.11:26:57.611 [main            ] INFO  RepositoryConfigurationDelegate - Finished Spring Data repository scanning in 27 ms. Found 0 Redis repository interfaces.
25-01-14.11:26:59.705 [main            ] INFO  Version                - Redisson 3.23.4
25-01-14.11:26:59.810 [main            ] WARN  DnsServerAddressStreamProviders - Can not find io.netty.resolver.dns.macos.MacOSDnsServerAddressStreamProvider in the classpath, fallback to system defaults. This may result in incorrect DNS resolutions on MacOS. Check whether you have a dependency on 'io.netty:netty-resolver-dns-native-macos'
25-01-14.11:27:00.257 [redisson-netty-2-4] INFO  MasterPubSubConnectionPool - 1 connections initialized for 127.0.0.1/127.0.0.1:16379
25-01-14.11:27:00.288 [redisson-netty-2-13] INFO  MasterConnectionPool   - 5 connections initialized for 127.0.0.1/127.0.0.1:16379
25-01-14.11:27:02.767 [main            ] INFO  EndpointLinksResolver  - Exposing 1 endpoint(s) beneath base path '/actuator'
25-01-14.11:27:02.916 [main            ] INFO  RaffleStrategyTest     - Started RaffleStrategyTest in 7.149 seconds (JVM running for 8.592)
25-01-14.11:27:03.622 [main            ] INFO  HikariDataSource       - HikariPool-1 - Starting...
25-01-14.11:27:04.402 [main            ] INFO  HikariDataSource       - HikariPool-1 - Start completed.
25-01-14.11:27:04.661 [main            ] INFO  RaffleStrategyTest     - 测试结果：true
25-01-14.11:27:04.692 [main            ] INFO  DefaultLogicChain      - 抽奖责任链-默认处理 userId: xiaofuge strategyId: 100006 ruleModel: rule_default awardId: 102
25-01-14.11:27:04.694 [main            ] INFO  AbstractRaffleStrategy - 抽奖策略计算-责任链 xiaofuge 100006 102 rule_default
25-01-14.11:27:04.740 [main            ] INFO  RuleLockLogicTreeNode  - 规则过滤-次数锁 userId:xiaofuge strategyId:100006 awardId:102
25-01-14.11:27:04.741 [main            ] INFO  DecisionTreeEngine     - 决策树引擎【规则树】treeId:tree_lock node:rule_lock code:0000
25-01-14.11:27:04.793 [main            ] INFO  DecisionTreeEngine     - 决策树引擎【规则树】treeId:tree_lock node:rule_stock code:0001
25-01-14.11:27:04.793 [main            ] INFO  RuleLuckAwardLogicTreeNode - 规则过滤-兜底奖品 userId:xiaofuge strategyId:100006 awardId:102 ruleValue:101:1,100
25-01-14.11:27:04.793 [main            ] INFO  RuleLuckAwardLogicTreeNode - 规则过滤-兜底奖品 userId:xiaofuge strategyId:100006 awardId:101 awardRuleValue:1,100
25-01-14.11:27:04.794 [main            ] INFO  DecisionTreeEngine     - 决策树引擎【规则树】treeId:tree_lock node:rule_luck_award code:0001
25-01-14.11:27:04.794 [main            ] INFO  AbstractRaffleStrategy - 抽奖策略计算-规则树 xiaofuge 100006 101 1,100
25-01-14.11:27:05.092 [main            ] INFO  RaffleStrategyTest     - 请求参数：{"strategyId":100006,"userId":"xiaofuge"}
25-01-14.11:27:05.097 [main            ] INFO  RaffleStrategyTest     - 测试结果：{"awardConfig":"1,100","awardId":101}
25-01-14.11:27:05.107 [main            ] INFO  DefaultLogicChain      - 抽奖责任链-默认处理 userId: xiaofuge strategyId: 100006 ruleModel: rule_default awardId: 102
25-01-14.11:27:05.109 [main            ] INFO  AbstractRaffleStrategy - 抽奖策略计算-责任链 xiaofuge 100006 102 rule_default
25-01-14.11:27:05.124 [main            ] INFO  RuleLockLogicTreeNode  - 规则过滤-次数锁 userId:xiaofuge strategyId:100006 awardId:102
25-01-14.11:27:05.124 [main            ] INFO  DecisionTreeEngine     - 决策树引擎【规则树】treeId:tree_lock node:rule_lock code:0000
25-01-14.11:27:05.134 [main            ] INFO  DecisionTreeEngine     - 决策树引擎【规则树】treeId:tree_lock node:rule_stock code:0001
25-01-14.11:27:05.134 [main            ] INFO  RuleLuckAwardLogicTreeNode - 规则过滤-兜底奖品 userId:xiaofuge strategyId:100006 awardId:102 ruleValue:101:1,100
25-01-14.11:27:05.134 [main            ] INFO  RuleLuckAwardLogicTreeNode - 规则过滤-兜底奖品 userId:xiaofuge strategyId:100006 awardId:101 awardRuleValue:1,100
25-01-14.11:27:05.134 [main            ] INFO  DecisionTreeEngine     - 决策树引擎【规则树】treeId:tree_lock node:rule_luck_award code:0001
25-01-14.11:27:05.134 [main            ] INFO  AbstractRaffleStrategy - 抽奖策略计算-规则树 xiaofuge 100006 101 1,100
25-01-14.11:27:05.134 [main            ] INFO  RaffleStrategyTest     - 请求参数：{"strategyId":100006,"userId":"xiaofuge"}
25-01-14.11:27:05.134 [main            ] INFO  RaffleStrategyTest     - 测试结果：{"awardConfig":"1,100","awardId":101}
25-01-14.11:27:05.143 [main            ] INFO  DefaultLogicChain      - 抽奖责任链-默认处理 userId: xiaofuge strategyId: 100006 ruleModel: rule_default awardId: 102
25-01-14.11:27:05.143 [main            ] INFO  AbstractRaffleStrategy - 抽奖策略计算-责任链 xiaofuge 100006 102 rule_default
25-01-14.11:27:05.151 [main            ] INFO  RuleLockLogicTreeNode  - 规则过滤-次数锁 userId:xiaofuge strategyId:100006 awardId:102
25-01-14.11:27:05.151 [main            ] INFO  DecisionTreeEngine     - 决策树引擎【规则树】treeId:tree_lock node:rule_lock code:0000
25-01-14.11:27:05.160 [main            ] INFO  DecisionTreeEngine     - 决策树引擎【规则树】treeId:tree_lock node:rule_stock code:0001
25-01-14.11:27:05.160 [main            ] INFO  RuleLuckAwardLogicTreeNode - 规则过滤-兜底奖品 userId:xiaofuge strategyId:100006 awardId:102 ruleValue:101:1,100
25-01-14.11:27:05.160 [main            ] INFO  RuleLuckAwardLogicTreeNode - 规则过滤-兜底奖品 userId:xiaofuge strategyId:100006 awardId:101 awardRuleValue:1,100
25-01-14.11:27:05.160 [main            ] INFO  DecisionTreeEngine     - 决策树引擎【规则树】treeId:tree_lock node:rule_luck_award code:0001
25-01-14.11:27:05.161 [main            ] INFO  AbstractRaffleStrategy - 抽奖策略计算-规则树 xiaofuge 100006 101 1,100
25-01-14.11:27:05.161 [main            ] INFO  RaffleStrategyTest     - 请求参数：{"strategyId":100006,"userId":"xiaofuge"}
25-01-14.11:27:05.161 [main            ] INFO  RaffleStrategyTest     - 测试结果：{"awardConfig":"1,100","awardId":101}
25-01-14.11:28:17.618 [SpringApplicationShutdownHook] INFO  HikariDataSource       - HikariPool-1 - Shutdown initiated...
25-01-14.11:28:17.640 [SpringApplicationShutdownHook] INFO  HikariDataSource       - HikariPool-1 - Shutdown completed.
25-01-14.11:29:01.271 [main            ] INFO  RaffleStrategyTest     - Starting RaffleStrategyTest using Java 1.8.0_311 on liuguanzedeMBP with PID 7193 (started by carson in /Users/carson/Desktop/Microservice/big-market/big-market-app)
25-01-14.11:29:01.273 [main            ] INFO  RaffleStrategyTest     - The following 1 profile is active: "dev"
25-01-14.11:29:02.506 [main            ] INFO  RepositoryConfigurationDelegate - Multiple Spring Data modules found, entering strict repository configuration mode
25-01-14.11:29:02.511 [main            ] INFO  RepositoryConfigurationDelegate - Bootstrapping Spring Data Redis repositories in DEFAULT mode.
25-01-14.11:29:02.574 [main            ] INFO  RepositoryConfigurationDelegate - Finished Spring Data repository scanning in 25 ms. Found 0 Redis repository interfaces.
25-01-14.11:29:04.679 [main            ] INFO  Version                - Redisson 3.23.4
25-01-14.11:29:04.793 [main            ] WARN  DnsServerAddressStreamProviders - Can not find io.netty.resolver.dns.macos.MacOSDnsServerAddressStreamProvider in the classpath, fallback to system defaults. This may result in incorrect DNS resolutions on MacOS. Check whether you have a dependency on 'io.netty:netty-resolver-dns-native-macos'
25-01-14.11:29:05.202 [redisson-netty-2-4] INFO  MasterPubSubConnectionPool - 1 connections initialized for 127.0.0.1/127.0.0.1:16379
25-01-14.11:29:05.242 [redisson-netty-2-13] INFO  MasterConnectionPool   - 5 connections initialized for 127.0.0.1/127.0.0.1:16379
25-01-14.11:29:07.688 [main            ] INFO  EndpointLinksResolver  - Exposing 1 endpoint(s) beneath base path '/actuator'
25-01-14.11:29:07.788 [main            ] INFO  RaffleStrategyTest     - Started RaffleStrategyTest in 7.056 seconds (JVM running for 8.432)
25-01-14.11:29:08.445 [redisson-netty-2-6] ERROR CommandDecoder         - Unable to decode data. channel: [id: 0x29c1d801, L:/127.0.0.1:50958 - R:127.0.0.1/127.0.0.1:16379], reply: ReplayingDecoderByteBuf(ridx=7, widx=7), command: (GET), promise: java.util.concurrent.CompletableFuture@69e375bc[Not completed, 1 dependents], params: [strategy_award_count_key_100006_101]
com.esotericsoftware.kryo.KryoException: Encountered unregistered class ID: 49
	at com.esotericsoftware.kryo.util.DefaultClassResolver.readClass(DefaultClassResolver.java:159)
	at com.esotericsoftware.kryo.Kryo.readClass(Kryo.java:758)
	at com.esotericsoftware.kryo.Kryo.readClassAndObject(Kryo.java:869)
	at org.redisson.codec.Kryo5Codec$4.decode(Kryo5Codec.java:144)
	at org.redisson.client.handler.CommandDecoder.decode(CommandDecoder.java:394)
	at org.redisson.client.handler.CommandDecoder.decodeCommand(CommandDecoder.java:205)
	at org.redisson.client.handler.CommandDecoder.decode(CommandDecoder.java:144)
	at org.redisson.client.handler.CommandDecoder.decode(CommandDecoder.java:120)
	at io.netty.handler.codec.ByteToMessageDecoder.decodeRemovalReentryProtection(ByteToMessageDecoder.java:529)
	at io.netty.handler.codec.ReplayingDecoder.callDecode(ReplayingDecoder.java:366)
	at io.netty.handler.codec.ByteToMessageDecoder.channelRead(ByteToMessageDecoder.java:290)
	at io.netty.channel.AbstractChannelHandlerContext.invokeChannelRead(AbstractChannelHandlerContext.java:444)
	at io.netty.channel.AbstractChannelHandlerContext.invokeChannelRead(AbstractChannelHandlerContext.java:420)
	at io.netty.channel.AbstractChannelHandlerContext.fireChannelRead(AbstractChannelHandlerContext.java:412)
	at io.netty.channel.DefaultChannelPipeline$HeadContext.channelRead(DefaultChannelPipeline.java:1410)
	at io.netty.channel.AbstractChannelHandlerContext.invokeChannelRead(AbstractChannelHandlerContext.java:440)
	at io.netty.channel.AbstractChannelHandlerContext.invokeChannelRead(AbstractChannelHandlerContext.java:420)
	at io.netty.channel.DefaultChannelPipeline.fireChannelRead(DefaultChannelPipeline.java:919)
	at io.netty.channel.nio.AbstractNioByteChannel$NioByteUnsafe.read(AbstractNioByteChannel.java:166)
	at io.netty.channel.nio.NioEventLoop.processSelectedKey(NioEventLoop.java:788)
	at io.netty.channel.nio.NioEventLoop.processSelectedKeysOptimized(NioEventLoop.java:724)
	at io.netty.channel.nio.NioEventLoop.processSelectedKeys(NioEventLoop.java:650)
	at io.netty.channel.nio.NioEventLoop.run(NioEventLoop.java:562)
	at io.netty.util.concurrent.SingleThreadEventExecutor$4.run(SingleThreadEventExecutor.java:997)
	at io.netty.util.internal.ThreadExecutorMap$2.run(ThreadExecutorMap.java:74)
	at io.netty.util.concurrent.FastThreadLocalRunnable.run(FastThreadLocalRunnable.java:30)
	at java.lang.Thread.run(Thread.java:748)
25-01-14.11:29:08.457 [redisson-netty-2-6] ERROR ErrorsLoggingHandler   - Exception occured. Channel: [id: 0x29c1d801, L:/127.0.0.1:50958 - R:127.0.0.1/127.0.0.1:16379]
io.netty.handler.codec.DecoderException: com.esotericsoftware.kryo.KryoException: Encountered unregistered class ID: 49
	at io.netty.handler.codec.ReplayingDecoder.callDecode(ReplayingDecoder.java:421)
	at io.netty.handler.codec.ByteToMessageDecoder.channelRead(ByteToMessageDecoder.java:290)
	at io.netty.channel.AbstractChannelHandlerContext.invokeChannelRead(AbstractChannelHandlerContext.java:444)
	at io.netty.channel.AbstractChannelHandlerContext.invokeChannelRead(AbstractChannelHandlerContext.java:420)
	at io.netty.channel.AbstractChannelHandlerContext.fireChannelRead(AbstractChannelHandlerContext.java:412)
	at io.netty.channel.DefaultChannelPipeline$HeadContext.channelRead(DefaultChannelPipeline.java:1410)
	at io.netty.channel.AbstractChannelHandlerContext.invokeChannelRead(AbstractChannelHandlerContext.java:440)
	at io.netty.channel.AbstractChannelHandlerContext.invokeChannelRead(AbstractChannelHandlerContext.java:420)
	at io.netty.channel.DefaultChannelPipeline.fireChannelRead(DefaultChannelPipeline.java:919)
	at io.netty.channel.nio.AbstractNioByteChannel$NioByteUnsafe.read(AbstractNioByteChannel.java:166)
	at io.netty.channel.nio.NioEventLoop.processSelectedKey(NioEventLoop.java:788)
	at io.netty.channel.nio.NioEventLoop.processSelectedKeysOptimized(NioEventLoop.java:724)
	at io.netty.channel.nio.NioEventLoop.processSelectedKeys(NioEventLoop.java:650)
	at io.netty.channel.nio.NioEventLoop.run(NioEventLoop.java:562)
	at io.netty.util.concurrent.SingleThreadEventExecutor$4.run(SingleThreadEventExecutor.java:997)
	at io.netty.util.internal.ThreadExecutorMap$2.run(ThreadExecutorMap.java:74)
	at io.netty.util.concurrent.FastThreadLocalRunnable.run(FastThreadLocalRunnable.java:30)
	at java.lang.Thread.run(Thread.java:748)
Caused by: com.esotericsoftware.kryo.KryoException: Encountered unregistered class ID: 49
	at com.esotericsoftware.kryo.util.DefaultClassResolver.readClass(DefaultClassResolver.java:159)
	at com.esotericsoftware.kryo.Kryo.readClass(Kryo.java:758)
	at com.esotericsoftware.kryo.Kryo.readClassAndObject(Kryo.java:869)
	at org.redisson.codec.Kryo5Codec$4.decode(Kryo5Codec.java:144)
	at org.redisson.client.handler.CommandDecoder.decode(CommandDecoder.java:394)
	at org.redisson.client.handler.CommandDecoder.decodeCommand(CommandDecoder.java:205)
	at org.redisson.client.handler.CommandDecoder.decode(CommandDecoder.java:144)
	at org.redisson.client.handler.CommandDecoder.decode(CommandDecoder.java:120)
	at io.netty.handler.codec.ByteToMessageDecoder.decodeRemovalReentryProtection(ByteToMessageDecoder.java:529)
	at io.netty.handler.codec.ReplayingDecoder.callDecode(ReplayingDecoder.java:366)
	... 17 common frames omitted
25-01-14.11:30:36.033 [main            ] INFO  RaffleStrategyTest     - Starting RaffleStrategyTest using Java 1.8.0_311 on liuguanzedeMBP with PID 7256 (started by carson in /Users/carson/Desktop/Microservice/big-market/big-market-app)
25-01-14.11:30:36.034 [main            ] INFO  RaffleStrategyTest     - The following 1 profile is active: "dev"
25-01-14.11:30:37.734 [main            ] INFO  RepositoryConfigurationDelegate - Multiple Spring Data modules found, entering strict repository configuration mode
25-01-14.11:30:37.740 [main            ] INFO  RepositoryConfigurationDelegate - Bootstrapping Spring Data Redis repositories in DEFAULT mode.
25-01-14.11:30:37.830 [main            ] INFO  RepositoryConfigurationDelegate - Finished Spring Data repository scanning in 34 ms. Found 0 Redis repository interfaces.
25-01-14.11:30:40.771 [main            ] INFO  Version                - Redisson 3.23.4
25-01-14.11:30:40.887 [main            ] WARN  DnsServerAddressStreamProviders - Can not find io.netty.resolver.dns.macos.MacOSDnsServerAddressStreamProvider in the classpath, fallback to system defaults. This may result in incorrect DNS resolutions on MacOS. Check whether you have a dependency on 'io.netty:netty-resolver-dns-native-macos'
25-01-14.11:30:41.318 [redisson-netty-2-4] INFO  MasterPubSubConnectionPool - 1 connections initialized for 127.0.0.1/127.0.0.1:16379
25-01-14.11:30:41.373 [redisson-netty-2-13] INFO  MasterConnectionPool   - 5 connections initialized for 127.0.0.1/127.0.0.1:16379
25-01-14.11:30:44.184 [main            ] INFO  EndpointLinksResolver  - Exposing 1 endpoint(s) beneath base path '/actuator'
25-01-14.11:30:44.340 [main            ] INFO  RaffleStrategyTest     - Started RaffleStrategyTest in 8.972 seconds (JVM running for 10.631)
25-01-14.11:30:45.005 [scheduling-1    ] INFO  UpdateAwardStockJob    - 定时任务，更新奖品消耗库存【延迟队列获取，降低对数据库的更新频次，不要产生竞争】
25-01-14.11:30:45.055 [main            ] INFO  HikariDataSource       - HikariPool-1 - Starting...
25-01-14.11:30:45.952 [main            ] INFO  HikariDataSource       - HikariPool-1 - Start completed.
25-01-14.11:30:46.191 [main            ] INFO  RaffleStrategyTest     - 测试结果：true
25-01-14.11:30:46.217 [main            ] INFO  DefaultLogicChain      - 抽奖责任链-默认处理 userId: xiaofuge strategyId: 100006 ruleModel: rule_default awardId: 102
25-01-14.11:30:46.219 [main            ] INFO  AbstractRaffleStrategy - 抽奖策略计算-责任链 xiaofuge 100006 102 rule_default
25-01-14.11:30:46.256 [main            ] INFO  RuleLockLogicTreeNode  - 规则过滤-次数锁 userId:xiaofuge strategyId:100006 awardId:102
25-01-14.11:30:46.257 [main            ] INFO  DecisionTreeEngine     - 决策树引擎【规则树】treeId:tree_lock node:rule_lock code:0000
25-01-14.11:30:46.308 [main            ] INFO  DecisionTreeEngine     - 决策树引擎【规则树】treeId:tree_lock node:rule_stock code:0001
25-01-14.11:30:46.308 [main            ] INFO  RuleLuckAwardLogicTreeNode - 规则过滤-兜底奖品 userId:xiaofuge strategyId:100006 awardId:102 ruleValue:101:1,100
25-01-14.11:30:46.308 [main            ] INFO  RuleLuckAwardLogicTreeNode - 规则过滤-兜底奖品 userId:xiaofuge strategyId:100006 awardId:101 awardRuleValue:1,100
25-01-14.11:30:46.308 [main            ] INFO  DecisionTreeEngine     - 决策树引擎【规则树】treeId:tree_lock node:rule_luck_award code:0001
25-01-14.11:30:46.308 [main            ] INFO  AbstractRaffleStrategy - 抽奖策略计算-规则树 xiaofuge 100006 101 1,100
25-01-14.11:30:46.655 [main            ] INFO  RaffleStrategyTest     - 请求参数：{"strategyId":100006,"userId":"xiaofuge"}
25-01-14.11:30:46.662 [main            ] INFO  RaffleStrategyTest     - 测试结果：{"awardConfig":"1,100","awardId":101}
25-01-14.11:30:46.671 [main            ] INFO  DefaultLogicChain      - 抽奖责任链-默认处理 userId: xiaofuge strategyId: 100006 ruleModel: rule_default awardId: 102
25-01-14.11:30:46.671 [main            ] INFO  AbstractRaffleStrategy - 抽奖策略计算-责任链 xiaofuge 100006 102 rule_default
25-01-14.11:30:46.681 [main            ] INFO  RuleLockLogicTreeNode  - 规则过滤-次数锁 userId:xiaofuge strategyId:100006 awardId:102
25-01-14.11:30:46.682 [main            ] INFO  DecisionTreeEngine     - 决策树引擎【规则树】treeId:tree_lock node:rule_lock code:0000
25-01-14.11:30:46.690 [main            ] INFO  DecisionTreeEngine     - 决策树引擎【规则树】treeId:tree_lock node:rule_stock code:0001
25-01-14.11:30:46.691 [main            ] INFO  RuleLuckAwardLogicTreeNode - 规则过滤-兜底奖品 userId:xiaofuge strategyId:100006 awardId:102 ruleValue:101:1,100
25-01-14.11:30:46.691 [main            ] INFO  RuleLuckAwardLogicTreeNode - 规则过滤-兜底奖品 userId:xiaofuge strategyId:100006 awardId:101 awardRuleValue:1,100
25-01-14.11:30:46.691 [main            ] INFO  DecisionTreeEngine     - 决策树引擎【规则树】treeId:tree_lock node:rule_luck_award code:0001
25-01-14.11:30:46.691 [main            ] INFO  AbstractRaffleStrategy - 抽奖策略计算-规则树 xiaofuge 100006 101 1,100
25-01-14.11:30:46.691 [main            ] INFO  RaffleStrategyTest     - 请求参数：{"strategyId":100006,"userId":"xiaofuge"}
25-01-14.11:30:46.691 [main            ] INFO  RaffleStrategyTest     - 测试结果：{"awardConfig":"1,100","awardId":101}
25-01-14.11:30:46.699 [main            ] INFO  DefaultLogicChain      - 抽奖责任链-默认处理 userId: xiaofuge strategyId: 100006 ruleModel: rule_default awardId: 102
25-01-14.11:30:46.699 [main            ] INFO  AbstractRaffleStrategy - 抽奖策略计算-责任链 xiaofuge 100006 102 rule_default
25-01-14.11:30:46.706 [main            ] INFO  RuleLockLogicTreeNode  - 规则过滤-次数锁 userId:xiaofuge strategyId:100006 awardId:102
25-01-14.11:30:46.706 [main            ] INFO  DecisionTreeEngine     - 决策树引擎【规则树】treeId:tree_lock node:rule_lock code:0000
25-01-14.11:30:46.712 [main            ] INFO  DecisionTreeEngine     - 决策树引擎【规则树】treeId:tree_lock node:rule_stock code:0001
25-01-14.11:30:46.712 [main            ] INFO  RuleLuckAwardLogicTreeNode - 规则过滤-兜底奖品 userId:xiaofuge strategyId:100006 awardId:102 ruleValue:101:1,100
25-01-14.11:30:46.712 [main            ] INFO  RuleLuckAwardLogicTreeNode - 规则过滤-兜底奖品 userId:xiaofuge strategyId:100006 awardId:101 awardRuleValue:1,100
25-01-14.11:30:46.712 [main            ] INFO  DecisionTreeEngine     - 决策树引擎【规则树】treeId:tree_lock node:rule_luck_award code:0001
25-01-14.11:30:46.712 [main            ] INFO  AbstractRaffleStrategy - 抽奖策略计算-规则树 xiaofuge 100006 101 1,100
25-01-14.11:30:46.712 [main            ] INFO  RaffleStrategyTest     - 请求参数：{"strategyId":100006,"userId":"xiaofuge"}
25-01-14.11:30:46.712 [main            ] INFO  RaffleStrategyTest     - 测试结果：{"awardConfig":"1,100","awardId":101}
25-01-14.11:30:50.003 [scheduling-1    ] INFO  UpdateAwardStockJob    - 定时任务，更新奖品消耗库存【延迟队列获取，降低对数据库的更新频次，不要产生竞争】
25-01-14.11:30:50.009 [scheduling-1    ] INFO  UpdateAwardStockJob    - 定时任务，更新奖品消耗库存 strategyId:100006 awardId:102
25-01-14.11:30:55.000 [scheduling-1    ] INFO  UpdateAwardStockJob    - 定时任务，更新奖品消耗库存【延迟队列获取，降低对数据库的更新频次，不要产生竞争】
25-01-14.11:30:55.005 [scheduling-1    ] INFO  UpdateAwardStockJob    - 定时任务，更新奖品消耗库存 strategyId:100006 awardId:102
25-01-14.11:31:00.001 [scheduling-1    ] INFO  UpdateAwardStockJob    - 定时任务，更新奖品消耗库存【延迟队列获取，降低对数据库的更新频次，不要产生竞争】
25-01-14.11:31:00.005 [scheduling-1    ] INFO  UpdateAwardStockJob    - 定时任务，更新奖品消耗库存 strategyId:100006 awardId:102
25-01-14.11:31:05.003 [scheduling-1    ] INFO  UpdateAwardStockJob    - 定时任务，更新奖品消耗库存【延迟队列获取，降低对数据库的更新频次，不要产生竞争】
25-01-14.11:31:10.001 [scheduling-1    ] INFO  UpdateAwardStockJob    - 定时任务，更新奖品消耗库存【延迟队列获取，降低对数据库的更新频次，不要产生竞争】
25-01-14.11:31:15.003 [scheduling-1    ] INFO  UpdateAwardStockJob    - 定时任务，更新奖品消耗库存【延迟队列获取，降低对数据库的更新频次，不要产生竞争】
25-01-14.11:31:20.000 [scheduling-1    ] INFO  UpdateAwardStockJob    - 定时任务，更新奖品消耗库存【延迟队列获取，降低对数据库的更新频次，不要产生竞争】
25-01-14.11:31:25.002 [scheduling-1    ] INFO  UpdateAwardStockJob    - 定时任务，更新奖品消耗库存【延迟队列获取，降低对数据库的更新频次，不要产生竞争】
25-01-14.11:31:30.002 [scheduling-1    ] INFO  UpdateAwardStockJob    - 定时任务，更新奖品消耗库存【延迟队列获取，降低对数据库的更新频次，不要产生竞争】
25-01-14.11:31:35.003 [scheduling-1    ] INFO  UpdateAwardStockJob    - 定时任务，更新奖品消耗库存【延迟队列获取，降低对数据库的更新频次，不要产生竞争】
25-01-14.11:31:40.001 [scheduling-1    ] INFO  UpdateAwardStockJob    - 定时任务，更新奖品消耗库存【延迟队列获取，降低对数据库的更新频次，不要产生竞争】
25-01-14.11:31:45.000 [scheduling-1    ] INFO  UpdateAwardStockJob    - 定时任务，更新奖品消耗库存【延迟队列获取，降低对数据库的更新频次，不要产生竞争】
25-01-14.11:31:50.003 [scheduling-1    ] INFO  UpdateAwardStockJob    - 定时任务，更新奖品消耗库存【延迟队列获取，降低对数据库的更新频次，不要产生竞争】
25-01-14.11:31:55.000 [scheduling-1    ] INFO  UpdateAwardStockJob    - 定时任务，更新奖品消耗库存【延迟队列获取，降低对数据库的更新频次，不要产生竞争】
25-01-14.11:32:00.002 [scheduling-1    ] INFO  UpdateAwardStockJob    - 定时任务，更新奖品消耗库存【延迟队列获取，降低对数据库的更新频次，不要产生竞争】
25-01-14.11:32:05.001 [scheduling-1    ] INFO  UpdateAwardStockJob    - 定时任务，更新奖品消耗库存【延迟队列获取，降低对数据库的更新频次，不要产生竞争】
25-01-14.11:32:10.004 [scheduling-1    ] INFO  UpdateAwardStockJob    - 定时任务，更新奖品消耗库存【延迟队列获取，降低对数据库的更新频次，不要产生竞争】
25-01-14.11:32:15.005 [scheduling-1    ] INFO  UpdateAwardStockJob    - 定时任务，更新奖品消耗库存【延迟队列获取，降低对数据库的更新频次，不要产生竞争】
25-01-14.11:32:20.005 [scheduling-1    ] INFO  UpdateAwardStockJob    - 定时任务，更新奖品消耗库存【延迟队列获取，降低对数据库的更新频次，不要产生竞争】
25-01-14.11:32:25.003 [scheduling-1    ] INFO  UpdateAwardStockJob    - 定时任务，更新奖品消耗库存【延迟队列获取，降低对数据库的更新频次，不要产生竞争】
25-01-14.11:32:30.001 [scheduling-1    ] INFO  UpdateAwardStockJob    - 定时任务，更新奖品消耗库存【延迟队列获取，降低对数据库的更新频次，不要产生竞争】
25-01-14.11:32:35.003 [scheduling-1    ] INFO  UpdateAwardStockJob    - 定时任务，更新奖品消耗库存【延迟队列获取，降低对数据库的更新频次，不要产生竞争】
25-01-14.11:32:40.005 [scheduling-1    ] INFO  UpdateAwardStockJob    - 定时任务，更新奖品消耗库存【延迟队列获取，降低对数据库的更新频次，不要产生竞争】
25-01-14.11:32:45.004 [scheduling-1    ] INFO  UpdateAwardStockJob    - 定时任务，更新奖品消耗库存【延迟队列获取，降低对数据库的更新频次，不要产生竞争】
25-01-14.11:32:50.003 [scheduling-1    ] INFO  UpdateAwardStockJob    - 定时任务，更新奖品消耗库存【延迟队列获取，降低对数据库的更新频次，不要产生竞争】
25-01-14.11:32:55.002 [scheduling-1    ] INFO  UpdateAwardStockJob    - 定时任务，更新奖品消耗库存【延迟队列获取，降低对数据库的更新频次，不要产生竞争】
25-01-14.11:33:00.003 [scheduling-1    ] INFO  UpdateAwardStockJob    - 定时任务，更新奖品消耗库存【延迟队列获取，降低对数据库的更新频次，不要产生竞争】
25-01-14.11:33:05.003 [scheduling-1    ] INFO  UpdateAwardStockJob    - 定时任务，更新奖品消耗库存【延迟队列获取，降低对数据库的更新频次，不要产生竞争】
25-01-14.11:33:10.003 [scheduling-1    ] INFO  UpdateAwardStockJob    - 定时任务，更新奖品消耗库存【延迟队列获取，降低对数据库的更新频次，不要产生竞争】
25-01-14.11:33:15.002 [scheduling-1    ] INFO  UpdateAwardStockJob    - 定时任务，更新奖品消耗库存【延迟队列获取，降低对数据库的更新频次，不要产生竞争】
25-01-14.11:33:20.002 [scheduling-1    ] INFO  UpdateAwardStockJob    - 定时任务，更新奖品消耗库存【延迟队列获取，降低对数据库的更新频次，不要产生竞争】
25-01-14.11:33:25.005 [scheduling-1    ] INFO  UpdateAwardStockJob    - 定时任务，更新奖品消耗库存【延迟队列获取，降低对数据库的更新频次，不要产生竞争】
25-01-14.11:33:30.001 [scheduling-1    ] INFO  UpdateAwardStockJob    - 定时任务，更新奖品消耗库存【延迟队列获取，降低对数据库的更新频次，不要产生竞争】
25-01-14.11:33:35.000 [scheduling-1    ] INFO  UpdateAwardStockJob    - 定时任务，更新奖品消耗库存【延迟队列获取，降低对数据库的更新频次，不要产生竞争】
25-01-14.11:33:40.001 [scheduling-1    ] INFO  UpdateAwardStockJob    - 定时任务，更新奖品消耗库存【延迟队列获取，降低对数据库的更新频次，不要产生竞争】
25-01-14.11:33:45.003 [scheduling-1    ] INFO  UpdateAwardStockJob    - 定时任务，更新奖品消耗库存【延迟队列获取，降低对数据库的更新频次，不要产生竞争】
25-01-14.11:33:50.004 [scheduling-1    ] INFO  UpdateAwardStockJob    - 定时任务，更新奖品消耗库存【延迟队列获取，降低对数据库的更新频次，不要产生竞争】
25-01-14.11:33:55.004 [scheduling-1    ] INFO  UpdateAwardStockJob    - 定时任务，更新奖品消耗库存【延迟队列获取，降低对数据库的更新频次，不要产生竞争】
25-01-14.11:34:00.004 [scheduling-1    ] INFO  UpdateAwardStockJob    - 定时任务，更新奖品消耗库存【延迟队列获取，降低对数据库的更新频次，不要产生竞争】
25-01-14.11:34:05.005 [scheduling-1    ] INFO  UpdateAwardStockJob    - 定时任务，更新奖品消耗库存【延迟队列获取，降低对数据库的更新频次，不要产生竞争】
25-01-14.11:34:10.004 [scheduling-1    ] INFO  UpdateAwardStockJob    - 定时任务，更新奖品消耗库存【延迟队列获取，降低对数据库的更新频次，不要产生竞争】
25-01-14.11:34:15.005 [scheduling-1    ] INFO  UpdateAwardStockJob    - 定时任务，更新奖品消耗库存【延迟队列获取，降低对数据库的更新频次，不要产生竞争】
25-01-14.11:34:20.003 [scheduling-1    ] INFO  UpdateAwardStockJob    - 定时任务，更新奖品消耗库存【延迟队列获取，降低对数据库的更新频次，不要产生竞争】
25-01-14.11:34:25.002 [scheduling-1    ] INFO  UpdateAwardStockJob    - 定时任务，更新奖品消耗库存【延迟队列获取，降低对数据库的更新频次，不要产生竞争】
25-01-14.11:34:30.001 [scheduling-1    ] INFO  UpdateAwardStockJob    - 定时任务，更新奖品消耗库存【延迟队列获取，降低对数据库的更新频次，不要产生竞争】
25-01-14.11:34:35.000 [scheduling-1    ] INFO  UpdateAwardStockJob    - 定时任务，更新奖品消耗库存【延迟队列获取，降低对数据库的更新频次，不要产生竞争】
25-01-14.11:34:40.003 [scheduling-1    ] INFO  UpdateAwardStockJob    - 定时任务，更新奖品消耗库存【延迟队列获取，降低对数据库的更新频次，不要产生竞争】
25-01-14.11:34:45.004 [scheduling-1    ] INFO  UpdateAwardStockJob    - 定时任务，更新奖品消耗库存【延迟队列获取，降低对数据库的更新频次，不要产生竞争】
25-01-14.11:34:50.004 [scheduling-1    ] INFO  UpdateAwardStockJob    - 定时任务，更新奖品消耗库存【延迟队列获取，降低对数据库的更新频次，不要产生竞争】
25-01-14.11:34:55.003 [scheduling-1    ] INFO  UpdateAwardStockJob    - 定时任务，更新奖品消耗库存【延迟队列获取，降低对数据库的更新频次，不要产生竞争】
25-01-14.11:35:00.002 [scheduling-1    ] INFO  UpdateAwardStockJob    - 定时任务，更新奖品消耗库存【延迟队列获取，降低对数据库的更新频次，不要产生竞争】
25-01-14.11:35:05.000 [scheduling-1    ] INFO  UpdateAwardStockJob    - 定时任务，更新奖品消耗库存【延迟队列获取，降低对数据库的更新频次，不要产生竞争】
25-01-14.11:35:10.000 [scheduling-1    ] INFO  UpdateAwardStockJob    - 定时任务，更新奖品消耗库存【延迟队列获取，降低对数据库的更新频次，不要产生竞争】
25-01-14.11:35:15.000 [scheduling-1    ] INFO  UpdateAwardStockJob    - 定时任务，更新奖品消耗库存【延迟队列获取，降低对数据库的更新频次，不要产生竞争】
25-01-14.11:35:20.005 [scheduling-1    ] INFO  UpdateAwardStockJob    - 定时任务，更新奖品消耗库存【延迟队列获取，降低对数据库的更新频次，不要产生竞争】
25-01-14.11:35:25.001 [scheduling-1    ] INFO  UpdateAwardStockJob    - 定时任务，更新奖品消耗库存【延迟队列获取，降低对数据库的更新频次，不要产生竞争】
25-01-14.11:35:30.003 [scheduling-1    ] INFO  UpdateAwardStockJob    - 定时任务，更新奖品消耗库存【延迟队列获取，降低对数据库的更新频次，不要产生竞争】
25-01-14.11:35:35.003 [scheduling-1    ] INFO  UpdateAwardStockJob    - 定时任务，更新奖品消耗库存【延迟队列获取，降低对数据库的更新频次，不要产生竞争】
25-01-14.11:35:37.608 [SpringApplicationShutdownHook] INFO  HikariDataSource       - HikariPool-1 - Shutdown initiated...
25-01-14.11:35:37.626 [SpringApplicationShutdownHook] INFO  HikariDataSource       - HikariPool-1 - Shutdown completed.
25-01-14.12:10:37.920 [main            ] INFO  RaffleStrategyTest     - Starting RaffleStrategyTest using Java 1.8.0_311 on liuguanzedeMBP with PID 8883 (started by carson in /Users/carson/Desktop/Microservice/big-market/big-market-app)
25-01-14.12:10:37.922 [main            ] INFO  RaffleStrategyTest     - The following 1 profile is active: "dev"
25-01-14.12:10:39.189 [main            ] INFO  RepositoryConfigurationDelegate - Multiple Spring Data modules found, entering strict repository configuration mode
25-01-14.12:10:39.210 [main            ] INFO  RepositoryConfigurationDelegate - Bootstrapping Spring Data Redis repositories in DEFAULT mode.
25-01-14.12:10:39.269 [main            ] INFO  RepositoryConfigurationDelegate - Finished Spring Data repository scanning in 31 ms. Found 0 Redis repository interfaces.
25-01-14.12:10:41.303 [main            ] INFO  Version                - Redisson 3.23.4
25-01-14.12:10:41.434 [main            ] WARN  DnsServerAddressStreamProviders - Can not find io.netty.resolver.dns.macos.MacOSDnsServerAddressStreamProvider in the classpath, fallback to system defaults. This may result in incorrect DNS resolutions on MacOS. Check whether you have a dependency on 'io.netty:netty-resolver-dns-native-macos'
25-01-14.12:10:41.849 [redisson-netty-2-4] INFO  MasterPubSubConnectionPool - 1 connections initialized for 127.0.0.1/127.0.0.1:16379
25-01-14.12:10:41.883 [redisson-netty-2-13] INFO  MasterConnectionPool   - 5 connections initialized for 127.0.0.1/127.0.0.1:16379
25-01-14.12:10:44.438 [main            ] INFO  EndpointLinksResolver  - Exposing 1 endpoint(s) beneath base path '/actuator'
25-01-14.12:10:44.518 [main            ] INFO  RaffleStrategyTest     - Started RaffleStrategyTest in 7.341 seconds (JVM running for 8.631)
25-01-14.12:10:45.001 [scheduling-1    ] INFO  UpdateAwardStockJob    - 定时任务，更新奖品消耗库存【延迟队列获取，降低对数据库的更新频次，不要产生竞争】
25-01-14.12:10:45.084 [main            ] INFO  HikariDataSource       - HikariPool-1 - Starting...
25-01-14.12:10:45.727 [main            ] INFO  HikariDataSource       - HikariPool-1 - Start completed.
25-01-14.12:10:45.961 [main            ] INFO  RaffleStrategyTest     - 测试结果：true
25-01-14.12:10:45.994 [main            ] INFO  DefaultLogicChain      - 抽奖责任链-默认处理 userId: xiaofuge strategyId: 100006 ruleModel: rule_default awardId: 102
25-01-14.12:10:45.996 [main            ] INFO  AbstractRaffleStrategy - 抽奖策略计算-责任链 xiaofuge 100006 102 rule_default
25-01-14.12:10:46.038 [main            ] INFO  RuleLockLogicTreeNode  - 规则过滤-次数锁 userId:xiaofuge strategyId:100006 awardId:102 ruleValue:1
25-01-14.12:10:46.039 [main            ] INFO  DecisionTreeEngine     - 决策树引擎【规则树】treeId:tree_lock node:rule_lock code:0000
25-01-14.12:10:46.091 [main            ] INFO  DecisionTreeEngine     - 决策树引擎【规则树】treeId:tree_lock node:rule_stock code:0001
25-01-14.12:10:46.091 [main            ] INFO  RuleLuckAwardLogicTreeNode - 规则过滤-兜底奖品 userId:xiaofuge strategyId:100006 awardId:102 ruleValue:101:1,100
25-01-14.12:10:46.091 [main            ] INFO  RuleLuckAwardLogicTreeNode - 规则过滤-兜底奖品 userId:xiaofuge strategyId:100006 awardId:101 awardRuleValue:1,100
25-01-14.12:10:46.091 [main            ] INFO  DecisionTreeEngine     - 决策树引擎【规则树】treeId:tree_lock node:rule_luck_award code:0001
25-01-14.12:10:46.092 [main            ] INFO  AbstractRaffleStrategy - 抽奖策略计算-规则树 xiaofuge 100006 101 1,100
25-01-14.12:10:46.414 [main            ] INFO  RaffleStrategyTest     - 请求参数：{"strategyId":100006,"userId":"xiaofuge"}
25-01-14.12:10:46.422 [main            ] INFO  RaffleStrategyTest     - 测试结果：{"awardConfig":"1,100","awardId":101}
25-01-14.12:10:46.433 [main            ] INFO  DefaultLogicChain      - 抽奖责任链-默认处理 userId: xiaofuge strategyId: 100006 ruleModel: rule_default awardId: 102
25-01-14.12:10:46.435 [main            ] INFO  AbstractRaffleStrategy - 抽奖策略计算-责任链 xiaofuge 100006 102 rule_default
25-01-14.12:10:46.448 [main            ] INFO  RuleLockLogicTreeNode  - 规则过滤-次数锁 userId:xiaofuge strategyId:100006 awardId:102 ruleValue:1
25-01-14.12:10:46.449 [main            ] INFO  DecisionTreeEngine     - 决策树引擎【规则树】treeId:tree_lock node:rule_lock code:0000
25-01-14.12:10:46.460 [main            ] INFO  DecisionTreeEngine     - 决策树引擎【规则树】treeId:tree_lock node:rule_stock code:0001
25-01-14.12:10:46.460 [main            ] INFO  RuleLuckAwardLogicTreeNode - 规则过滤-兜底奖品 userId:xiaofuge strategyId:100006 awardId:102 ruleValue:101:1,100
25-01-14.12:10:46.460 [main            ] INFO  RuleLuckAwardLogicTreeNode - 规则过滤-兜底奖品 userId:xiaofuge strategyId:100006 awardId:101 awardRuleValue:1,100
25-01-14.12:10:46.460 [main            ] INFO  DecisionTreeEngine     - 决策树引擎【规则树】treeId:tree_lock node:rule_luck_award code:0001
25-01-14.12:10:46.460 [main            ] INFO  AbstractRaffleStrategy - 抽奖策略计算-规则树 xiaofuge 100006 101 1,100
25-01-14.12:10:46.460 [main            ] INFO  RaffleStrategyTest     - 请求参数：{"strategyId":100006,"userId":"xiaofuge"}
25-01-14.12:10:46.460 [main            ] INFO  RaffleStrategyTest     - 测试结果：{"awardConfig":"1,100","awardId":101}
25-01-14.12:10:46.469 [main            ] INFO  DefaultLogicChain      - 抽奖责任链-默认处理 userId: xiaofuge strategyId: 100006 ruleModel: rule_default awardId: 102
25-01-14.12:10:46.469 [main            ] INFO  AbstractRaffleStrategy - 抽奖策略计算-责任链 xiaofuge 100006 102 rule_default
25-01-14.12:10:46.480 [main            ] INFO  RuleLockLogicTreeNode  - 规则过滤-次数锁 userId:xiaofuge strategyId:100006 awardId:102 ruleValue:1
25-01-14.12:10:46.480 [main            ] INFO  DecisionTreeEngine     - 决策树引擎【规则树】treeId:tree_lock node:rule_lock code:0000
25-01-14.12:10:46.490 [main            ] INFO  DecisionTreeEngine     - 决策树引擎【规则树】treeId:tree_lock node:rule_stock code:0001
25-01-14.12:10:46.490 [main            ] INFO  RuleLuckAwardLogicTreeNode - 规则过滤-兜底奖品 userId:xiaofuge strategyId:100006 awardId:102 ruleValue:101:1,100
25-01-14.12:10:46.490 [main            ] INFO  RuleLuckAwardLogicTreeNode - 规则过滤-兜底奖品 userId:xiaofuge strategyId:100006 awardId:101 awardRuleValue:1,100
25-01-14.12:10:46.490 [main            ] INFO  DecisionTreeEngine     - 决策树引擎【规则树】treeId:tree_lock node:rule_luck_award code:0001
25-01-14.12:10:46.490 [main            ] INFO  AbstractRaffleStrategy - 抽奖策略计算-规则树 xiaofuge 100006 101 1,100
25-01-14.12:10:46.491 [main            ] INFO  RaffleStrategyTest     - 请求参数：{"strategyId":100006,"userId":"xiaofuge"}
25-01-14.12:10:46.491 [main            ] INFO  RaffleStrategyTest     - 测试结果：{"awardConfig":"1,100","awardId":101}
25-01-14.12:10:50.001 [scheduling-1    ] INFO  UpdateAwardStockJob    - 定时任务，更新奖品消耗库存【延迟队列获取，降低对数据库的更新频次，不要产生竞争】
25-01-14.12:10:50.008 [scheduling-1    ] INFO  UpdateAwardStockJob    - 定时任务，更新奖品消耗库存 strategyId:100006 awardId:102
25-01-14.12:10:55.004 [scheduling-1    ] INFO  UpdateAwardStockJob    - 定时任务，更新奖品消耗库存【延迟队列获取，降低对数据库的更新频次，不要产生竞争】
25-01-14.12:10:55.009 [scheduling-1    ] INFO  UpdateAwardStockJob    - 定时任务，更新奖品消耗库存 strategyId:100006 awardId:102
25-01-14.12:11:00.148 [scheduling-1    ] INFO  UpdateAwardStockJob    - 定时任务，更新奖品消耗库存【延迟队列获取，降低对数据库的更新频次，不要产生竞争】
25-01-14.12:11:00.152 [scheduling-1    ] INFO  UpdateAwardStockJob    - 定时任务，更新奖品消耗库存 strategyId:100006 awardId:102
25-01-14.12:11:05.005 [scheduling-1    ] INFO  UpdateAwardStockJob    - 定时任务，更新奖品消耗库存【延迟队列获取，降低对数据库的更新频次，不要产生竞争】
25-01-14.12:11:08.993 [SpringApplicationShutdownHook] INFO  HikariDataSource       - HikariPool-1 - Shutdown initiated...
25-01-14.12:11:09.014 [SpringApplicationShutdownHook] INFO  HikariDataSource       - HikariPool-1 - Shutdown completed.
