25-01-15.08:52:35.174 [main            ] INFO  RaffleStrategyTest     - Starting RaffleStrategyTest using Java 1.8.0_311 on liuguanzedeMBP with PID 1138 (started by carson in /Users/carson/Desktop/Microservice/big-market/big-market-app)
25-01-15.08:52:35.176 [main            ] INFO  RaffleStrategyTest     - The following 1 profile is active: "dev"
25-01-15.08:52:36.603 [main            ] INFO  RepositoryConfigurationDelegate - Multiple Spring Data modules found, entering strict repository configuration mode
25-01-15.08:52:36.610 [main            ] INFO  RepositoryConfigurationDelegate - Bootstrapping Spring Data Redis repositories in DEFAULT mode.
25-01-15.08:52:36.693 [main            ] INFO  RepositoryConfigurationDelegate - Finished Spring Data repository scanning in 50 ms. Found 0 Redis repository interfaces.
25-01-15.08:52:39.233 [main            ] INFO  Version                - Redisson 3.23.4
25-01-15.08:52:39.371 [main            ] WARN  DnsServerAddressStreamProviders - Can not find io.netty.resolver.dns.macos.MacOSDnsServerAddressStreamProvider in the classpath, fallback to system defaults. This may result in incorrect DNS resolutions on MacOS. Check whether you have a dependency on 'io.netty:netty-resolver-dns-native-macos'
25-01-15.08:52:39.852 [redisson-netty-2-4] INFO  MasterPubSubConnectionPool - 1 connections initialized for 127.0.0.1/127.0.0.1:16379
25-01-15.08:52:39.888 [redisson-netty-2-13] INFO  MasterConnectionPool   - 5 connections initialized for 127.0.0.1/127.0.0.1:16379
25-01-15.08:52:43.612 [main            ] INFO  EndpointLinksResolver  - Exposing 1 endpoint(s) beneath base path '/actuator'
25-01-15.08:52:43.734 [main            ] INFO  RaffleStrategyTest     - Started RaffleStrategyTest in 9.203 seconds (JVM running for 10.879)
25-01-15.08:52:44.186 [main            ] INFO  HikariDataSource       - HikariPool-1 - Starting...
25-01-15.08:52:44.881 [main            ] INFO  HikariDataSource       - HikariPool-1 - Start completed.
25-01-15.08:52:45.001 [scheduling-1    ] INFO  UpdateAwardStockJob    - 定时任务，更新奖品消耗库存【延迟队列获取，降低对数据库的更新频次，不要产生竞争】
25-01-15.08:52:45.221 [main            ] INFO  RaffleStrategyTest     - 测试结果：true
25-01-15.08:52:45.255 [main            ] INFO  DefaultLogicChain      - 抽奖责任链-默认处理 userId: xiaofuge strategyId: 100006 ruleModel: rule_default awardId: 102
25-01-15.08:52:45.256 [main            ] INFO  AbstractRaffleStrategy - 抽奖策略计算-责任链 xiaofuge 100006 102 rule_default
25-01-15.08:52:45.307 [main            ] INFO  RuleLockLogicTreeNode  - 规则过滤-次数锁 userId:xiaofuge strategyId:100006 awardId:102 ruleValue:1
25-01-15.08:52:45.309 [main            ] INFO  DecisionTreeEngine     - 决策树引擎【规则树】treeId:tree_lock node:rule_lock code:0000
25-01-15.08:52:45.355 [main            ] INFO  DecisionTreeEngine     - 决策树引擎【规则树】treeId:tree_lock node:rule_stock code:0001
25-01-15.08:52:45.444 [SpringApplicationShutdownHook] INFO  HikariDataSource       - HikariPool-1 - Shutdown initiated...
25-01-15.08:52:45.498 [SpringApplicationShutdownHook] INFO  HikariDataSource       - HikariPool-1 - Shutdown completed.
25-01-15.08:53:46.296 [main            ] INFO  RaffleStrategyTest     - Starting RaffleStrategyTest using Java 1.8.0_311 on liuguanzedeMBP with PID 1207 (started by carson in /Users/carson/Desktop/Microservice/big-market/big-market-app)
25-01-15.08:53:46.298 [main            ] INFO  RaffleStrategyTest     - The following 1 profile is active: "dev"
25-01-15.08:53:47.726 [main            ] INFO  RepositoryConfigurationDelegate - Multiple Spring Data modules found, entering strict repository configuration mode
25-01-15.08:53:47.733 [main            ] INFO  RepositoryConfigurationDelegate - Bootstrapping Spring Data Redis repositories in DEFAULT mode.
25-01-15.08:53:47.873 [main            ] INFO  RepositoryConfigurationDelegate - Finished Spring Data repository scanning in 44 ms. Found 0 Redis repository interfaces.
25-01-15.08:53:50.011 [main            ] INFO  Version                - Redisson 3.23.4
25-01-15.08:53:50.138 [main            ] WARN  DnsServerAddressStreamProviders - Can not find io.netty.resolver.dns.macos.MacOSDnsServerAddressStreamProvider in the classpath, fallback to system defaults. This may result in incorrect DNS resolutions on MacOS. Check whether you have a dependency on 'io.netty:netty-resolver-dns-native-macos'
25-01-15.08:53:50.592 [redisson-netty-2-5] INFO  MasterPubSubConnectionPool - 1 connections initialized for 127.0.0.1/127.0.0.1:16379
25-01-15.08:53:50.623 [redisson-netty-2-13] INFO  MasterConnectionPool   - 5 connections initialized for 127.0.0.1/127.0.0.1:16379
25-01-15.08:53:53.313 [main            ] INFO  EndpointLinksResolver  - Exposing 1 endpoint(s) beneath base path '/actuator'
25-01-15.08:53:53.423 [main            ] INFO  RaffleStrategyTest     - Started RaffleStrategyTest in 7.737 seconds (JVM running for 9.52)
25-01-15.08:53:54.181 [main            ] INFO  HikariDataSource       - HikariPool-1 - Starting...
25-01-15.08:53:54.780 [main            ] INFO  HikariDataSource       - HikariPool-1 - Start completed.
25-01-15.08:53:55.006 [scheduling-1    ] INFO  UpdateAwardStockJob    - 定时任务，更新奖品消耗库存【延迟队列获取，降低对数据库的更新频次，不要产生竞争】
25-01-15.08:53:55.041 [main            ] INFO  RaffleStrategyTest     - 测试结果：true
25-01-15.08:53:55.071 [main            ] INFO  DefaultLogicChain      - 抽奖责任链-默认处理 userId: xiaofuge strategyId: 100006 ruleModel: rule_default awardId: 102
25-01-15.08:53:55.073 [main            ] INFO  AbstractRaffleStrategy - 抽奖策略计算-责任链 xiaofuge 100006 102 rule_default
25-01-15.08:53:55.121 [main            ] INFO  RuleLockLogicTreeNode  - 规则过滤-次数锁 userId:xiaofuge strategyId:100006 awardId:102 ruleValue:1
25-01-15.08:53:55.123 [main            ] INFO  DecisionTreeEngine     - 决策树引擎【规则树】treeId:tree_lock node:rule_lock code:0000
25-01-15.08:53:55.198 [main            ] INFO  DecisionTreeEngine     - 决策树引擎【规则树】treeId:tree_lock node:rule_stock code:0001
25-01-15.08:53:55.291 [SpringApplicationShutdownHook] INFO  HikariDataSource       - HikariPool-1 - Shutdown initiated...
25-01-15.08:53:55.354 [SpringApplicationShutdownHook] INFO  HikariDataSource       - HikariPool-1 - Shutdown completed.
25-01-15.08:55:19.036 [main            ] INFO  RaffleStrategyTest     - Starting RaffleStrategyTest using Java 1.8.0_311 on liuguanzedeMBP with PID 1261 (started by carson in /Users/carson/Desktop/Microservice/big-market/big-market-app)
25-01-15.08:55:19.038 [main            ] INFO  RaffleStrategyTest     - The following 1 profile is active: "dev"
25-01-15.08:55:20.429 [main            ] INFO  RepositoryConfigurationDelegate - Multiple Spring Data modules found, entering strict repository configuration mode
25-01-15.08:55:20.434 [main            ] INFO  RepositoryConfigurationDelegate - Bootstrapping Spring Data Redis repositories in DEFAULT mode.
25-01-15.08:55:20.496 [main            ] INFO  RepositoryConfigurationDelegate - Finished Spring Data repository scanning in 34 ms. Found 0 Redis repository interfaces.
25-01-15.08:55:22.870 [main            ] INFO  Version                - Redisson 3.23.4
25-01-15.08:55:22.990 [main            ] WARN  DnsServerAddressStreamProviders - Can not find io.netty.resolver.dns.macos.MacOSDnsServerAddressStreamProvider in the classpath, fallback to system defaults. This may result in incorrect DNS resolutions on MacOS. Check whether you have a dependency on 'io.netty:netty-resolver-dns-native-macos'
25-01-15.08:55:23.470 [redisson-netty-2-5] INFO  MasterPubSubConnectionPool - 1 connections initialized for 127.0.0.1/127.0.0.1:16379
25-01-15.08:55:23.503 [redisson-netty-2-13] INFO  MasterConnectionPool   - 5 connections initialized for 127.0.0.1/127.0.0.1:16379
25-01-15.08:55:25.809 [main            ] INFO  EndpointLinksResolver  - Exposing 1 endpoint(s) beneath base path '/actuator'
25-01-15.08:55:25.891 [main            ] INFO  RaffleStrategyTest     - Started RaffleStrategyTest in 7.501 seconds (JVM running for 9.498)
25-01-15.08:55:26.456 [main            ] INFO  HikariDataSource       - HikariPool-1 - Starting...
25-01-15.08:55:27.065 [main            ] INFO  HikariDataSource       - HikariPool-1 - Start completed.
25-01-15.08:55:27.345 [main            ] INFO  RaffleStrategyTest     - 测试结果：true
25-01-15.08:55:27.381 [main            ] INFO  DefaultLogicChain      - 抽奖责任链-默认处理 userId: xiaofuge strategyId: 100006 ruleModel: rule_default awardId: 102
25-01-15.08:55:27.383 [main            ] INFO  AbstractRaffleStrategy - 抽奖策略计算-责任链 xiaofuge 100006 102 rule_default
25-01-15.08:55:27.430 [main            ] INFO  RuleLockLogicTreeNode  - 规则过滤-次数锁 userId:xiaofuge strategyId:100006 awardId:102 ruleValue:1
25-01-15.08:55:27.432 [main            ] INFO  DecisionTreeEngine     - 决策树引擎【规则树】treeId:tree_lock node:rule_lock code:0000
25-01-15.08:55:27.486 [main            ] INFO  DecisionTreeEngine     - 决策树引擎【规则树】treeId:tree_lock node:rule_stock code:0001
25-01-15.08:55:27.487 [main            ] INFO  RuleLuckAwardLogicTreeNode - 规则过滤-兜底奖品 userId:xiaofuge strategyId:100006 awardId:102 ruleValue:101:1,100
25-01-15.08:55:27.487 [main            ] INFO  RuleLuckAwardLogicTreeNode - 规则过滤-兜底奖品 userId:xiaofuge strategyId:100006 awardId:101 awardRuleValue:1,100
25-01-15.08:55:27.487 [main            ] INFO  DecisionTreeEngine     - 决策树引擎【规则树】treeId:tree_lock node:rule_luck_award code:0001
25-01-15.08:55:27.488 [main            ] INFO  AbstractRaffleStrategy - 抽奖策略计算-规则树 xiaofuge 100006 101 1,100
25-01-15.08:55:27.785 [main            ] INFO  RaffleStrategyTest     - 请求参数：{"strategyId":100006,"userId":"xiaofuge"}
25-01-15.08:55:27.790 [main            ] INFO  RaffleStrategyTest     - 测试结果：{"awardConfig":"1,100","awardId":101}
25-01-15.08:55:27.805 [main            ] INFO  DefaultLogicChain      - 抽奖责任链-默认处理 userId: xiaofuge strategyId: 100006 ruleModel: rule_default awardId: 102
25-01-15.08:55:27.805 [main            ] INFO  AbstractRaffleStrategy - 抽奖策略计算-责任链 xiaofuge 100006 102 rule_default
25-01-15.08:55:27.823 [main            ] INFO  RuleLockLogicTreeNode  - 规则过滤-次数锁 userId:xiaofuge strategyId:100006 awardId:102 ruleValue:1
25-01-15.08:55:27.824 [main            ] INFO  DecisionTreeEngine     - 决策树引擎【规则树】treeId:tree_lock node:rule_lock code:0000
25-01-15.08:55:27.836 [main            ] INFO  DecisionTreeEngine     - 决策树引擎【规则树】treeId:tree_lock node:rule_stock code:0001
25-01-15.08:55:27.836 [main            ] INFO  RuleLuckAwardLogicTreeNode - 规则过滤-兜底奖品 userId:xiaofuge strategyId:100006 awardId:102 ruleValue:101:1,100
25-01-15.08:55:27.836 [main            ] INFO  RuleLuckAwardLogicTreeNode - 规则过滤-兜底奖品 userId:xiaofuge strategyId:100006 awardId:101 awardRuleValue:1,100
25-01-15.08:55:27.836 [main            ] INFO  DecisionTreeEngine     - 决策树引擎【规则树】treeId:tree_lock node:rule_luck_award code:0001
25-01-15.08:55:27.836 [main            ] INFO  AbstractRaffleStrategy - 抽奖策略计算-规则树 xiaofuge 100006 101 1,100
25-01-15.08:55:27.837 [main            ] INFO  RaffleStrategyTest     - 请求参数：{"strategyId":100006,"userId":"xiaofuge"}
25-01-15.08:55:27.837 [main            ] INFO  RaffleStrategyTest     - 测试结果：{"awardConfig":"1,100","awardId":101}
25-01-15.08:55:27.846 [main            ] INFO  DefaultLogicChain      - 抽奖责任链-默认处理 userId: xiaofuge strategyId: 100006 ruleModel: rule_default awardId: 102
25-01-15.08:55:27.846 [main            ] INFO  AbstractRaffleStrategy - 抽奖策略计算-责任链 xiaofuge 100006 102 rule_default
25-01-15.08:55:27.882 [main            ] INFO  RuleLockLogicTreeNode  - 规则过滤-次数锁 userId:xiaofuge strategyId:100006 awardId:102 ruleValue:1
25-01-15.08:55:27.882 [main            ] INFO  DecisionTreeEngine     - 决策树引擎【规则树】treeId:tree_lock node:rule_lock code:0000
25-01-15.08:55:27.921 [main            ] INFO  DecisionTreeEngine     - 决策树引擎【规则树】treeId:tree_lock node:rule_stock code:0001
25-01-15.08:55:27.922 [main            ] INFO  RuleLuckAwardLogicTreeNode - 规则过滤-兜底奖品 userId:xiaofuge strategyId:100006 awardId:102 ruleValue:101:1,100
25-01-15.08:55:27.922 [main            ] INFO  RuleLuckAwardLogicTreeNode - 规则过滤-兜底奖品 userId:xiaofuge strategyId:100006 awardId:101 awardRuleValue:1,100
25-01-15.08:55:27.922 [main            ] INFO  DecisionTreeEngine     - 决策树引擎【规则树】treeId:tree_lock node:rule_luck_award code:0001
25-01-15.08:55:27.922 [main            ] INFO  AbstractRaffleStrategy - 抽奖策略计算-规则树 xiaofuge 100006 101 1,100
25-01-15.08:55:27.922 [main            ] INFO  RaffleStrategyTest     - 请求参数：{"strategyId":100006,"userId":"xiaofuge"}
25-01-15.08:55:27.922 [main            ] INFO  RaffleStrategyTest     - 测试结果：{"awardConfig":"1,100","awardId":101}
25-01-15.08:55:30.010 [scheduling-1    ] INFO  UpdateAwardStockJob    - 定时任务，更新奖品消耗库存【延迟队列获取，降低对数据库的更新频次，不要产生竞争】
25-01-15.08:55:35.004 [scheduling-1    ] INFO  UpdateAwardStockJob    - 定时任务，更新奖品消耗库存【延迟队列获取，降低对数据库的更新频次，不要产生竞争】
25-01-15.08:55:35.011 [scheduling-1    ] INFO  UpdateAwardStockJob    - 定时任务，更新奖品消耗库存 strategyId:100006 awardId:102
25-01-15.08:55:40.008 [scheduling-1    ] INFO  UpdateAwardStockJob    - 定时任务，更新奖品消耗库存【延迟队列获取，降低对数据库的更新频次，不要产生竞争】
25-01-15.08:55:40.012 [scheduling-1    ] INFO  UpdateAwardStockJob    - 定时任务，更新奖品消耗库存 strategyId:100006 awardId:102
25-01-15.08:55:45.004 [scheduling-1    ] INFO  UpdateAwardStockJob    - 定时任务，更新奖品消耗库存【延迟队列获取，降低对数据库的更新频次，不要产生竞争】
25-01-15.08:55:45.008 [scheduling-1    ] INFO  UpdateAwardStockJob    - 定时任务，更新奖品消耗库存 strategyId:100006 awardId:102
25-01-15.08:55:50.009 [scheduling-1    ] INFO  UpdateAwardStockJob    - 定时任务，更新奖品消耗库存【延迟队列获取，降低对数据库的更新频次，不要产生竞争】
25-01-15.08:55:55.005 [scheduling-1    ] INFO  UpdateAwardStockJob    - 定时任务，更新奖品消耗库存【延迟队列获取，降低对数据库的更新频次，不要产生竞争】
25-01-15.08:56:00.003 [scheduling-1    ] INFO  UpdateAwardStockJob    - 定时任务，更新奖品消耗库存【延迟队列获取，降低对数据库的更新频次，不要产生竞争】
25-01-15.08:56:03.884 [SpringApplicationShutdownHook] INFO  HikariDataSource       - HikariPool-1 - Shutdown initiated...
25-01-15.08:56:03.912 [SpringApplicationShutdownHook] INFO  HikariDataSource       - HikariPool-1 - Shutdown completed.
25-01-15.09:59:34.514 [main            ] INFO  RaffleStrategyTest     - Starting RaffleStrategyTest using Java 1.8.0_311 on liuguanzedeMBP with PID 3019 (started by carson in /Users/carson/Desktop/Microservice/big-market/big-market-app)
25-01-15.09:59:34.515 [main            ] INFO  RaffleStrategyTest     - The following 1 profile is active: "dev"
25-01-15.09:59:35.941 [main            ] INFO  RepositoryConfigurationDelegate - Multiple Spring Data modules found, entering strict repository configuration mode
25-01-15.09:59:35.946 [main            ] INFO  RepositoryConfigurationDelegate - Bootstrapping Spring Data Redis repositories in DEFAULT mode.
25-01-15.09:59:36.001 [main            ] INFO  RepositoryConfigurationDelegate - Finished Spring Data repository scanning in 27 ms. Found 0 Redis repository interfaces.
25-01-15.09:59:38.104 [main            ] INFO  Version                - Redisson 3.23.4
25-01-15.09:59:38.213 [main            ] WARN  DnsServerAddressStreamProviders - Can not find io.netty.resolver.dns.macos.MacOSDnsServerAddressStreamProvider in the classpath, fallback to system defaults. This may result in incorrect DNS resolutions on MacOS. Check whether you have a dependency on 'io.netty:netty-resolver-dns-native-macos'
25-01-15.09:59:38.645 [redisson-netty-2-4] INFO  MasterPubSubConnectionPool - 1 connections initialized for 127.0.0.1/127.0.0.1:16379
25-01-15.09:59:38.677 [redisson-netty-2-13] INFO  MasterConnectionPool   - 5 connections initialized for 127.0.0.1/127.0.0.1:16379
25-01-15.09:59:41.145 [main            ] INFO  EndpointLinksResolver  - Exposing 1 endpoint(s) beneath base path '/actuator'
25-01-15.09:59:41.271 [main            ] INFO  RaffleStrategyTest     - Started RaffleStrategyTest in 7.379 seconds (JVM running for 8.779)
25-01-15.09:59:41.963 [main            ] INFO  HikariDataSource       - HikariPool-1 - Starting...
25-01-15.09:59:42.607 [main            ] INFO  HikariDataSource       - HikariPool-1 - Start completed.
25-01-15.09:59:42.847 [main            ] INFO  RaffleStrategyTest     - 测试结果：true
25-01-15.09:59:42.878 [main            ] INFO  DefaultLogicChain      - 抽奖责任链-默认处理 userId: xiaofuge strategyId: 100006 ruleModel: rule_default awardId: 102
25-01-15.09:59:42.880 [main            ] INFO  AbstractRaffleStrategy - 抽奖策略计算-责任链 xiaofuge 100006 102 rule_default
25-01-15.09:59:42.920 [main            ] INFO  RuleLockLogicTreeNode  - 规则过滤-次数锁 userId:xiaofuge strategyId:100006 awardId:102 ruleValue:1
25-01-15.09:59:42.921 [main            ] INFO  DecisionTreeEngine     - 决策树引擎【规则树】treeId:tree_lock node:rule_lock code:0000
25-01-15.09:59:42.969 [main            ] INFO  DecisionTreeEngine     - 决策树引擎【规则树】treeId:tree_lock node:rule_stock code:0001
25-01-15.09:59:42.969 [main            ] INFO  RuleLuckAwardLogicTreeNode - 规则过滤-兜底奖品 userId:xiaofuge strategyId:100006 awardId:102 ruleValue:101:1,100
25-01-15.09:59:42.969 [main            ] INFO  RuleLuckAwardLogicTreeNode - 规则过滤-兜底奖品 userId:xiaofuge strategyId:100006 awardId:101 awardRuleValue:1,100
25-01-15.09:59:42.969 [main            ] INFO  DecisionTreeEngine     - 决策树引擎【规则树】treeId:tree_lock node:rule_luck_award code:0001
25-01-15.09:59:42.969 [main            ] INFO  AbstractRaffleStrategy - 抽奖策略计算-规则树 xiaofuge 100006 101 1,100
25-01-15.09:59:43.296 [main            ] INFO  RaffleStrategyTest     - 请求参数：{"strategyId":100006,"userId":"xiaofuge"}
25-01-15.09:59:43.302 [main            ] INFO  RaffleStrategyTest     - 测试结果：{"awardConfig":"1,100","awardId":101}
25-01-15.09:59:43.311 [main            ] INFO  DefaultLogicChain      - 抽奖责任链-默认处理 userId: xiaofuge strategyId: 100006 ruleModel: rule_default awardId: 102
25-01-15.09:59:43.311 [main            ] INFO  AbstractRaffleStrategy - 抽奖策略计算-责任链 xiaofuge 100006 102 rule_default
25-01-15.09:59:43.321 [main            ] INFO  RuleLockLogicTreeNode  - 规则过滤-次数锁 userId:xiaofuge strategyId:100006 awardId:102 ruleValue:1
25-01-15.09:59:43.321 [main            ] INFO  DecisionTreeEngine     - 决策树引擎【规则树】treeId:tree_lock node:rule_lock code:0000
25-01-15.09:59:43.334 [main            ] INFO  DecisionTreeEngine     - 决策树引擎【规则树】treeId:tree_lock node:rule_stock code:0001
25-01-15.09:59:43.334 [main            ] INFO  RuleLuckAwardLogicTreeNode - 规则过滤-兜底奖品 userId:xiaofuge strategyId:100006 awardId:102 ruleValue:101:1,100
25-01-15.09:59:43.334 [main            ] INFO  RuleLuckAwardLogicTreeNode - 规则过滤-兜底奖品 userId:xiaofuge strategyId:100006 awardId:101 awardRuleValue:1,100
25-01-15.09:59:43.334 [main            ] INFO  DecisionTreeEngine     - 决策树引擎【规则树】treeId:tree_lock node:rule_luck_award code:0001
25-01-15.09:59:43.334 [main            ] INFO  AbstractRaffleStrategy - 抽奖策略计算-规则树 xiaofuge 100006 101 1,100
25-01-15.09:59:43.334 [main            ] INFO  RaffleStrategyTest     - 请求参数：{"strategyId":100006,"userId":"xiaofuge"}
25-01-15.09:59:43.334 [main            ] INFO  RaffleStrategyTest     - 测试结果：{"awardConfig":"1,100","awardId":101}
25-01-15.09:59:43.344 [main            ] INFO  DefaultLogicChain      - 抽奖责任链-默认处理 userId: xiaofuge strategyId: 100006 ruleModel: rule_default awardId: 102
25-01-15.09:59:43.344 [main            ] INFO  AbstractRaffleStrategy - 抽奖策略计算-责任链 xiaofuge 100006 102 rule_default
25-01-15.09:59:43.350 [main            ] INFO  RuleLockLogicTreeNode  - 规则过滤-次数锁 userId:xiaofuge strategyId:100006 awardId:102 ruleValue:1
25-01-15.09:59:43.350 [main            ] INFO  DecisionTreeEngine     - 决策树引擎【规则树】treeId:tree_lock node:rule_lock code:0000
25-01-15.09:59:43.359 [main            ] INFO  DecisionTreeEngine     - 决策树引擎【规则树】treeId:tree_lock node:rule_stock code:0001
25-01-15.09:59:43.360 [main            ] INFO  RuleLuckAwardLogicTreeNode - 规则过滤-兜底奖品 userId:xiaofuge strategyId:100006 awardId:102 ruleValue:101:1,100
25-01-15.09:59:43.360 [main            ] INFO  RuleLuckAwardLogicTreeNode - 规则过滤-兜底奖品 userId:xiaofuge strategyId:100006 awardId:101 awardRuleValue:1,100
25-01-15.09:59:43.360 [main            ] INFO  DecisionTreeEngine     - 决策树引擎【规则树】treeId:tree_lock node:rule_luck_award code:0001
25-01-15.09:59:43.360 [main            ] INFO  AbstractRaffleStrategy - 抽奖策略计算-规则树 xiaofuge 100006 101 1,100
25-01-15.09:59:43.360 [main            ] INFO  RaffleStrategyTest     - 请求参数：{"strategyId":100006,"userId":"xiaofuge"}
25-01-15.09:59:43.360 [main            ] INFO  RaffleStrategyTest     - 测试结果：{"awardConfig":"1,100","awardId":101}
25-01-15.09:59:45.002 [scheduling-1    ] INFO  UpdateAwardStockJob    - 定时任务，更新奖品消耗库存【延迟队列获取，降低对数据库的更新频次，不要产生竞争】
25-01-15.09:59:50.007 [scheduling-1    ] INFO  UpdateAwardStockJob    - 定时任务，更新奖品消耗库存【延迟队列获取，降低对数据库的更新频次，不要产生竞争】
25-01-15.09:59:50.012 [scheduling-1    ] INFO  UpdateAwardStockJob    - 定时任务，更新奖品消耗库存 strategyId:100006 awardId:102
25-01-15.09:59:55.003 [scheduling-1    ] INFO  UpdateAwardStockJob    - 定时任务，更新奖品消耗库存【延迟队列获取，降低对数据库的更新频次，不要产生竞争】
25-01-15.09:59:55.006 [scheduling-1    ] INFO  UpdateAwardStockJob    - 定时任务，更新奖品消耗库存 strategyId:100006 awardId:102
25-01-15.10:00:00.171 [scheduling-1    ] INFO  UpdateAwardStockJob    - 定时任务，更新奖品消耗库存【延迟队列获取，降低对数据库的更新频次，不要产生竞争】
25-01-15.10:00:00.175 [scheduling-1    ] INFO  UpdateAwardStockJob    - 定时任务，更新奖品消耗库存 strategyId:100006 awardId:102
25-01-15.10:00:05.009 [scheduling-1    ] INFO  UpdateAwardStockJob    - 定时任务，更新奖品消耗库存【延迟队列获取，降低对数据库的更新频次，不要产生竞争】
25-01-15.10:00:10.002 [scheduling-1    ] INFO  UpdateAwardStockJob    - 定时任务，更新奖品消耗库存【延迟队列获取，降低对数据库的更新频次，不要产生竞争】
25-01-15.10:00:15.008 [scheduling-1    ] INFO  UpdateAwardStockJob    - 定时任务，更新奖品消耗库存【延迟队列获取，降低对数据库的更新频次，不要产生竞争】
25-01-15.10:00:20.008 [scheduling-1    ] INFO  UpdateAwardStockJob    - 定时任务，更新奖品消耗库存【延迟队列获取，降低对数据库的更新频次，不要产生竞争】
25-01-15.10:00:25.002 [scheduling-1    ] INFO  UpdateAwardStockJob    - 定时任务，更新奖品消耗库存【延迟队列获取，降低对数据库的更新频次，不要产生竞争】
25-01-15.10:00:30.006 [scheduling-1    ] INFO  UpdateAwardStockJob    - 定时任务，更新奖品消耗库存【延迟队列获取，降低对数据库的更新频次，不要产生竞争】
25-01-15.10:00:35.010 [scheduling-1    ] INFO  UpdateAwardStockJob    - 定时任务，更新奖品消耗库存【延迟队列获取，降低对数据库的更新频次，不要产生竞争】
25-01-15.10:00:40.001 [scheduling-1    ] INFO  UpdateAwardStockJob    - 定时任务，更新奖品消耗库存【延迟队列获取，降低对数据库的更新频次，不要产生竞争】
25-01-15.10:00:45.010 [scheduling-1    ] INFO  UpdateAwardStockJob    - 定时任务，更新奖品消耗库存【延迟队列获取，降低对数据库的更新频次，不要产生竞争】
25-01-15.10:00:50.005 [scheduling-1    ] INFO  UpdateAwardStockJob    - 定时任务，更新奖品消耗库存【延迟队列获取，降低对数据库的更新频次，不要产生竞争】
25-01-15.10:00:55.001 [scheduling-1    ] INFO  UpdateAwardStockJob    - 定时任务，更新奖品消耗库存【延迟队列获取，降低对数据库的更新频次，不要产生竞争】
25-01-15.10:01:00.006 [scheduling-1    ] INFO  UpdateAwardStockJob    - 定时任务，更新奖品消耗库存【延迟队列获取，降低对数据库的更新频次，不要产生竞争】
25-01-15.10:01:05.010 [scheduling-1    ] INFO  UpdateAwardStockJob    - 定时任务，更新奖品消耗库存【延迟队列获取，降低对数据库的更新频次，不要产生竞争】
25-01-15.10:01:10.007 [scheduling-1    ] INFO  UpdateAwardStockJob    - 定时任务，更新奖品消耗库存【延迟队列获取，降低对数据库的更新频次，不要产生竞争】
25-01-15.10:01:15.001 [scheduling-1    ] INFO  UpdateAwardStockJob    - 定时任务，更新奖品消耗库存【延迟队列获取，降低对数据库的更新频次，不要产生竞争】
25-01-15.10:01:20.006 [scheduling-1    ] INFO  UpdateAwardStockJob    - 定时任务，更新奖品消耗库存【延迟队列获取，降低对数据库的更新频次，不要产生竞争】
25-01-15.10:01:25.002 [scheduling-1    ] INFO  UpdateAwardStockJob    - 定时任务，更新奖品消耗库存【延迟队列获取，降低对数据库的更新频次，不要产生竞争】
25-01-15.10:01:30.004 [scheduling-1    ] INFO  UpdateAwardStockJob    - 定时任务，更新奖品消耗库存【延迟队列获取，降低对数据库的更新频次，不要产生竞争】
25-01-15.10:01:35.010 [scheduling-1    ] INFO  UpdateAwardStockJob    - 定时任务，更新奖品消耗库存【延迟队列获取，降低对数据库的更新频次，不要产生竞争】
25-01-15.10:01:40.007 [scheduling-1    ] INFO  UpdateAwardStockJob    - 定时任务，更新奖品消耗库存【延迟队列获取，降低对数据库的更新频次，不要产生竞争】
25-01-15.10:01:45.009 [scheduling-1    ] INFO  UpdateAwardStockJob    - 定时任务，更新奖品消耗库存【延迟队列获取，降低对数据库的更新频次，不要产生竞争】
25-01-15.10:01:50.003 [scheduling-1    ] INFO  UpdateAwardStockJob    - 定时任务，更新奖品消耗库存【延迟队列获取，降低对数据库的更新频次，不要产生竞争】
25-01-15.10:01:55.009 [scheduling-1    ] INFO  UpdateAwardStockJob    - 定时任务，更新奖品消耗库存【延迟队列获取，降低对数据库的更新频次，不要产生竞争】
25-01-15.10:02:00.004 [scheduling-1    ] INFO  UpdateAwardStockJob    - 定时任务，更新奖品消耗库存【延迟队列获取，降低对数据库的更新频次，不要产生竞争】
25-01-15.10:02:05.007 [scheduling-1    ] INFO  UpdateAwardStockJob    - 定时任务，更新奖品消耗库存【延迟队列获取，降低对数据库的更新频次，不要产生竞争】
25-01-15.10:02:10.009 [scheduling-1    ] INFO  UpdateAwardStockJob    - 定时任务，更新奖品消耗库存【延迟队列获取，降低对数据库的更新频次，不要产生竞争】
25-01-15.10:02:15.004 [scheduling-1    ] INFO  UpdateAwardStockJob    - 定时任务，更新奖品消耗库存【延迟队列获取，降低对数据库的更新频次，不要产生竞争】
25-01-15.10:02:20.007 [scheduling-1    ] INFO  UpdateAwardStockJob    - 定时任务，更新奖品消耗库存【延迟队列获取，降低对数据库的更新频次，不要产生竞争】
25-01-15.10:02:25.008 [scheduling-1    ] INFO  UpdateAwardStockJob    - 定时任务，更新奖品消耗库存【延迟队列获取，降低对数据库的更新频次，不要产生竞争】
25-01-15.10:02:30.006 [scheduling-1    ] INFO  UpdateAwardStockJob    - 定时任务，更新奖品消耗库存【延迟队列获取，降低对数据库的更新频次，不要产生竞争】
25-01-15.10:02:35.001 [scheduling-1    ] INFO  UpdateAwardStockJob    - 定时任务，更新奖品消耗库存【延迟队列获取，降低对数据库的更新频次，不要产生竞争】
25-01-15.10:02:40.005 [scheduling-1    ] INFO  UpdateAwardStockJob    - 定时任务，更新奖品消耗库存【延迟队列获取，降低对数据库的更新频次，不要产生竞争】
25-01-15.10:02:45.006 [scheduling-1    ] INFO  UpdateAwardStockJob    - 定时任务，更新奖品消耗库存【延迟队列获取，降低对数据库的更新频次，不要产生竞争】
25-01-15.10:02:50.003 [scheduling-1    ] INFO  UpdateAwardStockJob    - 定时任务，更新奖品消耗库存【延迟队列获取，降低对数据库的更新频次，不要产生竞争】
25-01-15.10:02:55.004 [scheduling-1    ] INFO  UpdateAwardStockJob    - 定时任务，更新奖品消耗库存【延迟队列获取，降低对数据库的更新频次，不要产生竞争】
25-01-15.10:03:00.000 [scheduling-1    ] INFO  UpdateAwardStockJob    - 定时任务，更新奖品消耗库存【延迟队列获取，降低对数据库的更新频次，不要产生竞争】
25-01-15.10:03:05.008 [scheduling-1    ] INFO  UpdateAwardStockJob    - 定时任务，更新奖品消耗库存【延迟队列获取，降低对数据库的更新频次，不要产生竞争】
25-01-15.10:03:10.005 [scheduling-1    ] INFO  UpdateAwardStockJob    - 定时任务，更新奖品消耗库存【延迟队列获取，降低对数据库的更新频次，不要产生竞争】
25-01-15.10:03:15.004 [scheduling-1    ] INFO  UpdateAwardStockJob    - 定时任务，更新奖品消耗库存【延迟队列获取，降低对数据库的更新频次，不要产生竞争】
25-01-15.10:03:20.007 [scheduling-1    ] INFO  UpdateAwardStockJob    - 定时任务，更新奖品消耗库存【延迟队列获取，降低对数据库的更新频次，不要产生竞争】
25-01-15.10:03:25.006 [scheduling-1    ] INFO  UpdateAwardStockJob    - 定时任务，更新奖品消耗库存【延迟队列获取，降低对数据库的更新频次，不要产生竞争】
25-01-15.10:03:26.003 [SpringApplicationShutdownHook] INFO  HikariDataSource       - HikariPool-1 - Shutdown initiated...
25-01-15.10:03:26.028 [SpringApplicationShutdownHook] INFO  HikariDataSource       - HikariPool-1 - Shutdown completed.
