25-01-29.17:34:24.946 [main            ] INFO  RaffleStrategyControllerTest - Starting RaffleStrategyControllerTest using Java 1.8.0_311 on liuguanzedeMBP with PID 3807 (started by carson in /Users/carson/Desktop/Microservice/big-market/big-market-app)
25-01-29.17:34:24.947 [main            ] INFO  RaffleStrategyControllerTest - The following 1 profile is active: "dev"
25-01-29.17:34:26.257 [main            ] INFO  RepositoryConfigurationDelegate - Multiple Spring Data modules found, entering strict repository configuration mode
25-01-29.17:34:26.262 [main            ] INFO  RepositoryConfigurationDelegate - Bootstrapping Spring Data Redis repositories in DEFAULT mode.
25-01-29.17:34:26.331 [main            ] INFO  RepositoryConfigurationDelegate - Finished Spring Data repository scanning in 41 ms. Found 0 Redis repository interfaces.
25-01-29.17:34:28.011 [main            ] INFO  Version                - Redisson 3.23.4
25-01-29.17:34:28.046 [main            ] WARN  DnsServerAddressStreamProviders - Can not find io.netty.resolver.dns.macos.MacOSDnsServerAddressStreamProvider in the classpath, fallback to system defaults. This may result in incorrect DNS resolutions on MacOS. Check whether you have a dependency on 'io.netty:netty-resolver-dns-native-macos'
25-01-29.17:34:28.274 [redisson-netty-2-4] INFO  MasterPubSubConnectionPool - 1 connections initialized for 127.0.0.1/127.0.0.1:16379
25-01-29.17:34:28.297 [redisson-netty-2-13] INFO  MasterConnectionPool   - 5 connections initialized for 127.0.0.1/127.0.0.1:16379
25-01-29.17:34:31.828 [main            ] INFO  EndpointLinksResolver  - Exposing 1 endpoint(s) beneath base path '/actuator'
25-01-29.17:34:31.923 [main            ] INFO  CachingConnectionFactory - Attempting to connect to: [127.0.0.1:5672]
25-01-29.17:34:31.996 [main            ] INFO  CachingConnectionFactory - Created new connection: rabbitConnectionFactory#6d17914a:0/SimpleConnection@1013871e [delegate=amqp://admin@127.0.0.1:5672/, localPort= 50040]
25-01-29.17:34:32.116 [main            ] INFO  RaffleStrategyControllerTest - Started RaffleStrategyControllerTest in 7.68 seconds (JVM running for 8.925)
25-01-29.17:34:32.398 [main            ] INFO  RaffleStrategyController - 查询抽奖奖品列表配开始 userId:xiaofuge activityId：100301
25-01-29.17:34:32.437 [main            ] INFO  HikariDataSource       - Retail_HikariCP - Starting...
25-01-29.17:34:32.871 [main            ] INFO  HikariDataSource       - Retail_HikariCP - Start completed.
25-01-29.17:34:33.061 [main            ] ERROR RaffleStrategyController - 查询抽奖奖品列表配置失败 userId:xiaofuge activityId：100301
org.apache.ibatis.binding.BindingException: Invalid bound statement (not found): cn.bugstack.infrastructure.persistent.dao.IRaffleActivityAccountDayDao.queryActivityAccountDayPartakeCount
	at org.apache.ibatis.binding.MapperMethod$SqlCommand.<init>(MapperMethod.java:235)
	at org.apache.ibatis.binding.MapperMethod.<init>(MapperMethod.java:53)
	at org.apache.ibatis.binding.MapperProxy.lambda$cachedInvoker$0(MapperProxy.java:115)
	at java.util.concurrent.ConcurrentHashMap.computeIfAbsent(ConcurrentHashMap.java:1660)
	at org.apache.ibatis.binding.MapperProxy.cachedInvoker(MapperProxy.java:102)
	at org.apache.ibatis.binding.MapperProxy.invoke(MapperProxy.java:85)
	at com.sun.proxy.$Proxy121.queryActivityAccountDayPartakeCount(Unknown Source)
	at sun.reflect.NativeMethodAccessorImpl.invoke0(Native Method)
	at sun.reflect.NativeMethodAccessorImpl.invoke(NativeMethodAccessorImpl.java:62)
	at sun.reflect.DelegatingMethodAccessorImpl.invoke(DelegatingMethodAccessorImpl.java:43)
	at java.lang.reflect.Method.invoke(Method.java:498)
	at org.springframework.aop.support.AopUtils.invokeJoinpointUsingReflection(AopUtils.java:344)
	at org.springframework.aop.framework.ReflectiveMethodInvocation.invokeJoinpoint(ReflectiveMethodInvocation.java:198)
	at org.springframework.aop.framework.ReflectiveMethodInvocation.proceed(ReflectiveMethodInvocation.java:163)
	at org.springframework.aop.aspectj.MethodInvocationProceedingJoinPoint.proceed(MethodInvocationProceedingJoinPoint.java:89)
	at cn.bugstack.middleware.db.router.DBRouterJoinPoint.doRouter(DBRouterJoinPoint.java:65)
	at sun.reflect.NativeMethodAccessorImpl.invoke0(Native Method)
	at sun.reflect.NativeMethodAccessorImpl.invoke(NativeMethodAccessorImpl.java:62)
	at sun.reflect.DelegatingMethodAccessorImpl.invoke(DelegatingMethodAccessorImpl.java:43)
	at java.lang.reflect.Method.invoke(Method.java:498)
	at org.springframework.aop.aspectj.AbstractAspectJAdvice.invokeAdviceMethodWithGivenArgs(AbstractAspectJAdvice.java:634)
	at org.springframework.aop.aspectj.AbstractAspectJAdvice.invokeAdviceMethod(AbstractAspectJAdvice.java:624)
	at org.springframework.aop.aspectj.AspectJAroundAdvice.invoke(AspectJAroundAdvice.java:72)
	at org.springframework.aop.framework.ReflectiveMethodInvocation.proceed(ReflectiveMethodInvocation.java:175)
	at org.springframework.aop.interceptor.ExposeInvocationInterceptor.invoke(ExposeInvocationInterceptor.java:97)
	at org.springframework.aop.framework.ReflectiveMethodInvocation.proceed(ReflectiveMethodInvocation.java:186)
	at org.springframework.aop.framework.JdkDynamicAopProxy.invoke(JdkDynamicAopProxy.java:220)
	at com.sun.proxy.$Proxy122.queryActivityAccountDayPartakeCount(Unknown Source)
	at cn.bugstack.infrastructure.persistent.repository.ActivityRepository.queryRaffleActivityAccountDayPartakeCount(ActivityRepository.java:473)
	at cn.bugstack.infrastructure.persistent.repository.ActivityRepository$$FastClassBySpringCGLIB$$5fc4459a.invoke(<generated>)
	at org.springframework.cglib.proxy.MethodProxy.invoke(MethodProxy.java:218)
	at org.springframework.aop.framework.CglibAopProxy$CglibMethodInvocation.invokeJoinpoint(CglibAopProxy.java:793)
	at org.springframework.aop.framework.ReflectiveMethodInvocation.proceed(ReflectiveMethodInvocation.java:163)
	at org.springframework.aop.framework.CglibAopProxy$CglibMethodInvocation.proceed(CglibAopProxy.java:763)
	at org.springframework.dao.support.PersistenceExceptionTranslationInterceptor.invoke(PersistenceExceptionTranslationInterceptor.java:137)
	at org.springframework.aop.framework.ReflectiveMethodInvocation.proceed(ReflectiveMethodInvocation.java:186)
	at org.springframework.aop.framework.CglibAopProxy$CglibMethodInvocation.proceed(CglibAopProxy.java:763)
	at org.springframework.aop.framework.CglibAopProxy$DynamicAdvisedInterceptor.intercept(CglibAopProxy.java:708)
	at cn.bugstack.infrastructure.persistent.repository.ActivityRepository$$EnhancerBySpringCGLIB$$19947f7b.queryRaffleActivityAccountDayPartakeCount(<generated>)
	at cn.bugstack.domain.activity.service.quota.RaffleActivityAccountQuotaService.queryRaffleActivityAccountDayPartakeCount(RaffleActivityAccountQuotaService.java:86)
	at cn.bugstack.trigger.http.RaffleStrategyController.queryRaffleAwardList(RaffleStrategyController.java:120)
	at cn.bugstack.test.trigger.RaffleStrategyControllerTest.test_queryRaffleAwardList(RaffleStrategyControllerTest.java:35)
	at sun.reflect.NativeMethodAccessorImpl.invoke0(Native Method)
	at sun.reflect.NativeMethodAccessorImpl.invoke(NativeMethodAccessorImpl.java:62)
	at sun.reflect.DelegatingMethodAccessorImpl.invoke(DelegatingMethodAccessorImpl.java:43)
	at java.lang.reflect.Method.invoke(Method.java:498)
	at org.junit.runners.model.FrameworkMethod$1.runReflectiveCall(FrameworkMethod.java:59)
	at org.junit.internal.runners.model.ReflectiveCallable.run(ReflectiveCallable.java:12)
	at org.junit.runners.model.FrameworkMethod.invokeExplosively(FrameworkMethod.java:56)
	at org.junit.internal.runners.statements.InvokeMethod.evaluate(InvokeMethod.java:17)
	at org.springframework.test.context.junit4.statements.RunBeforeTestExecutionCallbacks.evaluate(RunBeforeTestExecutionCallbacks.java:74)
	at org.springframework.test.context.junit4.statements.RunAfterTestExecutionCallbacks.evaluate(RunAfterTestExecutionCallbacks.java:84)
	at org.springframework.test.context.junit4.statements.RunBeforeTestMethodCallbacks.evaluate(RunBeforeTestMethodCallbacks.java:75)
	at org.springframework.test.context.junit4.statements.RunAfterTestMethodCallbacks.evaluate(RunAfterTestMethodCallbacks.java:86)
	at org.springframework.test.context.junit4.statements.SpringRepeat.evaluate(SpringRepeat.java:84)
	at org.junit.runners.ParentRunner.runLeaf(ParentRunner.java:366)
	at org.springframework.test.context.junit4.SpringJUnit4ClassRunner.runChild(SpringJUnit4ClassRunner.java:251)
	at org.springframework.test.context.junit4.SpringJUnit4ClassRunner.runChild(SpringJUnit4ClassRunner.java:97)
	at org.junit.runners.ParentRunner$4.run(ParentRunner.java:331)
	at org.junit.runners.ParentRunner$1.schedule(ParentRunner.java:79)
	at org.junit.runners.ParentRunner.runChildren(ParentRunner.java:329)
	at org.junit.runners.ParentRunner.access$100(ParentRunner.java:66)
	at org.junit.runners.ParentRunner$2.evaluate(ParentRunner.java:293)
	at org.springframework.test.context.junit4.statements.RunBeforeTestClassCallbacks.evaluate(RunBeforeTestClassCallbacks.java:61)
	at org.springframework.test.context.junit4.statements.RunAfterTestClassCallbacks.evaluate(RunAfterTestClassCallbacks.java:70)
	at org.junit.runners.ParentRunner$3.evaluate(ParentRunner.java:306)
	at org.junit.runners.ParentRunner.run(ParentRunner.java:413)
	at org.springframework.test.context.junit4.SpringJUnit4ClassRunner.run(SpringJUnit4ClassRunner.java:190)
	at org.junit.runner.JUnitCore.run(JUnitCore.java:137)
	at com.intellij.junit4.JUnit4IdeaTestRunner.startRunnerWithArgs(JUnit4IdeaTestRunner.java:69)
	at com.intellij.rt.junit.IdeaTestRunner$Repeater$1.execute(IdeaTestRunner.java:38)
	at com.intellij.rt.execution.junit.TestsRepeater.repeat(TestsRepeater.java:11)
	at com.intellij.rt.junit.IdeaTestRunner$Repeater.startRunnerWithArgs(IdeaTestRunner.java:35)
	at com.intellij.rt.junit.JUnitStarter.prepareStreamsAndStart(JUnitStarter.java:232)
	at com.intellij.rt.junit.JUnitStarter.main(JUnitStarter.java:55)
25-01-29.17:34:33.416 [main            ] INFO  RaffleStrategyControllerTest - 请求参数：{"activityId":100301,"userId":"xiaofuge"}
25-01-29.17:34:33.421 [main            ] INFO  RaffleStrategyControllerTest - 测试结果：{"code":"0001","info":"unknown failure"}
25-01-29.17:34:33.443 [org.springframework.amqp.rabbit.RabbitListenerEndpointContainer#0-2] INFO  SimpleMessageListenerContainer - Waiting for workers to finish.
25-01-29.17:34:33.445 [org.springframework.amqp.rabbit.RabbitListenerEndpointContainer#1-2] INFO  SimpleMessageListenerContainer - Waiting for workers to finish.
25-01-29.17:34:34.078 [org.springframework.amqp.rabbit.RabbitListenerEndpointContainer#0-2] INFO  SimpleMessageListenerContainer - Successfully waited for workers to finish.
25-01-29.17:34:34.095 [org.springframework.amqp.rabbit.RabbitListenerEndpointContainer#1-2] INFO  SimpleMessageListenerContainer - Successfully waited for workers to finish.
25-01-29.17:34:34.100 [SpringApplicationShutdownHook] INFO  SimpleMessageListenerContainer - Shutdown ignored - container is already stopped
25-01-29.17:34:34.101 [SpringApplicationShutdownHook] INFO  SimpleMessageListenerContainer - Shutdown ignored - container is already stopped
25-01-29.17:39:27.852 [main            ] INFO  RaffleStrategyControllerTest - Starting RaffleStrategyControllerTest using Java 1.8.0_311 on liuguanzedeMBP with PID 3975 (started by carson in /Users/carson/Desktop/Microservice/big-market/big-market-app)
25-01-29.17:39:27.853 [main            ] INFO  RaffleStrategyControllerTest - The following 1 profile is active: "dev"
25-01-29.17:39:29.001 [main            ] INFO  RepositoryConfigurationDelegate - Multiple Spring Data modules found, entering strict repository configuration mode
25-01-29.17:39:29.005 [main            ] INFO  RepositoryConfigurationDelegate - Bootstrapping Spring Data Redis repositories in DEFAULT mode.
25-01-29.17:39:29.052 [main            ] INFO  RepositoryConfigurationDelegate - Finished Spring Data repository scanning in 29 ms. Found 0 Redis repository interfaces.
25-01-29.17:39:30.755 [main            ] INFO  Version                - Redisson 3.23.4
25-01-29.17:39:30.797 [main            ] WARN  DnsServerAddressStreamProviders - Can not find io.netty.resolver.dns.macos.MacOSDnsServerAddressStreamProvider in the classpath, fallback to system defaults. This may result in incorrect DNS resolutions on MacOS. Check whether you have a dependency on 'io.netty:netty-resolver-dns-native-macos'
25-01-29.17:39:31.060 [redisson-netty-2-4] INFO  MasterPubSubConnectionPool - 1 connections initialized for 127.0.0.1/127.0.0.1:16379
25-01-29.17:39:31.087 [redisson-netty-2-13] INFO  MasterConnectionPool   - 5 connections initialized for 127.0.0.1/127.0.0.1:16379
25-01-29.17:39:35.785 [main            ] INFO  EndpointLinksResolver  - Exposing 1 endpoint(s) beneath base path '/actuator'
25-01-29.17:39:35.909 [main            ] INFO  CachingConnectionFactory - Attempting to connect to: [127.0.0.1:5672]
25-01-29.17:39:35.997 [main            ] INFO  CachingConnectionFactory - Created new connection: rabbitConnectionFactory#4bfa5eb9:0/SimpleConnection@29ccab93 [delegate=amqp://admin@127.0.0.1:5672/, localPort= 50122]
25-01-29.17:39:36.105 [main            ] INFO  RaffleStrategyControllerTest - Started RaffleStrategyControllerTest in 8.662 seconds (JVM running for 9.655)
25-01-29.17:39:36.468 [main            ] INFO  RaffleStrategyController - 查询抽奖奖品列表配开始 userId:xiaofuge activityId：100301
25-01-29.17:39:36.513 [main            ] INFO  HikariDataSource       - Retail_HikariCP - Starting...
25-01-29.17:39:37.008 [main            ] INFO  HikariDataSource       - Retail_HikariCP - Start completed.
25-01-29.17:39:37.214 [main            ] INFO  HikariDataSource       - Retail_HikariCP - Starting...
25-01-29.17:39:37.272 [main            ] INFO  HikariDataSource       - Retail_HikariCP - Start completed.
25-01-29.17:39:37.615 [main            ] INFO  RaffleStrategyController - 查询抽奖奖品列表配置完成 userId:xiaofuge activityId：100301 response:{"code":"0000","data":[{"awardId":101,"awardTitle":"随机积分","isAwardUnlock":true,"sort":1,"waitUnlockCount":0},{"awardId":102,"awardTitle":"7等奖","isAwardUnlock":true,"sort":2,"waitUnlockCount":0},{"awardId":103,"awardTitle":"6等奖","isAwardUnlock":true,"sort":3,"waitUnlockCount":0},{"awardId":104,"awardTitle":"5等奖","isAwardUnlock":true,"sort":4,"waitUnlockCount":0},{"awardId":105,"awardTitle":"4等奖","isAwardUnlock":true,"sort":5,"waitUnlockCount":0},{"awardId":106,"awardRuleLockCount":1,"awardSubtitle":"抽奖1次后解锁","awardTitle":"3等奖","isAwardUnlock":false,"sort":6,"waitUnlockCount":1},{"awardId":107,"awardRuleLockCount":1,"awardSubtitle":"抽奖1次后解锁","awardTitle":"2等奖","isAwardUnlock":false,"sort":7,"waitUnlockCount":1},{"awardId":108,"awardRuleLockCount":2,"awardSubtitle":"抽奖2次后解锁","awardTitle":"1等奖","isAwardUnlock":false,"sort":8,"waitUnlockCount":2}],"info":"success"}
25-01-29.17:39:37.620 [main            ] INFO  RaffleStrategyControllerTest - 请求参数：{"activityId":100301,"userId":"xiaofuge"}
25-01-29.17:39:37.621 [main            ] INFO  RaffleStrategyControllerTest - 测试结果：{"code":"0000","data":[{"awardId":101,"awardTitle":"随机积分","isAwardUnlock":true,"sort":1,"waitUnlockCount":0},{"awardId":102,"awardTitle":"7等奖","isAwardUnlock":true,"sort":2,"waitUnlockCount":0},{"awardId":103,"awardTitle":"6等奖","isAwardUnlock":true,"sort":3,"waitUnlockCount":0},{"awardId":104,"awardTitle":"5等奖","isAwardUnlock":true,"sort":4,"waitUnlockCount":0},{"awardId":105,"awardTitle":"4等奖","isAwardUnlock":true,"sort":5,"waitUnlockCount":0},{"awardId":106,"awardRuleLockCount":1,"awardSubtitle":"抽奖1次后解锁","awardTitle":"3等奖","isAwardUnlock":false,"sort":6,"waitUnlockCount":1},{"awardId":107,"awardRuleLockCount":1,"awardSubtitle":"抽奖1次后解锁","awardTitle":"2等奖","isAwardUnlock":false,"sort":7,"waitUnlockCount":1},{"awardId":108,"awardRuleLockCount":2,"awardSubtitle":"抽奖2次后解锁","awardTitle":"1等奖","isAwardUnlock":false,"sort":8,"waitUnlockCount":2}],"info":"success"}
25-01-29.17:39:37.647 [org.springframework.amqp.rabbit.RabbitListenerEndpointContainer#0-2] INFO  SimpleMessageListenerContainer - Waiting for workers to finish.
25-01-29.17:39:37.651 [org.springframework.amqp.rabbit.RabbitListenerEndpointContainer#1-2] INFO  SimpleMessageListenerContainer - Waiting for workers to finish.
25-01-29.17:39:38.083 [org.springframework.amqp.rabbit.RabbitListenerEndpointContainer#0-2] INFO  SimpleMessageListenerContainer - Successfully waited for workers to finish.
25-01-29.17:39:38.091 [org.springframework.amqp.rabbit.RabbitListenerEndpointContainer#1-2] INFO  SimpleMessageListenerContainer - Successfully waited for workers to finish.
25-01-29.17:39:38.096 [SpringApplicationShutdownHook] INFO  SimpleMessageListenerContainer - Shutdown ignored - container is already stopped
25-01-29.17:39:38.096 [SpringApplicationShutdownHook] INFO  SimpleMessageListenerContainer - Shutdown ignored - container is already stopped
25-01-29.19:48:37.623 [main            ] INFO  RaffleActivityControllerTest - Starting RaffleActivityControllerTest using Java 1.8.0_311 on liuguanzedeMBP with PID 7047 (started by carson in /Users/carson/Desktop/Microservice/big-market/big-market-app)
25-01-29.19:48:37.625 [main            ] INFO  RaffleActivityControllerTest - The following 1 profile is active: "dev"
25-01-29.19:48:39.315 [main            ] INFO  RepositoryConfigurationDelegate - Multiple Spring Data modules found, entering strict repository configuration mode
25-01-29.19:48:39.321 [main            ] INFO  RepositoryConfigurationDelegate - Bootstrapping Spring Data Redis repositories in DEFAULT mode.
25-01-29.19:48:39.387 [main            ] INFO  RepositoryConfigurationDelegate - Finished Spring Data repository scanning in 42 ms. Found 0 Redis repository interfaces.
25-01-29.19:48:41.469 [main            ] INFO  Version                - Redisson 3.23.4
25-01-29.19:48:41.518 [main            ] WARN  DnsServerAddressStreamProviders - Can not find io.netty.resolver.dns.macos.MacOSDnsServerAddressStreamProvider in the classpath, fallback to system defaults. This may result in incorrect DNS resolutions on MacOS. Check whether you have a dependency on 'io.netty:netty-resolver-dns-native-macos'
25-01-29.19:48:41.835 [redisson-netty-2-4] INFO  MasterPubSubConnectionPool - 1 connections initialized for 127.0.0.1/127.0.0.1:16379
25-01-29.19:48:41.861 [redisson-netty-2-13] INFO  MasterConnectionPool   - 5 connections initialized for 127.0.0.1/127.0.0.1:16379
25-01-29.19:48:46.230 [main            ] INFO  EndpointLinksResolver  - Exposing 1 endpoint(s) beneath base path '/actuator'
25-01-29.19:48:46.337 [main            ] INFO  CachingConnectionFactory - Attempting to connect to: [127.0.0.1:5672]
25-01-29.19:48:46.426 [main            ] INFO  CachingConnectionFactory - Created new connection: rabbitConnectionFactory#4bfa5eb9:0/SimpleConnection@29ccab93 [delegate=amqp://admin@127.0.0.1:5672/, localPort= 51880]
25-01-29.19:48:46.570 [main            ] INFO  RaffleActivityControllerTest - Started RaffleActivityControllerTest in 9.538 seconds (JVM running for 10.981)
25-01-29.19:48:46.964 [main            ] INFO  RaffleActivityController - 活动装配，数据预热，开始 activityId:100301
25-01-29.19:48:47.011 [main            ] INFO  HikariDataSource       - Retail_HikariCP - Starting...
25-01-29.19:48:47.491 [main            ] INFO  HikariDataSource       - Retail_HikariCP - Start completed.
25-01-29.19:48:47.888 [main            ] INFO  RaffleActivityController - 活动装配，数据预热，完成 activityId:100301
25-01-29.19:48:48.231 [main            ] INFO  RaffleActivityControllerTest - 测试结果：{"code":"0000","data":true,"info":"success"}
25-01-29.19:48:48.254 [org.springframework.amqp.rabbit.RabbitListenerEndpointContainer#0-2] INFO  SimpleMessageListenerContainer - Waiting for workers to finish.
25-01-29.19:48:48.258 [org.springframework.amqp.rabbit.RabbitListenerEndpointContainer#1-2] INFO  SimpleMessageListenerContainer - Waiting for workers to finish.
25-01-29.19:48:48.539 [org.springframework.amqp.rabbit.RabbitListenerEndpointContainer#0-2] INFO  SimpleMessageListenerContainer - Successfully waited for workers to finish.
25-01-29.19:48:48.554 [org.springframework.amqp.rabbit.RabbitListenerEndpointContainer#1-2] INFO  SimpleMessageListenerContainer - Successfully waited for workers to finish.
25-01-29.19:48:48.557 [SpringApplicationShutdownHook] INFO  SimpleMessageListenerContainer - Shutdown ignored - container is already stopped
25-01-29.19:48:48.558 [SpringApplicationShutdownHook] INFO  SimpleMessageListenerContainer - Shutdown ignored - container is already stopped
25-01-29.19:49:06.011 [main            ] INFO  RaffleActivityControllerTest - Starting RaffleActivityControllerTest using Java 1.8.0_311 on liuguanzedeMBP with PID 7065 (started by carson in /Users/carson/Desktop/Microservice/big-market/big-market-app)
25-01-29.19:49:06.013 [main            ] INFO  RaffleActivityControllerTest - The following 1 profile is active: "dev"
25-01-29.19:49:07.451 [main            ] INFO  RepositoryConfigurationDelegate - Multiple Spring Data modules found, entering strict repository configuration mode
25-01-29.19:49:07.455 [main            ] INFO  RepositoryConfigurationDelegate - Bootstrapping Spring Data Redis repositories in DEFAULT mode.
25-01-29.19:49:07.512 [main            ] INFO  RepositoryConfigurationDelegate - Finished Spring Data repository scanning in 37 ms. Found 0 Redis repository interfaces.
25-01-29.19:49:09.334 [main            ] INFO  Version                - Redisson 3.23.4
25-01-29.19:49:09.369 [main            ] WARN  DnsServerAddressStreamProviders - Can not find io.netty.resolver.dns.macos.MacOSDnsServerAddressStreamProvider in the classpath, fallback to system defaults. This may result in incorrect DNS resolutions on MacOS. Check whether you have a dependency on 'io.netty:netty-resolver-dns-native-macos'
25-01-29.19:49:09.642 [redisson-netty-2-4] INFO  MasterPubSubConnectionPool - 1 connections initialized for 127.0.0.1/127.0.0.1:16379
25-01-29.19:49:09.673 [redisson-netty-2-13] INFO  MasterConnectionPool   - 5 connections initialized for 127.0.0.1/127.0.0.1:16379
25-01-29.19:49:13.683 [main            ] INFO  EndpointLinksResolver  - Exposing 1 endpoint(s) beneath base path '/actuator'
25-01-29.19:49:13.794 [main            ] INFO  CachingConnectionFactory - Attempting to connect to: [127.0.0.1:5672]
25-01-29.19:49:13.875 [main            ] INFO  CachingConnectionFactory - Created new connection: rabbitConnectionFactory#4bfa5eb9:0/SimpleConnection@29ccab93 [delegate=amqp://admin@127.0.0.1:5672/, localPort= 51905]
25-01-29.19:49:13.984 [main            ] INFO  RaffleActivityControllerTest - Started RaffleActivityControllerTest in 8.59 seconds (JVM running for 9.873)
25-01-29.19:49:14.286 [main            ] INFO  RaffleActivityController - 活动抽奖 userId:xiaofuge activityId:100301
25-01-29.19:49:14.474 [main            ] INFO  HikariDataSource       - Retail_HikariCP - Starting...
25-01-29.19:49:14.848 [main            ] INFO  HikariDataSource       - Retail_HikariCP - Start completed.
25-01-29.19:49:15.012 [pool-3-thread-2 ] INFO  HikariDataSource       - Retail_HikariCP - Starting...
25-01-29.19:49:15.023 [main            ] INFO  RaffleActivityController - 活动抽奖，创建订单 userId:xiaofuge activityId:100301 orderId:757196036088
25-01-29.19:49:15.049 [redisson-netty-2-12] ERROR CommandDecoder         - Unable to decode data. channel: [id: 0x488c477d, L:/127.0.0.1:51904 - R:127.0.0.1/127.0.0.1:16379], reply: ReplayingDecoderByteBuf(ridx=155, widx=155), command: (GET), promise: java.util.concurrent.CompletableFuture@88b2c2d[Not completed, 1 dependents], params: [big_market_strategy_key_100006]
com.fasterxml.jackson.databind.exc.InvalidDefinitionException: Cannot construct instance of `cn.bugstack.domain.strategy.model.entity.StrategyEntity` (no Creators, like default constructor, exist): cannot deserialize from Object value (no delegate- or property-based Creator)
 at [Source: (io.netty.buffer.ByteBufInputStream); line: 1, column: 69]
	at com.fasterxml.jackson.databind.exc.InvalidDefinitionException.from(InvalidDefinitionException.java:67)
	at com.fasterxml.jackson.databind.DeserializationContext.reportBadDefinition(DeserializationContext.java:1904)
	at com.fasterxml.jackson.databind.DatabindContext.reportBadDefinition(DatabindContext.java:400)
	at com.fasterxml.jackson.databind.DeserializationContext.handleMissingInstantiator(DeserializationContext.java:1349)
	at com.fasterxml.jackson.databind.deser.BeanDeserializerBase.deserializeFromObjectUsingNonDefault(BeanDeserializerBase.java:1415)
	at com.fasterxml.jackson.databind.deser.BeanDeserializer.deserializeFromObject(BeanDeserializer.java:352)
	at com.fasterxml.jackson.databind.deser.BeanDeserializer._deserializeOther(BeanDeserializer.java:220)
	at com.fasterxml.jackson.databind.deser.BeanDeserializer.deserialize(BeanDeserializer.java:187)
	at com.fasterxml.jackson.databind.jsontype.impl.AsPropertyTypeDeserializer._deserializeTypedForId(AsPropertyTypeDeserializer.java:144)
	at com.fasterxml.jackson.databind.jsontype.impl.AsPropertyTypeDeserializer.deserializeTypedFromObject(AsPropertyTypeDeserializer.java:110)
	at com.fasterxml.jackson.databind.jsontype.impl.AsPropertyTypeDeserializer.deserializeTypedFromAny(AsPropertyTypeDeserializer.java:213)
	at com.fasterxml.jackson.databind.deser.std.UntypedObjectDeserializer$Vanilla.deserializeWithType(UntypedObjectDeserializer.java:781)
	at com.fasterxml.jackson.databind.deser.impl.TypeWrappedDeserializer.deserialize(TypeWrappedDeserializer.java:74)
	at com.fasterxml.jackson.databind.deser.DefaultDeserializationContext.readRootValue(DefaultDeserializationContext.java:323)
	at com.fasterxml.jackson.databind.ObjectMapper._readMapAndClose(ObjectMapper.java:4674)
	at com.fasterxml.jackson.databind.ObjectMapper.readValue(ObjectMapper.java:3666)
	at org.redisson.codec.JsonJacksonCodec$2.decode(JsonJacksonCodec.java:99)
	at org.redisson.client.handler.CommandDecoder.decode(CommandDecoder.java:394)
	at org.redisson.client.handler.CommandDecoder.decodeCommand(CommandDecoder.java:205)
	at org.redisson.client.handler.CommandDecoder.decode(CommandDecoder.java:144)
	at org.redisson.client.handler.CommandDecoder.decode(CommandDecoder.java:120)
	at io.netty.handler.codec.ByteToMessageDecoder.decodeRemovalReentryProtection(ByteToMessageDecoder.java:529)
	at io.netty.handler.codec.ReplayingDecoder.callDecode(ReplayingDecoder.java:366)
	at io.netty.handler.codec.ByteToMessageDecoder.channelRead(ByteToMessageDecoder.java:290)
	at io.netty.channel.AbstractChannelHandlerContext.invokeChannelRead(AbstractChannelHandlerContext.java:444)
	at io.netty.channel.AbstractChannelHandlerContext.invokeChannelRead(AbstractChannelHandlerContext.java:420)
	at io.netty.channel.AbstractChannelHandlerContext.fireChannelRead(AbstractChannelHandlerContext.java:412)
	at io.netty.channel.DefaultChannelPipeline$HeadContext.channelRead(DefaultChannelPipeline.java:1410)
	at io.netty.channel.AbstractChannelHandlerContext.invokeChannelRead(AbstractChannelHandlerContext.java:440)
	at io.netty.channel.AbstractChannelHandlerContext.invokeChannelRead(AbstractChannelHandlerContext.java:420)
	at io.netty.channel.DefaultChannelPipeline.fireChannelRead(DefaultChannelPipeline.java:919)
	at io.netty.channel.nio.AbstractNioByteChannel$NioByteUnsafe.read(AbstractNioByteChannel.java:166)
	at io.netty.channel.nio.NioEventLoop.processSelectedKey(NioEventLoop.java:788)
	at io.netty.channel.nio.NioEventLoop.processSelectedKeysOptimized(NioEventLoop.java:724)
	at io.netty.channel.nio.NioEventLoop.processSelectedKeys(NioEventLoop.java:650)
	at io.netty.channel.nio.NioEventLoop.run(NioEventLoop.java:562)
	at io.netty.util.concurrent.SingleThreadEventExecutor$4.run(SingleThreadEventExecutor.java:997)
	at io.netty.util.internal.ThreadExecutorMap$2.run(ThreadExecutorMap.java:74)
	at io.netty.util.concurrent.FastThreadLocalRunnable.run(FastThreadLocalRunnable.java:30)
	at java.lang.Thread.run(Thread.java:748)
25-01-29.19:49:15.070 [redisson-netty-2-12] ERROR ErrorsLoggingHandler   - Exception occured. Channel: [id: 0x488c477d, L:/127.0.0.1:51904 - R:127.0.0.1/127.0.0.1:16379]
io.netty.handler.codec.DecoderException: com.fasterxml.jackson.databind.exc.InvalidDefinitionException: Cannot construct instance of `cn.bugstack.domain.strategy.model.entity.StrategyEntity` (no Creators, like default constructor, exist): cannot deserialize from Object value (no delegate- or property-based Creator)
 at [Source: (io.netty.buffer.ByteBufInputStream); line: 1, column: 69]
	at io.netty.handler.codec.ReplayingDecoder.callDecode(ReplayingDecoder.java:421)
	at io.netty.handler.codec.ByteToMessageDecoder.channelRead(ByteToMessageDecoder.java:290)
	at io.netty.channel.AbstractChannelHandlerContext.invokeChannelRead(AbstractChannelHandlerContext.java:444)
	at io.netty.channel.AbstractChannelHandlerContext.invokeChannelRead(AbstractChannelHandlerContext.java:420)
	at io.netty.channel.AbstractChannelHandlerContext.fireChannelRead(AbstractChannelHandlerContext.java:412)
	at io.netty.channel.DefaultChannelPipeline$HeadContext.channelRead(DefaultChannelPipeline.java:1410)
	at io.netty.channel.AbstractChannelHandlerContext.invokeChannelRead(AbstractChannelHandlerContext.java:440)
	at io.netty.channel.AbstractChannelHandlerContext.invokeChannelRead(AbstractChannelHandlerContext.java:420)
	at io.netty.channel.DefaultChannelPipeline.fireChannelRead(DefaultChannelPipeline.java:919)
	at io.netty.channel.nio.AbstractNioByteChannel$NioByteUnsafe.read(AbstractNioByteChannel.java:166)
	at io.netty.channel.nio.NioEventLoop.processSelectedKey(NioEventLoop.java:788)
	at io.netty.channel.nio.NioEventLoop.processSelectedKeysOptimized(NioEventLoop.java:724)
	at io.netty.channel.nio.NioEventLoop.processSelectedKeys(NioEventLoop.java:650)
	at io.netty.channel.nio.NioEventLoop.run(NioEventLoop.java:562)
	at io.netty.util.concurrent.SingleThreadEventExecutor$4.run(SingleThreadEventExecutor.java:997)
	at io.netty.util.internal.ThreadExecutorMap$2.run(ThreadExecutorMap.java:74)
	at io.netty.util.concurrent.FastThreadLocalRunnable.run(FastThreadLocalRunnable.java:30)
	at java.lang.Thread.run(Thread.java:748)
Caused by: com.fasterxml.jackson.databind.exc.InvalidDefinitionException: Cannot construct instance of `cn.bugstack.domain.strategy.model.entity.StrategyEntity` (no Creators, like default constructor, exist): cannot deserialize from Object value (no delegate- or property-based Creator)
 at [Source: (io.netty.buffer.ByteBufInputStream); line: 1, column: 69]
	at com.fasterxml.jackson.databind.exc.InvalidDefinitionException.from(InvalidDefinitionException.java:67)
	at com.fasterxml.jackson.databind.DeserializationContext.reportBadDefinition(DeserializationContext.java:1904)
	at com.fasterxml.jackson.databind.DatabindContext.reportBadDefinition(DatabindContext.java:400)
	at com.fasterxml.jackson.databind.DeserializationContext.handleMissingInstantiator(DeserializationContext.java:1349)
	at com.fasterxml.jackson.databind.deser.BeanDeserializerBase.deserializeFromObjectUsingNonDefault(BeanDeserializerBase.java:1415)
	at com.fasterxml.jackson.databind.deser.BeanDeserializer.deserializeFromObject(BeanDeserializer.java:352)
	at com.fasterxml.jackson.databind.deser.BeanDeserializer._deserializeOther(BeanDeserializer.java:220)
	at com.fasterxml.jackson.databind.deser.BeanDeserializer.deserialize(BeanDeserializer.java:187)
	at com.fasterxml.jackson.databind.jsontype.impl.AsPropertyTypeDeserializer._deserializeTypedForId(AsPropertyTypeDeserializer.java:144)
	at com.fasterxml.jackson.databind.jsontype.impl.AsPropertyTypeDeserializer.deserializeTypedFromObject(AsPropertyTypeDeserializer.java:110)
	at com.fasterxml.jackson.databind.jsontype.impl.AsPropertyTypeDeserializer.deserializeTypedFromAny(AsPropertyTypeDeserializer.java:213)
	at com.fasterxml.jackson.databind.deser.std.UntypedObjectDeserializer$Vanilla.deserializeWithType(UntypedObjectDeserializer.java:781)
	at com.fasterxml.jackson.databind.deser.impl.TypeWrappedDeserializer.deserialize(TypeWrappedDeserializer.java:74)
	at com.fasterxml.jackson.databind.deser.DefaultDeserializationContext.readRootValue(DefaultDeserializationContext.java:323)
	at com.fasterxml.jackson.databind.ObjectMapper._readMapAndClose(ObjectMapper.java:4674)
	at com.fasterxml.jackson.databind.ObjectMapper.readValue(ObjectMapper.java:3666)
	at org.redisson.codec.JsonJacksonCodec$2.decode(JsonJacksonCodec.java:99)
	at org.redisson.client.handler.CommandDecoder.decode(CommandDecoder.java:394)
	at org.redisson.client.handler.CommandDecoder.decodeCommand(CommandDecoder.java:205)
	at org.redisson.client.handler.CommandDecoder.decode(CommandDecoder.java:144)
	at org.redisson.client.handler.CommandDecoder.decode(CommandDecoder.java:120)
	at io.netty.handler.codec.ByteToMessageDecoder.decodeRemovalReentryProtection(ByteToMessageDecoder.java:529)
	at io.netty.handler.codec.ReplayingDecoder.callDecode(ReplayingDecoder.java:366)
	... 17 common frames omitted
25-01-29.19:49:15.075 [main            ] ERROR RaffleActivityController - 活动抽奖失败 userId:xiaofuge activityId:100301
org.springframework.dao.InvalidDataAccessApiUsageException: Unexpected exception while processing command; nested exception is org.redisson.client.RedisException: Unexpected exception while processing command
	at org.redisson.spring.data.connection.RedissonExceptionConverter.convert(RedissonExceptionConverter.java:52)
	at org.redisson.spring.data.connection.RedissonExceptionConverter.convert(RedissonExceptionConverter.java:35)
	at org.springframework.data.redis.PassThroughExceptionTranslationStrategy.translate(PassThroughExceptionTranslationStrategy.java:44)
	at org.redisson.spring.data.connection.RedissonConnectionFactory.translateExceptionIfPossible(RedissonConnectionFactory.java:91)
	at org.springframework.dao.support.ChainedPersistenceExceptionTranslator.translateExceptionIfPossible(ChainedPersistenceExceptionTranslator.java:61)
	at org.springframework.dao.support.DataAccessUtils.translateIfNecessary(DataAccessUtils.java:242)
	at org.springframework.dao.support.PersistenceExceptionTranslationInterceptor.invoke(PersistenceExceptionTranslationInterceptor.java:152)
	at org.springframework.aop.framework.ReflectiveMethodInvocation.proceed(ReflectiveMethodInvocation.java:186)
	at org.springframework.aop.framework.CglibAopProxy$CglibMethodInvocation.proceed(CglibAopProxy.java:763)
	at org.springframework.aop.framework.CglibAopProxy$DynamicAdvisedInterceptor.intercept(CglibAopProxy.java:708)
	at cn.bugstack.infrastructure.persistent.repository.StrategyRepository$$EnhancerBySpringCGLIB$$9180a313.queryStrategyEntityByStrategyId(<generated>)
	at cn.bugstack.domain.strategy.service.rule.chain.factory.DefaultChainFactory.openLogicChain(DefaultChainFactory.java:47)
	at cn.bugstack.domain.strategy.service.raffle.DefaultRaffleStrategy.raffleLogicChain(DefaultRaffleStrategy.java:37)
	at cn.bugstack.domain.strategy.service.AbstractRaffleStrategy.performRaffle(AbstractRaffleStrategy.java:48)
	at cn.bugstack.trigger.http.RaffleActivityController.draw(RaffleActivityController.java:116)
	at cn.bugstack.test.trigger.RaffleActivityControllerTest.test_draw(RaffleActivityControllerTest.java:40)
	at sun.reflect.NativeMethodAccessorImpl.invoke0(Native Method)
	at sun.reflect.NativeMethodAccessorImpl.invoke(NativeMethodAccessorImpl.java:62)
	at sun.reflect.DelegatingMethodAccessorImpl.invoke(DelegatingMethodAccessorImpl.java:43)
	at java.lang.reflect.Method.invoke(Method.java:498)
	at org.junit.runners.model.FrameworkMethod$1.runReflectiveCall(FrameworkMethod.java:59)
	at org.junit.internal.runners.model.ReflectiveCallable.run(ReflectiveCallable.java:12)
	at org.junit.runners.model.FrameworkMethod.invokeExplosively(FrameworkMethod.java:56)
	at org.junit.internal.runners.statements.InvokeMethod.evaluate(InvokeMethod.java:17)
	at org.springframework.test.context.junit4.statements.RunBeforeTestExecutionCallbacks.evaluate(RunBeforeTestExecutionCallbacks.java:74)
	at org.springframework.test.context.junit4.statements.RunAfterTestExecutionCallbacks.evaluate(RunAfterTestExecutionCallbacks.java:84)
	at org.springframework.test.context.junit4.statements.RunBeforeTestMethodCallbacks.evaluate(RunBeforeTestMethodCallbacks.java:75)
	at org.springframework.test.context.junit4.statements.RunAfterTestMethodCallbacks.evaluate(RunAfterTestMethodCallbacks.java:86)
	at org.springframework.test.context.junit4.statements.SpringRepeat.evaluate(SpringRepeat.java:84)
	at org.junit.runners.ParentRunner.runLeaf(ParentRunner.java:366)
	at org.springframework.test.context.junit4.SpringJUnit4ClassRunner.runChild(SpringJUnit4ClassRunner.java:251)
	at org.springframework.test.context.junit4.SpringJUnit4ClassRunner.runChild(SpringJUnit4ClassRunner.java:97)
	at org.junit.runners.ParentRunner$4.run(ParentRunner.java:331)
	at org.junit.runners.ParentRunner$1.schedule(ParentRunner.java:79)
	at org.junit.runners.ParentRunner.runChildren(ParentRunner.java:329)
	at org.junit.runners.ParentRunner.access$100(ParentRunner.java:66)
	at org.junit.runners.ParentRunner$2.evaluate(ParentRunner.java:293)
	at org.springframework.test.context.junit4.statements.RunBeforeTestClassCallbacks.evaluate(RunBeforeTestClassCallbacks.java:61)
	at org.springframework.test.context.junit4.statements.RunAfterTestClassCallbacks.evaluate(RunAfterTestClassCallbacks.java:70)
	at org.junit.runners.ParentRunner$3.evaluate(ParentRunner.java:306)
	at org.junit.runners.ParentRunner.run(ParentRunner.java:413)
	at org.springframework.test.context.junit4.SpringJUnit4ClassRunner.run(SpringJUnit4ClassRunner.java:190)
	at org.junit.runner.JUnitCore.run(JUnitCore.java:137)
	at com.intellij.junit4.JUnit4IdeaTestRunner.startRunnerWithArgs(JUnit4IdeaTestRunner.java:69)
	at com.intellij.rt.junit.IdeaTestRunner$Repeater$1.execute(IdeaTestRunner.java:38)
	at com.intellij.rt.execution.junit.TestsRepeater.repeat(TestsRepeater.java:11)
	at com.intellij.rt.junit.IdeaTestRunner$Repeater.startRunnerWithArgs(IdeaTestRunner.java:35)
	at com.intellij.rt.junit.JUnitStarter.prepareStreamsAndStart(JUnitStarter.java:232)
	at com.intellij.rt.junit.JUnitStarter.main(JUnitStarter.java:55)
Caused by: org.redisson.client.RedisException: Unexpected exception while processing command
	at org.redisson.command.CommandAsyncService.convertException(CommandAsyncService.java:299)
	at org.redisson.command.CommandAsyncService.get(CommandAsyncService.java:116)
	at org.redisson.RedissonObject.get(RedissonObject.java:90)
	at org.redisson.RedissonBucket.get(RedissonBucket.java:135)
	at cn.bugstack.infrastructure.persistent.redis.RedissonService.getValue(RedissonService.java:32)
	at cn.bugstack.infrastructure.persistent.repository.StrategyRepository.queryStrategyEntityByStrategyId(StrategyRepository.java:148)
	at cn.bugstack.infrastructure.persistent.repository.StrategyRepository$$FastClassBySpringCGLIB$$1981c8fe.invoke(<generated>)
	at org.springframework.cglib.proxy.MethodProxy.invoke(MethodProxy.java:218)
	at org.springframework.aop.framework.CglibAopProxy$CglibMethodInvocation.invokeJoinpoint(CglibAopProxy.java:793)
	at org.springframework.aop.framework.ReflectiveMethodInvocation.proceed(ReflectiveMethodInvocation.java:163)
	at org.springframework.aop.framework.CglibAopProxy$CglibMethodInvocation.proceed(CglibAopProxy.java:763)
	at org.springframework.dao.support.PersistenceExceptionTranslationInterceptor.invoke(PersistenceExceptionTranslationInterceptor.java:137)
	... 42 common frames omitted
Caused by: com.fasterxml.jackson.databind.exc.InvalidDefinitionException: Cannot construct instance of `cn.bugstack.domain.strategy.model.entity.StrategyEntity` (no Creators, like default constructor, exist): cannot deserialize from Object value (no delegate- or property-based Creator)
 at [Source: (io.netty.buffer.ByteBufInputStream); line: 1, column: 69]
	at com.fasterxml.jackson.databind.exc.InvalidDefinitionException.from(InvalidDefinitionException.java:67)
	at com.fasterxml.jackson.databind.DeserializationContext.reportBadDefinition(DeserializationContext.java:1904)
	at com.fasterxml.jackson.databind.DatabindContext.reportBadDefinition(DatabindContext.java:400)
	at com.fasterxml.jackson.databind.DeserializationContext.handleMissingInstantiator(DeserializationContext.java:1349)
	at com.fasterxml.jackson.databind.deser.BeanDeserializerBase.deserializeFromObjectUsingNonDefault(BeanDeserializerBase.java:1415)
	at com.fasterxml.jackson.databind.deser.BeanDeserializer.deserializeFromObject(BeanDeserializer.java:352)
	at com.fasterxml.jackson.databind.deser.BeanDeserializer._deserializeOther(BeanDeserializer.java:220)
	at com.fasterxml.jackson.databind.deser.BeanDeserializer.deserialize(BeanDeserializer.java:187)
	at com.fasterxml.jackson.databind.jsontype.impl.AsPropertyTypeDeserializer._deserializeTypedForId(AsPropertyTypeDeserializer.java:144)
	at com.fasterxml.jackson.databind.jsontype.impl.AsPropertyTypeDeserializer.deserializeTypedFromObject(AsPropertyTypeDeserializer.java:110)
	at com.fasterxml.jackson.databind.jsontype.impl.AsPropertyTypeDeserializer.deserializeTypedFromAny(AsPropertyTypeDeserializer.java:213)
	at com.fasterxml.jackson.databind.deser.std.UntypedObjectDeserializer$Vanilla.deserializeWithType(UntypedObjectDeserializer.java:781)
	at com.fasterxml.jackson.databind.deser.impl.TypeWrappedDeserializer.deserialize(TypeWrappedDeserializer.java:74)
	at com.fasterxml.jackson.databind.deser.DefaultDeserializationContext.readRootValue(DefaultDeserializationContext.java:323)
	at com.fasterxml.jackson.databind.ObjectMapper._readMapAndClose(ObjectMapper.java:4674)
	at com.fasterxml.jackson.databind.ObjectMapper.readValue(ObjectMapper.java:3666)
	at org.redisson.codec.JsonJacksonCodec$2.decode(JsonJacksonCodec.java:99)
	at org.redisson.client.handler.CommandDecoder.decode(CommandDecoder.java:394)
	at org.redisson.client.handler.CommandDecoder.decodeCommand(CommandDecoder.java:205)
	at org.redisson.client.handler.CommandDecoder.decode(CommandDecoder.java:144)
	at org.redisson.client.handler.CommandDecoder.decode(CommandDecoder.java:120)
	at io.netty.handler.codec.ByteToMessageDecoder.decodeRemovalReentryProtection(ByteToMessageDecoder.java:529)
	at io.netty.handler.codec.ReplayingDecoder.callDecode(ReplayingDecoder.java:366)
	at io.netty.handler.codec.ByteToMessageDecoder.channelRead(ByteToMessageDecoder.java:290)
	at io.netty.channel.AbstractChannelHandlerContext.invokeChannelRead(AbstractChannelHandlerContext.java:444)
	at io.netty.channel.AbstractChannelHandlerContext.invokeChannelRead(AbstractChannelHandlerContext.java:420)
	at io.netty.channel.AbstractChannelHandlerContext.fireChannelRead(AbstractChannelHandlerContext.java:412)
	at io.netty.channel.DefaultChannelPipeline$HeadContext.channelRead(DefaultChannelPipeline.java:1410)
	at io.netty.channel.AbstractChannelHandlerContext.invokeChannelRead(AbstractChannelHandlerContext.java:440)
	at io.netty.channel.AbstractChannelHandlerContext.invokeChannelRead(AbstractChannelHandlerContext.java:420)
	at io.netty.channel.DefaultChannelPipeline.fireChannelRead(DefaultChannelPipeline.java:919)
	at io.netty.channel.nio.AbstractNioByteChannel$NioByteUnsafe.read(AbstractNioByteChannel.java:166)
	at io.netty.channel.nio.NioEventLoop.processSelectedKey(NioEventLoop.java:788)
	at io.netty.channel.nio.NioEventLoop.processSelectedKeysOptimized(NioEventLoop.java:724)
	at io.netty.channel.nio.NioEventLoop.processSelectedKeys(NioEventLoop.java:650)
	at io.netty.channel.nio.NioEventLoop.run(NioEventLoop.java:562)
	at io.netty.util.concurrent.SingleThreadEventExecutor$4.run(SingleThreadEventExecutor.java:997)
	at io.netty.util.internal.ThreadExecutorMap$2.run(ThreadExecutorMap.java:74)
	at io.netty.util.concurrent.FastThreadLocalRunnable.run(FastThreadLocalRunnable.java:30)
	at java.lang.Thread.run(Thread.java:748)
25-01-29.19:49:15.108 [pool-3-thread-2 ] INFO  HikariDataSource       - Retail_HikariCP - Start completed.
25-01-29.19:49:15.477 [main            ] INFO  RaffleActivityControllerTest - 请求参数：{"activityId":100301,"userId":"xiaofuge"}
25-01-29.19:49:15.484 [main            ] INFO  RaffleActivityControllerTest - 测试结果：{"code":"0001","info":"unknown failure"}
25-01-29.19:49:15.520 [org.springframework.amqp.rabbit.RabbitListenerEndpointContainer#0-2] INFO  SimpleMessageListenerContainer - Waiting for workers to finish.
25-01-29.19:49:15.532 [org.springframework.amqp.rabbit.RabbitListenerEndpointContainer#1-2] INFO  SimpleMessageListenerContainer - Waiting for workers to finish.
25-01-29.19:49:15.962 [org.springframework.amqp.rabbit.RabbitListenerEndpointContainer#0-2] INFO  SimpleMessageListenerContainer - Successfully waited for workers to finish.
25-01-29.19:49:15.966 [org.springframework.amqp.rabbit.RabbitListenerEndpointContainer#1-2] INFO  SimpleMessageListenerContainer - Successfully waited for workers to finish.
25-01-29.19:49:15.971 [SpringApplicationShutdownHook] INFO  SimpleMessageListenerContainer - Shutdown ignored - container is already stopped
25-01-29.19:49:15.972 [SpringApplicationShutdownHook] INFO  SimpleMessageListenerContainer - Shutdown ignored - container is already stopped
25-01-29.19:52:22.060 [main            ] INFO  RaffleActivityControllerTest - Starting RaffleActivityControllerTest using Java 1.8.0_311 on liuguanzedeMBP with PID 7161 (started by carson in /Users/carson/Desktop/Microservice/big-market/big-market-app)
25-01-29.19:52:22.062 [main            ] INFO  RaffleActivityControllerTest - The following 1 profile is active: "dev"
25-01-29.19:52:24.389 [main            ] INFO  RepositoryConfigurationDelegate - Multiple Spring Data modules found, entering strict repository configuration mode
25-01-29.19:52:24.404 [main            ] INFO  RepositoryConfigurationDelegate - Bootstrapping Spring Data Redis repositories in DEFAULT mode.
25-01-29.19:52:24.581 [main            ] INFO  RepositoryConfigurationDelegate - Finished Spring Data repository scanning in 76 ms. Found 0 Redis repository interfaces.
25-01-29.19:52:28.118 [main            ] INFO  Version                - Redisson 3.23.4
25-01-29.19:52:28.184 [main            ] WARN  DnsServerAddressStreamProviders - Can not find io.netty.resolver.dns.macos.MacOSDnsServerAddressStreamProvider in the classpath, fallback to system defaults. This may result in incorrect DNS resolutions on MacOS. Check whether you have a dependency on 'io.netty:netty-resolver-dns-native-macos'
25-01-29.19:52:28.696 [redisson-netty-2-6] INFO  MasterPubSubConnectionPool - 1 connections initialized for 127.0.0.1/127.0.0.1:16379
25-01-29.19:52:28.727 [redisson-netty-2-13] INFO  MasterConnectionPool   - 5 connections initialized for 127.0.0.1/127.0.0.1:16379
25-01-29.19:52:34.737 [main            ] INFO  EndpointLinksResolver  - Exposing 1 endpoint(s) beneath base path '/actuator'
25-01-29.19:52:34.950 [main            ] INFO  CachingConnectionFactory - Attempting to connect to: [127.0.0.1:5672]
25-01-29.19:52:35.115 [main            ] INFO  CachingConnectionFactory - Created new connection: rabbitConnectionFactory#4bfa5eb9:0/SimpleConnection@29ccab93 [delegate=amqp://admin@127.0.0.1:5672/, localPort= 52117]
25-01-29.19:52:35.272 [main            ] INFO  RaffleActivityControllerTest - Started RaffleActivityControllerTest in 13.86 seconds (JVM running for 15.716)
25-01-29.19:52:35.819 [main            ] INFO  RaffleActivityController - 活动装配，数据预热，开始 activityId:100301
25-01-29.19:52:35.956 [main            ] INFO  HikariDataSource       - Retail_HikariCP - Starting...
25-01-29.19:52:36.603 [main            ] INFO  HikariDataSource       - Retail_HikariCP - Start completed.
25-01-29.19:52:36.969 [main            ] INFO  RaffleActivityController - 活动装配，数据预热，完成 activityId:100301
25-01-29.19:52:37.326 [main            ] INFO  RaffleActivityControllerTest - 测试结果：{"code":"0000","data":true,"info":"success"}
25-01-29.19:52:37.355 [org.springframework.amqp.rabbit.RabbitListenerEndpointContainer#0-2] INFO  SimpleMessageListenerContainer - Waiting for workers to finish.
25-01-29.19:52:37.361 [org.springframework.amqp.rabbit.RabbitListenerEndpointContainer#1-2] INFO  SimpleMessageListenerContainer - Waiting for workers to finish.
25-01-29.19:52:38.235 [org.springframework.amqp.rabbit.RabbitListenerEndpointContainer#0-2] INFO  SimpleMessageListenerContainer - Successfully waited for workers to finish.
25-01-29.19:52:38.240 [org.springframework.amqp.rabbit.RabbitListenerEndpointContainer#1-2] INFO  SimpleMessageListenerContainer - Successfully waited for workers to finish.
25-01-29.19:52:38.245 [SpringApplicationShutdownHook] INFO  SimpleMessageListenerContainer - Shutdown ignored - container is already stopped
25-01-29.19:52:38.246 [SpringApplicationShutdownHook] INFO  SimpleMessageListenerContainer - Shutdown ignored - container is already stopped
25-01-29.19:53:04.959 [main            ] INFO  RaffleActivityControllerTest - Starting RaffleActivityControllerTest using Java 1.8.0_311 on liuguanzedeMBP with PID 7190 (started by carson in /Users/carson/Desktop/Microservice/big-market/big-market-app)
25-01-29.19:53:04.961 [main            ] INFO  RaffleActivityControllerTest - The following 1 profile is active: "dev"
25-01-29.19:53:06.583 [main            ] INFO  RepositoryConfigurationDelegate - Multiple Spring Data modules found, entering strict repository configuration mode
25-01-29.19:53:06.590 [main            ] INFO  RepositoryConfigurationDelegate - Bootstrapping Spring Data Redis repositories in DEFAULT mode.
25-01-29.19:53:06.664 [main            ] INFO  RepositoryConfigurationDelegate - Finished Spring Data repository scanning in 49 ms. Found 0 Redis repository interfaces.
25-01-29.19:53:09.302 [main            ] INFO  Version                - Redisson 3.23.4
25-01-29.19:53:09.369 [main            ] WARN  DnsServerAddressStreamProviders - Can not find io.netty.resolver.dns.macos.MacOSDnsServerAddressStreamProvider in the classpath, fallback to system defaults. This may result in incorrect DNS resolutions on MacOS. Check whether you have a dependency on 'io.netty:netty-resolver-dns-native-macos'
25-01-29.19:53:09.854 [redisson-netty-2-4] INFO  MasterPubSubConnectionPool - 1 connections initialized for 127.0.0.1/127.0.0.1:16379
25-01-29.19:53:09.898 [redisson-netty-2-13] INFO  MasterConnectionPool   - 5 connections initialized for 127.0.0.1/127.0.0.1:16379
25-01-29.19:53:16.768 [main            ] INFO  EndpointLinksResolver  - Exposing 1 endpoint(s) beneath base path '/actuator'
25-01-29.19:53:16.887 [main            ] INFO  CachingConnectionFactory - Attempting to connect to: [127.0.0.1:5672]
25-01-29.19:53:16.985 [main            ] INFO  CachingConnectionFactory - Created new connection: rabbitConnectionFactory#4bfa5eb9:0/SimpleConnection@29ccab93 [delegate=amqp://admin@127.0.0.1:5672/, localPort= 52146]
25-01-29.19:53:17.118 [main            ] INFO  RaffleActivityControllerTest - Started RaffleActivityControllerTest in 12.73 seconds (JVM running for 14.172)
25-01-29.19:53:17.469 [main            ] INFO  RaffleActivityController - 活动抽奖 userId:xiaofuge activityId:100301
25-01-29.19:53:17.671 [main            ] INFO  HikariDataSource       - Retail_HikariCP - Starting...
25-01-29.19:53:18.120 [main            ] INFO  HikariDataSource       - Retail_HikariCP - Start completed.
25-01-29.19:53:18.167 [main            ] INFO  AbstractRaffleActivityPartake - 创建参与活动订单[已存在 未消费] userId:xiaofuge activityId:100301 userRaffleOrderEntity:UserRaffleOrderEntity(userId=xiaofuge, activityId=100301, activityName=测试活动, strategyId=100006, orderId=757196036088, orderTime=Wed Jan 29 19:49:14 EST 2025, orderState=create, endDateTime=null)
25-01-29.19:53:18.167 [main            ] INFO  RaffleActivityController - 活动抽奖，创建订单 userId:xiaofuge activityId:100301 orderId:757196036088
25-01-29.19:53:18.192 [redisson-netty-2-6] ERROR CommandDecoder         - Unable to decode data. channel: [id: 0x737e33fd, L:/127.0.0.1:52142 - R:127.0.0.1/127.0.0.1:16379], reply: ReplayingDecoderByteBuf(ridx=155, widx=155), command: (GET), promise: java.util.concurrent.CompletableFuture@25b91dcf[Not completed, 1 dependents], params: [big_market_strategy_key_100006]
com.fasterxml.jackson.databind.exc.InvalidDefinitionException: Cannot construct instance of `cn.bugstack.domain.strategy.model.entity.StrategyEntity` (no Creators, like default constructor, exist): cannot deserialize from Object value (no delegate- or property-based Creator)
 at [Source: (io.netty.buffer.ByteBufInputStream); line: 1, column: 69]
	at com.fasterxml.jackson.databind.exc.InvalidDefinitionException.from(InvalidDefinitionException.java:67)
	at com.fasterxml.jackson.databind.DeserializationContext.reportBadDefinition(DeserializationContext.java:1904)
	at com.fasterxml.jackson.databind.DatabindContext.reportBadDefinition(DatabindContext.java:400)
	at com.fasterxml.jackson.databind.DeserializationContext.handleMissingInstantiator(DeserializationContext.java:1349)
	at com.fasterxml.jackson.databind.deser.BeanDeserializerBase.deserializeFromObjectUsingNonDefault(BeanDeserializerBase.java:1415)
	at com.fasterxml.jackson.databind.deser.BeanDeserializer.deserializeFromObject(BeanDeserializer.java:352)
	at com.fasterxml.jackson.databind.deser.BeanDeserializer._deserializeOther(BeanDeserializer.java:220)
	at com.fasterxml.jackson.databind.deser.BeanDeserializer.deserialize(BeanDeserializer.java:187)
	at com.fasterxml.jackson.databind.jsontype.impl.AsPropertyTypeDeserializer._deserializeTypedForId(AsPropertyTypeDeserializer.java:144)
	at com.fasterxml.jackson.databind.jsontype.impl.AsPropertyTypeDeserializer.deserializeTypedFromObject(AsPropertyTypeDeserializer.java:110)
	at com.fasterxml.jackson.databind.jsontype.impl.AsPropertyTypeDeserializer.deserializeTypedFromAny(AsPropertyTypeDeserializer.java:213)
	at com.fasterxml.jackson.databind.deser.std.UntypedObjectDeserializer$Vanilla.deserializeWithType(UntypedObjectDeserializer.java:781)
	at com.fasterxml.jackson.databind.deser.impl.TypeWrappedDeserializer.deserialize(TypeWrappedDeserializer.java:74)
	at com.fasterxml.jackson.databind.deser.DefaultDeserializationContext.readRootValue(DefaultDeserializationContext.java:323)
	at com.fasterxml.jackson.databind.ObjectMapper._readMapAndClose(ObjectMapper.java:4674)
	at com.fasterxml.jackson.databind.ObjectMapper.readValue(ObjectMapper.java:3666)
	at org.redisson.codec.JsonJacksonCodec$2.decode(JsonJacksonCodec.java:99)
	at org.redisson.client.handler.CommandDecoder.decode(CommandDecoder.java:394)
	at org.redisson.client.handler.CommandDecoder.decodeCommand(CommandDecoder.java:205)
	at org.redisson.client.handler.CommandDecoder.decode(CommandDecoder.java:144)
	at org.redisson.client.handler.CommandDecoder.decode(CommandDecoder.java:120)
	at io.netty.handler.codec.ByteToMessageDecoder.decodeRemovalReentryProtection(ByteToMessageDecoder.java:529)
	at io.netty.handler.codec.ReplayingDecoder.callDecode(ReplayingDecoder.java:366)
	at io.netty.handler.codec.ByteToMessageDecoder.channelRead(ByteToMessageDecoder.java:290)
	at io.netty.channel.AbstractChannelHandlerContext.invokeChannelRead(AbstractChannelHandlerContext.java:444)
	at io.netty.channel.AbstractChannelHandlerContext.invokeChannelRead(AbstractChannelHandlerContext.java:420)
	at io.netty.channel.AbstractChannelHandlerContext.fireChannelRead(AbstractChannelHandlerContext.java:412)
	at io.netty.channel.DefaultChannelPipeline$HeadContext.channelRead(DefaultChannelPipeline.java:1410)
	at io.netty.channel.AbstractChannelHandlerContext.invokeChannelRead(AbstractChannelHandlerContext.java:440)
	at io.netty.channel.AbstractChannelHandlerContext.invokeChannelRead(AbstractChannelHandlerContext.java:420)
	at io.netty.channel.DefaultChannelPipeline.fireChannelRead(DefaultChannelPipeline.java:919)
	at io.netty.channel.nio.AbstractNioByteChannel$NioByteUnsafe.read(AbstractNioByteChannel.java:166)
	at io.netty.channel.nio.NioEventLoop.processSelectedKey(NioEventLoop.java:788)
	at io.netty.channel.nio.NioEventLoop.processSelectedKeysOptimized(NioEventLoop.java:724)
	at io.netty.channel.nio.NioEventLoop.processSelectedKeys(NioEventLoop.java:650)
	at io.netty.channel.nio.NioEventLoop.run(NioEventLoop.java:562)
	at io.netty.util.concurrent.SingleThreadEventExecutor$4.run(SingleThreadEventExecutor.java:997)
	at io.netty.util.internal.ThreadExecutorMap$2.run(ThreadExecutorMap.java:74)
	at io.netty.util.concurrent.FastThreadLocalRunnable.run(FastThreadLocalRunnable.java:30)
	at java.lang.Thread.run(Thread.java:748)
25-01-29.19:53:18.207 [redisson-netty-2-6] ERROR ErrorsLoggingHandler   - Exception occured. Channel: [id: 0x737e33fd, L:/127.0.0.1:52142 - R:127.0.0.1/127.0.0.1:16379]
io.netty.handler.codec.DecoderException: com.fasterxml.jackson.databind.exc.InvalidDefinitionException: Cannot construct instance of `cn.bugstack.domain.strategy.model.entity.StrategyEntity` (no Creators, like default constructor, exist): cannot deserialize from Object value (no delegate- or property-based Creator)
 at [Source: (io.netty.buffer.ByteBufInputStream); line: 1, column: 69]
	at io.netty.handler.codec.ReplayingDecoder.callDecode(ReplayingDecoder.java:421)
	at io.netty.handler.codec.ByteToMessageDecoder.channelRead(ByteToMessageDecoder.java:290)
	at io.netty.channel.AbstractChannelHandlerContext.invokeChannelRead(AbstractChannelHandlerContext.java:444)
	at io.netty.channel.AbstractChannelHandlerContext.invokeChannelRead(AbstractChannelHandlerContext.java:420)
	at io.netty.channel.AbstractChannelHandlerContext.fireChannelRead(AbstractChannelHandlerContext.java:412)
	at io.netty.channel.DefaultChannelPipeline$HeadContext.channelRead(DefaultChannelPipeline.java:1410)
	at io.netty.channel.AbstractChannelHandlerContext.invokeChannelRead(AbstractChannelHandlerContext.java:440)
	at io.netty.channel.AbstractChannelHandlerContext.invokeChannelRead(AbstractChannelHandlerContext.java:420)
	at io.netty.channel.DefaultChannelPipeline.fireChannelRead(DefaultChannelPipeline.java:919)
	at io.netty.channel.nio.AbstractNioByteChannel$NioByteUnsafe.read(AbstractNioByteChannel.java:166)
	at io.netty.channel.nio.NioEventLoop.processSelectedKey(NioEventLoop.java:788)
	at io.netty.channel.nio.NioEventLoop.processSelectedKeysOptimized(NioEventLoop.java:724)
	at io.netty.channel.nio.NioEventLoop.processSelectedKeys(NioEventLoop.java:650)
	at io.netty.channel.nio.NioEventLoop.run(NioEventLoop.java:562)
	at io.netty.util.concurrent.SingleThreadEventExecutor$4.run(SingleThreadEventExecutor.java:997)
	at io.netty.util.internal.ThreadExecutorMap$2.run(ThreadExecutorMap.java:74)
	at io.netty.util.concurrent.FastThreadLocalRunnable.run(FastThreadLocalRunnable.java:30)
	at java.lang.Thread.run(Thread.java:748)
Caused by: com.fasterxml.jackson.databind.exc.InvalidDefinitionException: Cannot construct instance of `cn.bugstack.domain.strategy.model.entity.StrategyEntity` (no Creators, like default constructor, exist): cannot deserialize from Object value (no delegate- or property-based Creator)
 at [Source: (io.netty.buffer.ByteBufInputStream); line: 1, column: 69]
	at com.fasterxml.jackson.databind.exc.InvalidDefinitionException.from(InvalidDefinitionException.java:67)
	at com.fasterxml.jackson.databind.DeserializationContext.reportBadDefinition(DeserializationContext.java:1904)
	at com.fasterxml.jackson.databind.DatabindContext.reportBadDefinition(DatabindContext.java:400)
	at com.fasterxml.jackson.databind.DeserializationContext.handleMissingInstantiator(DeserializationContext.java:1349)
	at com.fasterxml.jackson.databind.deser.BeanDeserializerBase.deserializeFromObjectUsingNonDefault(BeanDeserializerBase.java:1415)
	at com.fasterxml.jackson.databind.deser.BeanDeserializer.deserializeFromObject(BeanDeserializer.java:352)
	at com.fasterxml.jackson.databind.deser.BeanDeserializer._deserializeOther(BeanDeserializer.java:220)
	at com.fasterxml.jackson.databind.deser.BeanDeserializer.deserialize(BeanDeserializer.java:187)
	at com.fasterxml.jackson.databind.jsontype.impl.AsPropertyTypeDeserializer._deserializeTypedForId(AsPropertyTypeDeserializer.java:144)
	at com.fasterxml.jackson.databind.jsontype.impl.AsPropertyTypeDeserializer.deserializeTypedFromObject(AsPropertyTypeDeserializer.java:110)
	at com.fasterxml.jackson.databind.jsontype.impl.AsPropertyTypeDeserializer.deserializeTypedFromAny(AsPropertyTypeDeserializer.java:213)
	at com.fasterxml.jackson.databind.deser.std.UntypedObjectDeserializer$Vanilla.deserializeWithType(UntypedObjectDeserializer.java:781)
	at com.fasterxml.jackson.databind.deser.impl.TypeWrappedDeserializer.deserialize(TypeWrappedDeserializer.java:74)
	at com.fasterxml.jackson.databind.deser.DefaultDeserializationContext.readRootValue(DefaultDeserializationContext.java:323)
	at com.fasterxml.jackson.databind.ObjectMapper._readMapAndClose(ObjectMapper.java:4674)
	at com.fasterxml.jackson.databind.ObjectMapper.readValue(ObjectMapper.java:3666)
	at org.redisson.codec.JsonJacksonCodec$2.decode(JsonJacksonCodec.java:99)
	at org.redisson.client.handler.CommandDecoder.decode(CommandDecoder.java:394)
	at org.redisson.client.handler.CommandDecoder.decodeCommand(CommandDecoder.java:205)
	at org.redisson.client.handler.CommandDecoder.decode(CommandDecoder.java:144)
	at org.redisson.client.handler.CommandDecoder.decode(CommandDecoder.java:120)
	at io.netty.handler.codec.ByteToMessageDecoder.decodeRemovalReentryProtection(ByteToMessageDecoder.java:529)
	at io.netty.handler.codec.ReplayingDecoder.callDecode(ReplayingDecoder.java:366)
	... 17 common frames omitted
25-01-29.19:53:18.212 [main            ] ERROR RaffleActivityController - 活动抽奖失败 userId:xiaofuge activityId:100301
org.springframework.dao.InvalidDataAccessApiUsageException: Unexpected exception while processing command; nested exception is org.redisson.client.RedisException: Unexpected exception while processing command
	at org.redisson.spring.data.connection.RedissonExceptionConverter.convert(RedissonExceptionConverter.java:52)
	at org.redisson.spring.data.connection.RedissonExceptionConverter.convert(RedissonExceptionConverter.java:35)
	at org.springframework.data.redis.PassThroughExceptionTranslationStrategy.translate(PassThroughExceptionTranslationStrategy.java:44)
	at org.redisson.spring.data.connection.RedissonConnectionFactory.translateExceptionIfPossible(RedissonConnectionFactory.java:91)
	at org.springframework.dao.support.ChainedPersistenceExceptionTranslator.translateExceptionIfPossible(ChainedPersistenceExceptionTranslator.java:61)
	at org.springframework.dao.support.DataAccessUtils.translateIfNecessary(DataAccessUtils.java:242)
	at org.springframework.dao.support.PersistenceExceptionTranslationInterceptor.invoke(PersistenceExceptionTranslationInterceptor.java:152)
	at org.springframework.aop.framework.ReflectiveMethodInvocation.proceed(ReflectiveMethodInvocation.java:186)
	at org.springframework.aop.framework.CglibAopProxy$CglibMethodInvocation.proceed(CglibAopProxy.java:763)
	at org.springframework.aop.framework.CglibAopProxy$DynamicAdvisedInterceptor.intercept(CglibAopProxy.java:708)
	at cn.bugstack.infrastructure.persistent.repository.StrategyRepository$$EnhancerBySpringCGLIB$$9180a313.queryStrategyEntityByStrategyId(<generated>)
	at cn.bugstack.domain.strategy.service.rule.chain.factory.DefaultChainFactory.openLogicChain(DefaultChainFactory.java:47)
	at cn.bugstack.domain.strategy.service.raffle.DefaultRaffleStrategy.raffleLogicChain(DefaultRaffleStrategy.java:37)
	at cn.bugstack.domain.strategy.service.AbstractRaffleStrategy.performRaffle(AbstractRaffleStrategy.java:48)
	at cn.bugstack.trigger.http.RaffleActivityController.draw(RaffleActivityController.java:116)
	at cn.bugstack.test.trigger.RaffleActivityControllerTest.test_draw(RaffleActivityControllerTest.java:40)
	at sun.reflect.NativeMethodAccessorImpl.invoke0(Native Method)
	at sun.reflect.NativeMethodAccessorImpl.invoke(NativeMethodAccessorImpl.java:62)
	at sun.reflect.DelegatingMethodAccessorImpl.invoke(DelegatingMethodAccessorImpl.java:43)
	at java.lang.reflect.Method.invoke(Method.java:498)
	at org.junit.runners.model.FrameworkMethod$1.runReflectiveCall(FrameworkMethod.java:59)
	at org.junit.internal.runners.model.ReflectiveCallable.run(ReflectiveCallable.java:12)
	at org.junit.runners.model.FrameworkMethod.invokeExplosively(FrameworkMethod.java:56)
	at org.junit.internal.runners.statements.InvokeMethod.evaluate(InvokeMethod.java:17)
	at org.springframework.test.context.junit4.statements.RunBeforeTestExecutionCallbacks.evaluate(RunBeforeTestExecutionCallbacks.java:74)
	at org.springframework.test.context.junit4.statements.RunAfterTestExecutionCallbacks.evaluate(RunAfterTestExecutionCallbacks.java:84)
	at org.springframework.test.context.junit4.statements.RunBeforeTestMethodCallbacks.evaluate(RunBeforeTestMethodCallbacks.java:75)
	at org.springframework.test.context.junit4.statements.RunAfterTestMethodCallbacks.evaluate(RunAfterTestMethodCallbacks.java:86)
	at org.springframework.test.context.junit4.statements.SpringRepeat.evaluate(SpringRepeat.java:84)
	at org.junit.runners.ParentRunner.runLeaf(ParentRunner.java:366)
	at org.springframework.test.context.junit4.SpringJUnit4ClassRunner.runChild(SpringJUnit4ClassRunner.java:251)
	at org.springframework.test.context.junit4.SpringJUnit4ClassRunner.runChild(SpringJUnit4ClassRunner.java:97)
	at org.junit.runners.ParentRunner$4.run(ParentRunner.java:331)
	at org.junit.runners.ParentRunner$1.schedule(ParentRunner.java:79)
	at org.junit.runners.ParentRunner.runChildren(ParentRunner.java:329)
	at org.junit.runners.ParentRunner.access$100(ParentRunner.java:66)
	at org.junit.runners.ParentRunner$2.evaluate(ParentRunner.java:293)
	at org.springframework.test.context.junit4.statements.RunBeforeTestClassCallbacks.evaluate(RunBeforeTestClassCallbacks.java:61)
	at org.springframework.test.context.junit4.statements.RunAfterTestClassCallbacks.evaluate(RunAfterTestClassCallbacks.java:70)
	at org.junit.runners.ParentRunner$3.evaluate(ParentRunner.java:306)
	at org.junit.runners.ParentRunner.run(ParentRunner.java:413)
	at org.springframework.test.context.junit4.SpringJUnit4ClassRunner.run(SpringJUnit4ClassRunner.java:190)
	at org.junit.runner.JUnitCore.run(JUnitCore.java:137)
	at com.intellij.junit4.JUnit4IdeaTestRunner.startRunnerWithArgs(JUnit4IdeaTestRunner.java:69)
	at com.intellij.rt.junit.IdeaTestRunner$Repeater$1.execute(IdeaTestRunner.java:38)
	at com.intellij.rt.execution.junit.TestsRepeater.repeat(TestsRepeater.java:11)
	at com.intellij.rt.junit.IdeaTestRunner$Repeater.startRunnerWithArgs(IdeaTestRunner.java:35)
	at com.intellij.rt.junit.JUnitStarter.prepareStreamsAndStart(JUnitStarter.java:232)
	at com.intellij.rt.junit.JUnitStarter.main(JUnitStarter.java:55)
Caused by: org.redisson.client.RedisException: Unexpected exception while processing command
	at org.redisson.command.CommandAsyncService.convertException(CommandAsyncService.java:299)
	at org.redisson.command.CommandAsyncService.get(CommandAsyncService.java:116)
	at org.redisson.RedissonObject.get(RedissonObject.java:90)
	at org.redisson.RedissonBucket.get(RedissonBucket.java:135)
	at cn.bugstack.infrastructure.persistent.redis.RedissonService.getValue(RedissonService.java:32)
	at cn.bugstack.infrastructure.persistent.repository.StrategyRepository.queryStrategyEntityByStrategyId(StrategyRepository.java:148)
	at cn.bugstack.infrastructure.persistent.repository.StrategyRepository$$FastClassBySpringCGLIB$$1981c8fe.invoke(<generated>)
	at org.springframework.cglib.proxy.MethodProxy.invoke(MethodProxy.java:218)
	at org.springframework.aop.framework.CglibAopProxy$CglibMethodInvocation.invokeJoinpoint(CglibAopProxy.java:793)
	at org.springframework.aop.framework.ReflectiveMethodInvocation.proceed(ReflectiveMethodInvocation.java:163)
	at org.springframework.aop.framework.CglibAopProxy$CglibMethodInvocation.proceed(CglibAopProxy.java:763)
	at org.springframework.dao.support.PersistenceExceptionTranslationInterceptor.invoke(PersistenceExceptionTranslationInterceptor.java:137)
	... 42 common frames omitted
Caused by: com.fasterxml.jackson.databind.exc.InvalidDefinitionException: Cannot construct instance of `cn.bugstack.domain.strategy.model.entity.StrategyEntity` (no Creators, like default constructor, exist): cannot deserialize from Object value (no delegate- or property-based Creator)
 at [Source: (io.netty.buffer.ByteBufInputStream); line: 1, column: 69]
	at com.fasterxml.jackson.databind.exc.InvalidDefinitionException.from(InvalidDefinitionException.java:67)
	at com.fasterxml.jackson.databind.DeserializationContext.reportBadDefinition(DeserializationContext.java:1904)
	at com.fasterxml.jackson.databind.DatabindContext.reportBadDefinition(DatabindContext.java:400)
	at com.fasterxml.jackson.databind.DeserializationContext.handleMissingInstantiator(DeserializationContext.java:1349)
	at com.fasterxml.jackson.databind.deser.BeanDeserializerBase.deserializeFromObjectUsingNonDefault(BeanDeserializerBase.java:1415)
	at com.fasterxml.jackson.databind.deser.BeanDeserializer.deserializeFromObject(BeanDeserializer.java:352)
	at com.fasterxml.jackson.databind.deser.BeanDeserializer._deserializeOther(BeanDeserializer.java:220)
	at com.fasterxml.jackson.databind.deser.BeanDeserializer.deserialize(BeanDeserializer.java:187)
	at com.fasterxml.jackson.databind.jsontype.impl.AsPropertyTypeDeserializer._deserializeTypedForId(AsPropertyTypeDeserializer.java:144)
	at com.fasterxml.jackson.databind.jsontype.impl.AsPropertyTypeDeserializer.deserializeTypedFromObject(AsPropertyTypeDeserializer.java:110)
	at com.fasterxml.jackson.databind.jsontype.impl.AsPropertyTypeDeserializer.deserializeTypedFromAny(AsPropertyTypeDeserializer.java:213)
	at com.fasterxml.jackson.databind.deser.std.UntypedObjectDeserializer$Vanilla.deserializeWithType(UntypedObjectDeserializer.java:781)
	at com.fasterxml.jackson.databind.deser.impl.TypeWrappedDeserializer.deserialize(TypeWrappedDeserializer.java:74)
	at com.fasterxml.jackson.databind.deser.DefaultDeserializationContext.readRootValue(DefaultDeserializationContext.java:323)
	at com.fasterxml.jackson.databind.ObjectMapper._readMapAndClose(ObjectMapper.java:4674)
	at com.fasterxml.jackson.databind.ObjectMapper.readValue(ObjectMapper.java:3666)
	at org.redisson.codec.JsonJacksonCodec$2.decode(JsonJacksonCodec.java:99)
	at org.redisson.client.handler.CommandDecoder.decode(CommandDecoder.java:394)
	at org.redisson.client.handler.CommandDecoder.decodeCommand(CommandDecoder.java:205)
	at org.redisson.client.handler.CommandDecoder.decode(CommandDecoder.java:144)
	at org.redisson.client.handler.CommandDecoder.decode(CommandDecoder.java:120)
	at io.netty.handler.codec.ByteToMessageDecoder.decodeRemovalReentryProtection(ByteToMessageDecoder.java:529)
	at io.netty.handler.codec.ReplayingDecoder.callDecode(ReplayingDecoder.java:366)
	at io.netty.handler.codec.ByteToMessageDecoder.channelRead(ByteToMessageDecoder.java:290)
	at io.netty.channel.AbstractChannelHandlerContext.invokeChannelRead(AbstractChannelHandlerContext.java:444)
	at io.netty.channel.AbstractChannelHandlerContext.invokeChannelRead(AbstractChannelHandlerContext.java:420)
	at io.netty.channel.AbstractChannelHandlerContext.fireChannelRead(AbstractChannelHandlerContext.java:412)
	at io.netty.channel.DefaultChannelPipeline$HeadContext.channelRead(DefaultChannelPipeline.java:1410)
	at io.netty.channel.AbstractChannelHandlerContext.invokeChannelRead(AbstractChannelHandlerContext.java:440)
	at io.netty.channel.AbstractChannelHandlerContext.invokeChannelRead(AbstractChannelHandlerContext.java:420)
	at io.netty.channel.DefaultChannelPipeline.fireChannelRead(DefaultChannelPipeline.java:919)
	at io.netty.channel.nio.AbstractNioByteChannel$NioByteUnsafe.read(AbstractNioByteChannel.java:166)
	at io.netty.channel.nio.NioEventLoop.processSelectedKey(NioEventLoop.java:788)
	at io.netty.channel.nio.NioEventLoop.processSelectedKeysOptimized(NioEventLoop.java:724)
	at io.netty.channel.nio.NioEventLoop.processSelectedKeys(NioEventLoop.java:650)
	at io.netty.channel.nio.NioEventLoop.run(NioEventLoop.java:562)
	at io.netty.util.concurrent.SingleThreadEventExecutor$4.run(SingleThreadEventExecutor.java:997)
	at io.netty.util.internal.ThreadExecutorMap$2.run(ThreadExecutorMap.java:74)
	at io.netty.util.concurrent.FastThreadLocalRunnable.run(FastThreadLocalRunnable.java:30)
	at java.lang.Thread.run(Thread.java:748)
25-01-29.19:53:18.560 [main            ] INFO  RaffleActivityControllerTest - 请求参数：{"activityId":100301,"userId":"xiaofuge"}
25-01-29.19:53:18.565 [main            ] INFO  RaffleActivityControllerTest - 测试结果：{"code":"0001","info":"unknown failure"}
25-01-29.19:53:18.588 [org.springframework.amqp.rabbit.RabbitListenerEndpointContainer#0-2] INFO  SimpleMessageListenerContainer - Waiting for workers to finish.
25-01-29.19:53:18.593 [org.springframework.amqp.rabbit.RabbitListenerEndpointContainer#1-2] INFO  SimpleMessageListenerContainer - Waiting for workers to finish.
25-01-29.19:53:19.082 [org.springframework.amqp.rabbit.RabbitListenerEndpointContainer#0-2] INFO  SimpleMessageListenerContainer - Successfully waited for workers to finish.
25-01-29.19:53:19.092 [org.springframework.amqp.rabbit.RabbitListenerEndpointContainer#1-2] INFO  SimpleMessageListenerContainer - Successfully waited for workers to finish.
25-01-29.19:53:19.100 [SpringApplicationShutdownHook] INFO  SimpleMessageListenerContainer - Shutdown ignored - container is already stopped
25-01-29.19:53:19.101 [SpringApplicationShutdownHook] INFO  SimpleMessageListenerContainer - Shutdown ignored - container is already stopped
25-01-29.19:54:04.112 [main            ] INFO  RaffleActivityControllerTest - Starting RaffleActivityControllerTest using Java 1.8.0_311 on liuguanzedeMBP with PID 7237 (started by carson in /Users/carson/Desktop/Microservice/big-market/big-market-app)
25-01-29.19:54:04.113 [main            ] INFO  RaffleActivityControllerTest - The following 1 profile is active: "dev"
25-01-29.19:54:05.745 [main            ] INFO  RepositoryConfigurationDelegate - Multiple Spring Data modules found, entering strict repository configuration mode
25-01-29.19:54:05.750 [main            ] INFO  RepositoryConfigurationDelegate - Bootstrapping Spring Data Redis repositories in DEFAULT mode.
25-01-29.19:54:05.812 [main            ] INFO  RepositoryConfigurationDelegate - Finished Spring Data repository scanning in 41 ms. Found 0 Redis repository interfaces.
25-01-29.19:54:07.996 [main            ] INFO  Version                - Redisson 3.23.4
25-01-29.19:54:08.065 [main            ] WARN  DnsServerAddressStreamProviders - Can not find io.netty.resolver.dns.macos.MacOSDnsServerAddressStreamProvider in the classpath, fallback to system defaults. This may result in incorrect DNS resolutions on MacOS. Check whether you have a dependency on 'io.netty:netty-resolver-dns-native-macos'
25-01-29.19:54:08.461 [redisson-netty-2-5] INFO  MasterPubSubConnectionPool - 1 connections initialized for 127.0.0.1/127.0.0.1:16379
25-01-29.19:54:08.488 [redisson-netty-2-13] INFO  MasterConnectionPool   - 5 connections initialized for 127.0.0.1/127.0.0.1:16379
25-01-29.19:54:12.897 [main            ] INFO  EndpointLinksResolver  - Exposing 1 endpoint(s) beneath base path '/actuator'
25-01-29.19:54:13.016 [main            ] INFO  CachingConnectionFactory - Attempting to connect to: [127.0.0.1:5672]
25-01-29.19:54:13.112 [main            ] INFO  CachingConnectionFactory - Created new connection: rabbitConnectionFactory#4bfa5eb9:0/SimpleConnection@29ccab93 [delegate=amqp://admin@127.0.0.1:5672/, localPort= 52187]
25-01-29.19:54:13.242 [main            ] INFO  RaffleActivityControllerTest - Started RaffleActivityControllerTest in 9.712 seconds (JVM running for 11.135)
25-01-29.19:54:13.653 [main            ] INFO  RaffleActivityController - 活动抽奖 userId:xiaofuge activityId:100301
25-01-29.19:54:13.815 [main            ] INFO  HikariDataSource       - Retail_HikariCP - Starting...
25-01-29.19:54:14.292 [main            ] INFO  HikariDataSource       - Retail_HikariCP - Start completed.
25-01-29.19:54:14.343 [main            ] INFO  AbstractRaffleActivityPartake - 创建参与活动订单[已存在 未消费] userId:xiaofuge activityId:100301 userRaffleOrderEntity:UserRaffleOrderEntity(userId=xiaofuge, activityId=100301, activityName=测试活动, strategyId=100006, orderId=757196036088, orderTime=Wed Jan 29 19:49:14 EST 2025, orderState=create, endDateTime=null)
25-01-29.19:54:14.343 [main            ] INFO  RaffleActivityController - 活动抽奖，创建订单 userId:xiaofuge activityId:100301 orderId:757196036088
25-01-29.19:54:14.378 [main            ] INFO  DefaultLogicChain      - 抽奖责任链-默认处理 userId: xiaofuge strategyId: 100006 ruleModel: rule_default awardId: 107
25-01-29.19:54:14.379 [main            ] INFO  AbstractRaffleStrategy - 抽奖策略计算-责任链 xiaofuge 100006 107 rule_default
25-01-29.19:54:14.380 [main            ] INFO  HikariDataSource       - Retail_HikariCP - Starting...
25-01-29.19:54:14.464 [main            ] INFO  HikariDataSource       - Retail_HikariCP - Start completed.
25-01-29.19:54:14.543 [main            ] INFO  RuleLockLogicTreeNode  - 规则过滤-次数锁 userId:xiaofuge strategyId:100006 awardId:107 ruleValue:1
25-01-29.19:54:14.563 [main            ] INFO  RuleLockLogicTreeNode  - 规则过滤-次数锁【放行】 userId:xiaofuge strategyId:100006 awardId:107 raffleCount:30 userRaffleCount:30
25-01-29.19:54:14.564 [main            ] INFO  DecisionTreeEngine     - 决策树引擎【规则树】treeId:tree_lock_1 node:rule_lock code:0000
25-01-29.19:54:14.641 [main            ] INFO  DecisionTreeEngine     - 决策树引擎【规则树】treeId:tree_lock_1 node:rule_stock code:0001
25-01-29.19:54:14.641 [main            ] INFO  AbstractRaffleStrategy - 抽奖策略计算-规则树 xiaofuge 100006 107 
25-01-29.19:54:15.014 [pool-3-thread-2 ] INFO  HikariDataSource       - Retail_HikariCP - Starting...
25-01-29.19:54:15.090 [pool-3-thread-2 ] INFO  HikariDataSource       - Retail_HikariCP - Start completed.
25-01-29.19:54:15.175 [main            ] INFO  EventPublisher         - 发送MQ消息 topic:send_award message:{"data":{"awardId":107,"awardTitle":"2等奖","userId":"xiaofuge"},"id":"60718079500","timestamp":1738198454676}
25-01-29.19:54:15.190 [org.springframework.amqp.rabbit.RabbitListenerEndpointContainer#1-1] INFO  SendAwardCustomer      - 监听用户奖品发送消息 topic: send_award message: {"data":{"awardId":107,"awardTitle":"2等奖","userId":"xiaofuge"},"id":"60718079500","timestamp":1738198454676}
25-01-29.19:54:15.200 [main            ] INFO  RaffleActivityControllerTest - 请求参数：{"activityId":100301,"userId":"xiaofuge"}
25-01-29.19:54:15.209 [main            ] INFO  RaffleActivityControllerTest - 测试结果：{"code":"0000","data":{"awardId":107,"awardIndex":7,"awardTitle":"2等奖"},"info":"success"}
25-01-29.19:54:15.240 [org.springframework.amqp.rabbit.RabbitListenerEndpointContainer#0-2] INFO  SimpleMessageListenerContainer - Waiting for workers to finish.
25-01-29.19:54:15.245 [org.springframework.amqp.rabbit.RabbitListenerEndpointContainer#1-2] INFO  SimpleMessageListenerContainer - Waiting for workers to finish.
25-01-29.19:54:16.206 [org.springframework.amqp.rabbit.RabbitListenerEndpointContainer#1-2] INFO  SimpleMessageListenerContainer - Successfully waited for workers to finish.
25-01-29.19:54:16.220 [org.springframework.amqp.rabbit.RabbitListenerEndpointContainer#0-2] INFO  SimpleMessageListenerContainer - Successfully waited for workers to finish.
25-01-29.19:54:16.226 [SpringApplicationShutdownHook] INFO  SimpleMessageListenerContainer - Shutdown ignored - container is already stopped
25-01-29.19:54:16.227 [SpringApplicationShutdownHook] INFO  SimpleMessageListenerContainer - Shutdown ignored - container is already stopped
25-01-29.20:30:34.549 [main            ] INFO  RaffleActivityControllerTest - Starting RaffleActivityControllerTest using Java 1.8.0_311 on liuguanzedeMBP with PID 8235 (started by carson in /Users/carson/Desktop/Microservice/big-market/big-market-app)
25-01-29.20:30:34.551 [main            ] INFO  RaffleActivityControllerTest - The following 1 profile is active: "dev"
25-01-29.20:30:36.195 [main            ] INFO  RepositoryConfigurationDelegate - Multiple Spring Data modules found, entering strict repository configuration mode
25-01-29.20:30:36.200 [main            ] INFO  RepositoryConfigurationDelegate - Bootstrapping Spring Data Redis repositories in DEFAULT mode.
25-01-29.20:30:36.264 [main            ] INFO  RepositoryConfigurationDelegate - Finished Spring Data repository scanning in 42 ms. Found 0 Redis repository interfaces.
25-01-29.20:30:39.020 [main            ] INFO  Version                - Redisson 3.23.4
25-01-29.20:30:39.073 [main            ] WARN  DnsServerAddressStreamProviders - Can not find io.netty.resolver.dns.macos.MacOSDnsServerAddressStreamProvider in the classpath, fallback to system defaults. This may result in incorrect DNS resolutions on MacOS. Check whether you have a dependency on 'io.netty:netty-resolver-dns-native-macos'
25-01-29.20:30:39.470 [redisson-netty-2-4] INFO  MasterPubSubConnectionPool - 1 connections initialized for 127.0.0.1/127.0.0.1:16379
25-01-29.20:30:39.498 [redisson-netty-2-13] INFO  MasterConnectionPool   - 5 connections initialized for 127.0.0.1/127.0.0.1:16379
25-01-29.20:30:44.097 [main            ] INFO  EndpointLinksResolver  - Exposing 1 endpoint(s) beneath base path '/actuator'
25-01-29.20:30:44.246 [main            ] INFO  CachingConnectionFactory - Attempting to connect to: [127.0.0.1:5672]
25-01-29.20:30:44.384 [main            ] INFO  CachingConnectionFactory - Created new connection: rabbitConnectionFactory#4bfa5eb9:0/SimpleConnection@29ccab93 [delegate=amqp://admin@127.0.0.1:5672/, localPort= 52524]
25-01-29.20:30:44.517 [main            ] INFO  RaffleActivityControllerTest - Started RaffleActivityControllerTest in 10.563 seconds (JVM running for 12.037)
25-01-29.20:30:44.911 [main            ] INFO  RaffleActivityController - 活动抽奖 userId:xiaofuge activityId:100301
25-01-29.20:30:45.064 [main            ] INFO  HikariDataSource       - Retail_HikariCP - Starting...
25-01-29.20:30:45.064 [pool-3-thread-2 ] INFO  HikariDataSource       - Retail_HikariCP - Starting...
25-01-29.20:30:45.583 [pool-3-thread-2 ] INFO  HikariDataSource       - Retail_HikariCP - Start completed.
25-01-29.20:30:45.583 [main            ] INFO  HikariDataSource       - Retail_HikariCP - Start completed.
25-01-29.20:30:45.767 [main            ] INFO  RaffleActivityController - 活动抽奖，创建订单 userId:xiaofuge activityId:100301 orderId:351683776514
25-01-29.20:30:45.814 [main            ] INFO  DefaultLogicChain      - 抽奖责任链-默认处理 userId: xiaofuge strategyId: 100006 ruleModel: rule_default awardId: 104
25-01-29.20:30:45.816 [main            ] INFO  AbstractRaffleStrategy - 抽奖策略计算-责任链 xiaofuge 100006 104 rule_default
25-01-29.20:30:45.817 [main            ] INFO  HikariDataSource       - Retail_HikariCP - Starting...
25-01-29.20:30:45.920 [main            ] INFO  HikariDataSource       - Retail_HikariCP - Start completed.
25-01-29.20:30:46.128 [main            ] INFO  DecisionTreeEngine     - 决策树引擎【规则树-兜底奖励】treeId:tree_luck_award node:rule_stock code:0001
25-01-29.20:30:46.131 [main            ] INFO  AbstractRaffleStrategy - 抽奖策略计算-规则树 xiaofuge 100006 104 
25-01-29.20:30:46.735 [main            ] INFO  EventPublisher         - 发送MQ消息 topic:send_award message:{"data":{"awardId":104,"awardTitle":"5等奖","userId":"xiaofuge"},"id":"12527475463","timestamp":1738200646170}
25-01-29.20:30:46.755 [org.springframework.amqp.rabbit.RabbitListenerEndpointContainer#1-1] INFO  SendAwardCustomer      - 监听用户奖品发送消息 topic: send_award message: {"data":{"awardId":104,"awardTitle":"5等奖","userId":"xiaofuge"},"id":"12527475463","timestamp":1738200646170}
25-01-29.20:30:46.769 [main            ] INFO  RaffleActivityControllerTest - 请求参数：{"activityId":100301,"userId":"xiaofuge"}
25-01-29.20:30:46.777 [main            ] INFO  RaffleActivityControllerTest - 测试结果：{"code":"0000","data":{"awardId":104,"awardIndex":4,"awardTitle":"5等奖"},"info":"success"}
25-01-29.20:30:46.807 [org.springframework.amqp.rabbit.RabbitListenerEndpointContainer#0-2] INFO  SimpleMessageListenerContainer - Waiting for workers to finish.
25-01-29.20:30:46.810 [org.springframework.amqp.rabbit.RabbitListenerEndpointContainer#1-2] INFO  SimpleMessageListenerContainer - Waiting for workers to finish.
25-01-29.20:30:47.484 [org.springframework.amqp.rabbit.RabbitListenerEndpointContainer#0-2] INFO  SimpleMessageListenerContainer - Successfully waited for workers to finish.
25-01-29.20:30:47.777 [org.springframework.amqp.rabbit.RabbitListenerEndpointContainer#1-2] INFO  SimpleMessageListenerContainer - Successfully waited for workers to finish.
25-01-29.20:30:47.790 [SpringApplicationShutdownHook] INFO  SimpleMessageListenerContainer - Shutdown ignored - container is already stopped
25-01-29.20:30:47.791 [SpringApplicationShutdownHook] INFO  SimpleMessageListenerContainer - Shutdown ignored - container is already stopped
25-01-29.20:31:53.639 [main            ] INFO  RaffleStrategyControllerTest - Starting RaffleStrategyControllerTest using Java 1.8.0_311 on liuguanzedeMBP with PID 8286 (started by carson in /Users/carson/Desktop/Microservice/big-market/big-market-app)
25-01-29.20:31:53.641 [main            ] INFO  RaffleStrategyControllerTest - The following 1 profile is active: "dev"
25-01-29.20:31:55.154 [main            ] INFO  RepositoryConfigurationDelegate - Multiple Spring Data modules found, entering strict repository configuration mode
25-01-29.20:31:55.160 [main            ] INFO  RepositoryConfigurationDelegate - Bootstrapping Spring Data Redis repositories in DEFAULT mode.
25-01-29.20:31:55.228 [main            ] INFO  RepositoryConfigurationDelegate - Finished Spring Data repository scanning in 46 ms. Found 0 Redis repository interfaces.
25-01-29.20:31:57.128 [main            ] INFO  Version                - Redisson 3.23.4
25-01-29.20:31:57.163 [main            ] WARN  DnsServerAddressStreamProviders - Can not find io.netty.resolver.dns.macos.MacOSDnsServerAddressStreamProvider in the classpath, fallback to system defaults. This may result in incorrect DNS resolutions on MacOS. Check whether you have a dependency on 'io.netty:netty-resolver-dns-native-macos'
25-01-29.20:31:57.487 [redisson-netty-2-5] INFO  MasterPubSubConnectionPool - 1 connections initialized for 127.0.0.1/127.0.0.1:16379
25-01-29.20:31:57.517 [redisson-netty-2-13] INFO  MasterConnectionPool   - 5 connections initialized for 127.0.0.1/127.0.0.1:16379
25-01-29.20:32:01.821 [main            ] INFO  EndpointLinksResolver  - Exposing 1 endpoint(s) beneath base path '/actuator'
25-01-29.20:32:01.926 [main            ] INFO  CachingConnectionFactory - Attempting to connect to: [127.0.0.1:5672]
25-01-29.20:32:02.008 [main            ] INFO  CachingConnectionFactory - Created new connection: rabbitConnectionFactory#4bfa5eb9:0/SimpleConnection@29ccab93 [delegate=amqp://admin@127.0.0.1:5672/, localPort= 52596]
25-01-29.20:32:02.134 [main            ] INFO  RaffleStrategyControllerTest - Started RaffleStrategyControllerTest in 9.064 seconds (JVM running for 10.413)
25-01-29.20:32:02.451 [main            ] INFO  RaffleStrategyController - 查询抽奖奖品列表配开始 userId:xiaofuge activityId：100301
25-01-29.20:32:02.493 [main            ] INFO  HikariDataSource       - Retail_HikariCP - Starting...
25-01-29.20:32:02.923 [main            ] INFO  HikariDataSource       - Retail_HikariCP - Start completed.
25-01-29.20:32:03.135 [main            ] INFO  HikariDataSource       - Retail_HikariCP - Starting...
25-01-29.20:32:03.194 [main            ] INFO  HikariDataSource       - Retail_HikariCP - Start completed.
25-01-29.20:32:03.533 [main            ] INFO  RaffleStrategyController - 查询抽奖奖品列表配置完成 userId:xiaofuge activityId：100301 response:{"code":"0000","data":[{"awardId":101,"awardTitle":"随机积分","isAwardUnlock":true,"sort":1,"waitUnlockCount":0},{"awardId":102,"awardTitle":"7等奖","isAwardUnlock":true,"sort":2,"waitUnlockCount":0},{"awardId":103,"awardTitle":"6等奖","isAwardUnlock":true,"sort":3,"waitUnlockCount":0},{"awardId":104,"awardTitle":"5等奖","isAwardUnlock":true,"sort":4,"waitUnlockCount":0},{"awardId":105,"awardTitle":"4等奖","isAwardUnlock":true,"sort":5,"waitUnlockCount":0},{"awardId":106,"awardRuleLockCount":1,"awardSubtitle":"抽奖1次后解锁","awardTitle":"3等奖","isAwardUnlock":true,"sort":6,"waitUnlockCount":0},{"awardId":107,"awardRuleLockCount":1,"awardSubtitle":"抽奖1次后解锁","awardTitle":"2等奖","isAwardUnlock":true,"sort":7,"waitUnlockCount":0},{"awardId":108,"awardRuleLockCount":2,"awardSubtitle":"抽奖2次后解锁","awardTitle":"1等奖","isAwardUnlock":true,"sort":8,"waitUnlockCount":0}],"info":"success"}
25-01-29.20:32:03.540 [main            ] INFO  RaffleStrategyControllerTest - 请求参数：{"activityId":100301,"userId":"xiaofuge"}
25-01-29.20:32:03.541 [main            ] INFO  RaffleStrategyControllerTest - 测试结果：{"code":"0000","data":[{"awardId":101,"awardTitle":"随机积分","isAwardUnlock":true,"sort":1,"waitUnlockCount":0},{"awardId":102,"awardTitle":"7等奖","isAwardUnlock":true,"sort":2,"waitUnlockCount":0},{"awardId":103,"awardTitle":"6等奖","isAwardUnlock":true,"sort":3,"waitUnlockCount":0},{"awardId":104,"awardTitle":"5等奖","isAwardUnlock":true,"sort":4,"waitUnlockCount":0},{"awardId":105,"awardTitle":"4等奖","isAwardUnlock":true,"sort":5,"waitUnlockCount":0},{"awardId":106,"awardRuleLockCount":1,"awardSubtitle":"抽奖1次后解锁","awardTitle":"3等奖","isAwardUnlock":true,"sort":6,"waitUnlockCount":0},{"awardId":107,"awardRuleLockCount":1,"awardSubtitle":"抽奖1次后解锁","awardTitle":"2等奖","isAwardUnlock":true,"sort":7,"waitUnlockCount":0},{"awardId":108,"awardRuleLockCount":2,"awardSubtitle":"抽奖2次后解锁","awardTitle":"1等奖","isAwardUnlock":true,"sort":8,"waitUnlockCount":0}],"info":"success"}
25-01-29.20:32:03.572 [org.springframework.amqp.rabbit.RabbitListenerEndpointContainer#0-2] INFO  SimpleMessageListenerContainer - Waiting for workers to finish.
25-01-29.20:32:03.577 [org.springframework.amqp.rabbit.RabbitListenerEndpointContainer#1-2] INFO  SimpleMessageListenerContainer - Waiting for workers to finish.
25-01-29.20:32:04.103 [org.springframework.amqp.rabbit.RabbitListenerEndpointContainer#0-2] INFO  SimpleMessageListenerContainer - Successfully waited for workers to finish.
25-01-29.20:32:04.119 [org.springframework.amqp.rabbit.RabbitListenerEndpointContainer#1-2] INFO  SimpleMessageListenerContainer - Successfully waited for workers to finish.
25-01-29.20:32:04.125 [SpringApplicationShutdownHook] INFO  SimpleMessageListenerContainer - Shutdown ignored - container is already stopped
25-01-29.20:32:04.125 [SpringApplicationShutdownHook] INFO  SimpleMessageListenerContainer - Shutdown ignored - container is already stopped
