25-02-01.10:36:45.902 [main            ] INFO  BehaviorRebateServiceTest - Starting BehaviorRebateServiceTest using Java 1.8.0_311 on liuguanzedeMBP with PID 1836 (started by carson in /Users/carson/Desktop/Microservice/big-market/big-market-app)
25-02-01.10:36:45.904 [main            ] INFO  BehaviorRebateServiceTest - The following 1 profile is active: "dev"
25-02-01.10:36:47.538 [main            ] INFO  RepositoryConfigurationDelegate - Multiple Spring Data modules found, entering strict repository configuration mode
25-02-01.10:36:47.543 [main            ] INFO  RepositoryConfigurationDelegate - Bootstrapping Spring Data Redis repositories in DEFAULT mode.
25-02-01.10:36:47.617 [main            ] INFO  RepositoryConfigurationDelegate - Finished Spring Data repository scanning in 48 ms. Found 0 Redis repository interfaces.
25-02-01.10:36:49.865 [main            ] INFO  Version                - Redisson 3.23.4
25-02-01.10:36:49.907 [main            ] WARN  DnsServerAddressStreamProviders - Can not find io.netty.resolver.dns.macos.MacOSDnsServerAddressStreamProvider in the classpath, fallback to system defaults. This may result in incorrect DNS resolutions on MacOS. Check whether you have a dependency on 'io.netty:netty-resolver-dns-native-macos'
25-02-01.10:36:50.265 [redisson-netty-2-4] INFO  MasterPubSubConnectionPool - 1 connections initialized for 127.0.0.1/127.0.0.1:16379
25-02-01.10:36:50.308 [redisson-netty-2-13] INFO  MasterConnectionPool   - 5 connections initialized for 127.0.0.1/127.0.0.1:16379
25-02-01.10:36:55.241 [main            ] INFO  EndpointLinksResolver  - Exposing 1 endpoint(s) beneath base path '/actuator'
25-02-01.10:36:55.377 [main            ] INFO  CachingConnectionFactory - Attempting to connect to: [127.0.0.1:5672]
25-02-01.10:36:55.479 [main            ] INFO  CachingConnectionFactory - Created new connection: rabbitConnectionFactory#74c7522c:0/SimpleConnection@5831989d [delegate=amqp://admin@127.0.0.1:5672/, localPort= 49883]
25-02-01.10:36:55.605 [main            ] INFO  BehaviorRebateServiceTest - Started BehaviorRebateServiceTest in 10.389 seconds (JVM running for 12.057)
25-02-01.10:36:56.080 [main            ] INFO  HikariDataSource       - Retail_HikariCP - Starting...
25-02-01.10:36:56.659 [main            ] INFO  HikariDataSource       - Retail_HikariCP - Start completed.
25-02-01.10:36:56.730 [main            ] INFO  HikariDataSource       - Retail_HikariCP - Starting...
25-02-01.10:36:56.790 [main            ] INFO  HikariDataSource       - Retail_HikariCP - Start completed.
25-02-01.10:36:57.250 [main            ] INFO  BehaviorRebateServiceTest - 请求参数：{"behaviorTypeVO":"SIGN","outBusinessNo":"20240429","userId":"xiaofuge"}
25-02-01.10:36:57.260 [main            ] INFO  BehaviorRebateServiceTest - 测试结果：["153627945695","992456166659"]
25-02-01.10:36:57.293 [org.springframework.amqp.rabbit.RabbitListenerEndpointContainer#0-2] INFO  SimpleMessageListenerContainer - Waiting for workers to finish.
25-02-01.10:36:57.300 [org.springframework.amqp.rabbit.RabbitListenerEndpointContainer#1-2] INFO  SimpleMessageListenerContainer - Waiting for workers to finish.
25-02-01.10:36:57.570 [org.springframework.amqp.rabbit.RabbitListenerEndpointContainer#0-2] INFO  SimpleMessageListenerContainer - Successfully waited for workers to finish.
25-02-01.10:36:57.581 [org.springframework.amqp.rabbit.RabbitListenerEndpointContainer#1-2] INFO  SimpleMessageListenerContainer - Successfully waited for workers to finish.
25-02-01.10:36:57.585 [SpringApplicationShutdownHook] INFO  SimpleMessageListenerContainer - Shutdown ignored - container is already stopped
25-02-01.10:36:57.586 [SpringApplicationShutdownHook] INFO  SimpleMessageListenerContainer - Shutdown ignored - container is already stopped
25-02-01.10:37:08.311 [main            ] INFO  BehaviorRebateServiceTest - Starting BehaviorRebateServiceTest using Java 1.8.0_311 on liuguanzedeMBP with PID 1843 (started by carson in /Users/carson/Desktop/Microservice/big-market/big-market-app)
25-02-01.10:37:08.313 [main            ] INFO  BehaviorRebateServiceTest - The following 1 profile is active: "dev"
25-02-01.10:37:09.773 [main            ] INFO  RepositoryConfigurationDelegate - Multiple Spring Data modules found, entering strict repository configuration mode
25-02-01.10:37:09.778 [main            ] INFO  RepositoryConfigurationDelegate - Bootstrapping Spring Data Redis repositories in DEFAULT mode.
25-02-01.10:37:09.844 [main            ] INFO  RepositoryConfigurationDelegate - Finished Spring Data repository scanning in 43 ms. Found 0 Redis repository interfaces.
25-02-01.10:37:12.259 [main            ] INFO  Version                - Redisson 3.23.4
25-02-01.10:37:12.300 [main            ] WARN  DnsServerAddressStreamProviders - Can not find io.netty.resolver.dns.macos.MacOSDnsServerAddressStreamProvider in the classpath, fallback to system defaults. This may result in incorrect DNS resolutions on MacOS. Check whether you have a dependency on 'io.netty:netty-resolver-dns-native-macos'
25-02-01.10:37:12.617 [redisson-netty-2-4] INFO  MasterPubSubConnectionPool - 1 connections initialized for 127.0.0.1/127.0.0.1:16379
25-02-01.10:37:12.647 [redisson-netty-2-13] INFO  MasterConnectionPool   - 5 connections initialized for 127.0.0.1/127.0.0.1:16379
25-02-01.10:37:16.940 [main            ] INFO  EndpointLinksResolver  - Exposing 1 endpoint(s) beneath base path '/actuator'
25-02-01.10:37:17.048 [main            ] INFO  CachingConnectionFactory - Attempting to connect to: [127.0.0.1:5672]
25-02-01.10:37:17.130 [main            ] INFO  CachingConnectionFactory - Created new connection: rabbitConnectionFactory#74a85515:0/SimpleConnection@44d84313 [delegate=amqp://admin@127.0.0.1:5672/, localPort= 49944]
25-02-01.10:37:17.252 [main            ] INFO  BehaviorRebateServiceTest - Started BehaviorRebateServiceTest in 9.537 seconds (JVM running for 10.824)
25-02-01.10:37:17.611 [main            ] INFO  HikariDataSource       - Retail_HikariCP - Starting...
25-02-01.10:37:18.030 [main            ] INFO  HikariDataSource       - Retail_HikariCP - Start completed.
25-02-01.10:37:18.083 [main            ] INFO  HikariDataSource       - Retail_HikariCP - Starting...
25-02-01.10:37:18.140 [main            ] INFO  HikariDataSource       - Retail_HikariCP - Start completed.
25-02-01.10:37:18.256 [main            ] ERROR BehaviorRebateRepository - 写入返利记录，唯一索引冲突 userId: xiaofuge
org.springframework.dao.DuplicateKeyException: 
### Error updating database.  Cause: java.sql.SQLIntegrityConstraintViolationException: Duplicate entry 'xiaofuge_sku_20240429' for key 'user_behavior_rebate_order_001.uq_biz_id'
### The error may exist in file [/Users/carson/Desktop/Microservice/big-market/big-market-app/target/classes/mybatis/mapper/user_behavior_rebate_order_mapper.xml]
### The error may involve cn.bugstack.infrastructure.persistent.dao.IUserBehaviorRebateOrderDao.insert-Inline
### The error occurred while setting parameters
### SQL: insert into user_behavior_rebate_order_001(         user_id, order_id, behavior_type, rebate_desc, rebate_type, rebate_config, biz_id, create_time, update_time         ) values(         ?, ?, ?, ?, ?, ?, ?, now(), now()         )
### Cause: java.sql.SQLIntegrityConstraintViolationException: Duplicate entry 'xiaofuge_sku_20240429' for key 'user_behavior_rebate_order_001.uq_biz_id'
; Duplicate entry 'xiaofuge_sku_20240429' for key 'user_behavior_rebate_order_001.uq_biz_id'; nested exception is java.sql.SQLIntegrityConstraintViolationException: Duplicate entry 'xiaofuge_sku_20240429' for key 'user_behavior_rebate_order_001.uq_biz_id'
	at org.springframework.jdbc.support.SQLErrorCodeSQLExceptionTranslator.doTranslate(SQLErrorCodeSQLExceptionTranslator.java:247)
	at org.springframework.jdbc.support.AbstractFallbackSQLExceptionTranslator.translate(AbstractFallbackSQLExceptionTranslator.java:70)
	at org.mybatis.spring.MyBatisExceptionTranslator.translateExceptionIfPossible(MyBatisExceptionTranslator.java:91)
	at org.mybatis.spring.SqlSessionTemplate$SqlSessionInterceptor.invoke(SqlSessionTemplate.java:441)
	at com.sun.proxy.$Proxy109.insert(Unknown Source)
	at org.mybatis.spring.SqlSessionTemplate.insert(SqlSessionTemplate.java:272)
	at org.apache.ibatis.binding.MapperMethod.execute(MapperMethod.java:62)
	at org.apache.ibatis.binding.MapperProxy$PlainMethodInvoker.invoke(MapperProxy.java:152)
	at org.apache.ibatis.binding.MapperProxy.invoke(MapperProxy.java:85)
	at com.sun.proxy.$Proxy145.insert(Unknown Source)
	at cn.bugstack.infrastructure.persistent.repository.BehaviorRebateRepository.lambda$saveUserRebateRecord$0(BehaviorRebateRepository.java:82)
	at org.springframework.transaction.support.TransactionTemplate.execute(TransactionTemplate.java:140)
	at cn.bugstack.infrastructure.persistent.repository.BehaviorRebateRepository.saveUserRebateRecord(BehaviorRebateRepository.java:69)
	at cn.bugstack.infrastructure.persistent.repository.BehaviorRebateRepository$$FastClassBySpringCGLIB$$2af6d2e0.invoke(<generated>)
	at org.springframework.cglib.proxy.MethodProxy.invoke(MethodProxy.java:218)
	at org.springframework.aop.framework.CglibAopProxy$CglibMethodInvocation.invokeJoinpoint(CglibAopProxy.java:793)
	at org.springframework.aop.framework.ReflectiveMethodInvocation.proceed(ReflectiveMethodInvocation.java:163)
	at org.springframework.aop.framework.CglibAopProxy$CglibMethodInvocation.proceed(CglibAopProxy.java:763)
	at org.springframework.dao.support.PersistenceExceptionTranslationInterceptor.invoke(PersistenceExceptionTranslationInterceptor.java:137)
	at org.springframework.aop.framework.ReflectiveMethodInvocation.proceed(ReflectiveMethodInvocation.java:186)
	at org.springframework.aop.framework.CglibAopProxy$CglibMethodInvocation.proceed(CglibAopProxy.java:763)
	at org.springframework.aop.framework.CglibAopProxy$DynamicAdvisedInterceptor.intercept(CglibAopProxy.java:708)
	at cn.bugstack.infrastructure.persistent.repository.BehaviorRebateRepository$$EnhancerBySpringCGLIB$$575827f4.saveUserRebateRecord(<generated>)
	at cn.bugstack.domain.rebate.service.BehaviorRebateService.createOrder(BehaviorRebateService.java:88)
	at cn.bugstack.test.rebate.BehaviorRebateServiceTest.test_createOrder(BehaviorRebateServiceTest.java:37)
	at sun.reflect.NativeMethodAccessorImpl.invoke0(Native Method)
	at sun.reflect.NativeMethodAccessorImpl.invoke(NativeMethodAccessorImpl.java:62)
	at sun.reflect.DelegatingMethodAccessorImpl.invoke(DelegatingMethodAccessorImpl.java:43)
	at java.lang.reflect.Method.invoke(Method.java:498)
	at org.junit.runners.model.FrameworkMethod$1.runReflectiveCall(FrameworkMethod.java:59)
	at org.junit.internal.runners.model.ReflectiveCallable.run(ReflectiveCallable.java:12)
	at org.junit.runners.model.FrameworkMethod.invokeExplosively(FrameworkMethod.java:56)
	at org.junit.internal.runners.statements.InvokeMethod.evaluate(InvokeMethod.java:17)
	at org.springframework.test.context.junit4.statements.RunBeforeTestExecutionCallbacks.evaluate(RunBeforeTestExecutionCallbacks.java:74)
	at org.springframework.test.context.junit4.statements.RunAfterTestExecutionCallbacks.evaluate(RunAfterTestExecutionCallbacks.java:84)
	at org.springframework.test.context.junit4.statements.RunBeforeTestMethodCallbacks.evaluate(RunBeforeTestMethodCallbacks.java:75)
	at org.springframework.test.context.junit4.statements.RunAfterTestMethodCallbacks.evaluate(RunAfterTestMethodCallbacks.java:86)
	at org.springframework.test.context.junit4.statements.SpringRepeat.evaluate(SpringRepeat.java:84)
	at org.junit.runners.ParentRunner.runLeaf(ParentRunner.java:366)
	at org.springframework.test.context.junit4.SpringJUnit4ClassRunner.runChild(SpringJUnit4ClassRunner.java:251)
	at org.springframework.test.context.junit4.SpringJUnit4ClassRunner.runChild(SpringJUnit4ClassRunner.java:97)
	at org.junit.runners.ParentRunner$4.run(ParentRunner.java:331)
	at org.junit.runners.ParentRunner$1.schedule(ParentRunner.java:79)
	at org.junit.runners.ParentRunner.runChildren(ParentRunner.java:329)
	at org.junit.runners.ParentRunner.access$100(ParentRunner.java:66)
	at org.junit.runners.ParentRunner$2.evaluate(ParentRunner.java:293)
	at org.springframework.test.context.junit4.statements.RunBeforeTestClassCallbacks.evaluate(RunBeforeTestClassCallbacks.java:61)
	at org.springframework.test.context.junit4.statements.RunAfterTestClassCallbacks.evaluate(RunAfterTestClassCallbacks.java:70)
	at org.junit.runners.ParentRunner$3.evaluate(ParentRunner.java:306)
	at org.junit.runners.ParentRunner.run(ParentRunner.java:413)
	at org.springframework.test.context.junit4.SpringJUnit4ClassRunner.run(SpringJUnit4ClassRunner.java:190)
	at org.junit.runner.JUnitCore.run(JUnitCore.java:137)
	at com.intellij.junit4.JUnit4IdeaTestRunner.startRunnerWithArgs(JUnit4IdeaTestRunner.java:69)
	at com.intellij.rt.junit.IdeaTestRunner$Repeater$1.execute(IdeaTestRunner.java:38)
	at com.intellij.rt.execution.junit.TestsRepeater.repeat(TestsRepeater.java:11)
	at com.intellij.rt.junit.IdeaTestRunner$Repeater.startRunnerWithArgs(IdeaTestRunner.java:35)
	at com.intellij.rt.junit.JUnitStarter.prepareStreamsAndStart(JUnitStarter.java:232)
	at com.intellij.rt.junit.JUnitStarter.main(JUnitStarter.java:55)
Caused by: java.sql.SQLIntegrityConstraintViolationException: Duplicate entry 'xiaofuge_sku_20240429' for key 'user_behavior_rebate_order_001.uq_biz_id'
	at com.mysql.cj.jdbc.exceptions.SQLError.createSQLException(SQLError.java:117)
	at com.mysql.cj.jdbc.exceptions.SQLError.createSQLException(SQLError.java:97)
	at com.mysql.cj.jdbc.exceptions.SQLExceptionsMapping.translateException(SQLExceptionsMapping.java:122)
	at com.mysql.cj.jdbc.ClientPreparedStatement.executeInternal(ClientPreparedStatement.java:953)
	at com.mysql.cj.jdbc.ClientPreparedStatement.execute(ClientPreparedStatement.java:370)
	at com.zaxxer.hikari.pool.ProxyPreparedStatement.execute(ProxyPreparedStatement.java:44)
	at com.zaxxer.hikari.pool.HikariProxyPreparedStatement.execute(HikariProxyPreparedStatement.java)
	at org.apache.ibatis.executor.statement.PreparedStatementHandler.update(PreparedStatementHandler.java:47)
	at org.apache.ibatis.executor.statement.RoutingStatementHandler.update(RoutingStatementHandler.java:74)
	at sun.reflect.NativeMethodAccessorImpl.invoke0(Native Method)
	at sun.reflect.NativeMethodAccessorImpl.invoke(NativeMethodAccessorImpl.java:62)
	at sun.reflect.DelegatingMethodAccessorImpl.invoke(DelegatingMethodAccessorImpl.java:43)
	at java.lang.reflect.Method.invoke(Method.java:498)
	at org.apache.ibatis.plugin.Plugin.invoke(Plugin.java:63)
	at com.sun.proxy.$Proxy204.update(Unknown Source)
	at org.apache.ibatis.executor.SimpleExecutor.doUpdate(SimpleExecutor.java:50)
	at org.apache.ibatis.executor.BaseExecutor.update(BaseExecutor.java:117)
	at org.apache.ibatis.executor.CachingExecutor.update(CachingExecutor.java:76)
	at org.apache.ibatis.session.defaults.DefaultSqlSession.update(DefaultSqlSession.java:197)
	at org.apache.ibatis.session.defaults.DefaultSqlSession.insert(DefaultSqlSession.java:184)
	at sun.reflect.NativeMethodAccessorImpl.invoke0(Native Method)
	at sun.reflect.NativeMethodAccessorImpl.invoke(NativeMethodAccessorImpl.java:62)
	at sun.reflect.DelegatingMethodAccessorImpl.invoke(DelegatingMethodAccessorImpl.java:43)
	at java.lang.reflect.Method.invoke(Method.java:498)
	at org.mybatis.spring.SqlSessionTemplate$SqlSessionInterceptor.invoke(SqlSessionTemplate.java:427)
	... 54 common frames omitted
25-02-01.10:37:18.309 [org.springframework.amqp.rabbit.RabbitListenerEndpointContainer#0-2] INFO  SimpleMessageListenerContainer - Waiting for workers to finish.
25-02-01.10:37:18.313 [org.springframework.amqp.rabbit.RabbitListenerEndpointContainer#1-2] INFO  SimpleMessageListenerContainer - Waiting for workers to finish.
25-02-01.10:37:19.223 [org.springframework.amqp.rabbit.RabbitListenerEndpointContainer#0-2] INFO  SimpleMessageListenerContainer - Successfully waited for workers to finish.
25-02-01.10:37:19.241 [org.springframework.amqp.rabbit.RabbitListenerEndpointContainer#1-2] INFO  SimpleMessageListenerContainer - Successfully waited for workers to finish.
25-02-01.10:37:19.246 [SpringApplicationShutdownHook] INFO  SimpleMessageListenerContainer - Shutdown ignored - container is already stopped
25-02-01.10:37:19.247 [SpringApplicationShutdownHook] INFO  SimpleMessageListenerContainer - Shutdown ignored - container is already stopped
25-02-01.10:47:54.332 [main            ] INFO  BehaviorRebateServiceTest - Starting BehaviorRebateServiceTest using Java 1.8.0_311 on liuguanzedeMBP with PID 2052 (started by carson in /Users/carson/Desktop/Microservice/big-market/big-market-app)
25-02-01.10:47:54.334 [main            ] INFO  BehaviorRebateServiceTest - The following 1 profile is active: "dev"
25-02-01.10:47:56.041 [main            ] INFO  RepositoryConfigurationDelegate - Multiple Spring Data modules found, entering strict repository configuration mode
25-02-01.10:47:56.045 [main            ] INFO  RepositoryConfigurationDelegate - Bootstrapping Spring Data Redis repositories in DEFAULT mode.
25-02-01.10:47:56.128 [main            ] INFO  RepositoryConfigurationDelegate - Finished Spring Data repository scanning in 55 ms. Found 0 Redis repository interfaces.
25-02-01.10:47:58.427 [main            ] INFO  Version                - Redisson 3.23.4
25-02-01.10:47:58.481 [main            ] WARN  DnsServerAddressStreamProviders - Can not find io.netty.resolver.dns.macos.MacOSDnsServerAddressStreamProvider in the classpath, fallback to system defaults. This may result in incorrect DNS resolutions on MacOS. Check whether you have a dependency on 'io.netty:netty-resolver-dns-native-macos'
25-02-01.10:47:58.845 [redisson-netty-2-4] INFO  MasterPubSubConnectionPool - 1 connections initialized for 127.0.0.1/127.0.0.1:16379
25-02-01.10:47:58.876 [redisson-netty-2-13] INFO  MasterConnectionPool   - 5 connections initialized for 127.0.0.1/127.0.0.1:16379
25-02-01.10:48:03.497 [main            ] INFO  EndpointLinksResolver  - Exposing 1 endpoint(s) beneath base path '/actuator'
25-02-01.10:48:03.613 [main            ] INFO  CachingConnectionFactory - Attempting to connect to: [127.0.0.1:5672]
25-02-01.10:48:03.734 [main            ] INFO  CachingConnectionFactory - Created new connection: rabbitConnectionFactory#74a85515:0/SimpleConnection@44d84313 [delegate=amqp://admin@127.0.0.1:5672/, localPort= 50052]
25-02-01.10:48:03.861 [main            ] INFO  BehaviorRebateServiceTest - Started BehaviorRebateServiceTest in 10.184 seconds (JVM running for 11.621)
25-02-01.10:48:04.316 [main            ] INFO  HikariDataSource       - Retail_HikariCP - Starting...
25-02-01.10:48:04.782 [main            ] INFO  HikariDataSource       - Retail_HikariCP - Start completed.
25-02-01.10:48:04.840 [main            ] INFO  HikariDataSource       - Retail_HikariCP - Starting...
25-02-01.10:48:04.890 [main            ] INFO  HikariDataSource       - Retail_HikariCP - Start completed.
25-02-01.10:48:05.003 [main            ] ERROR BehaviorRebateRepository - 写入返利记录，唯一索引冲突 userId: xiaofuge
org.springframework.dao.DuplicateKeyException: 
### Error updating database.  Cause: java.sql.SQLIntegrityConstraintViolationException: Duplicate entry 'xiaofuge_sku_20240430' for key 'user_behavior_rebate_order_001.uq_biz_id'
### The error may exist in file [/Users/carson/Desktop/Microservice/big-market/big-market-app/target/classes/mybatis/mapper/user_behavior_rebate_order_mapper.xml]
### The error may involve cn.bugstack.infrastructure.persistent.dao.IUserBehaviorRebateOrderDao.insert-Inline
### The error occurred while setting parameters
### SQL: insert into user_behavior_rebate_order_001(         user_id, order_id, behavior_type, rebate_desc, rebate_type, rebate_config, biz_id, create_time, update_time         ) values(         ?, ?, ?, ?, ?, ?, ?, now(), now()         )
### Cause: java.sql.SQLIntegrityConstraintViolationException: Duplicate entry 'xiaofuge_sku_20240430' for key 'user_behavior_rebate_order_001.uq_biz_id'
; Duplicate entry 'xiaofuge_sku_20240430' for key 'user_behavior_rebate_order_001.uq_biz_id'; nested exception is java.sql.SQLIntegrityConstraintViolationException: Duplicate entry 'xiaofuge_sku_20240430' for key 'user_behavior_rebate_order_001.uq_biz_id'
	at org.springframework.jdbc.support.SQLErrorCodeSQLExceptionTranslator.doTranslate(SQLErrorCodeSQLExceptionTranslator.java:247)
	at org.springframework.jdbc.support.AbstractFallbackSQLExceptionTranslator.translate(AbstractFallbackSQLExceptionTranslator.java:70)
	at org.mybatis.spring.MyBatisExceptionTranslator.translateExceptionIfPossible(MyBatisExceptionTranslator.java:91)
	at org.mybatis.spring.SqlSessionTemplate$SqlSessionInterceptor.invoke(SqlSessionTemplate.java:441)
	at com.sun.proxy.$Proxy109.insert(Unknown Source)
	at org.mybatis.spring.SqlSessionTemplate.insert(SqlSessionTemplate.java:272)
	at org.apache.ibatis.binding.MapperMethod.execute(MapperMethod.java:62)
	at org.apache.ibatis.binding.MapperProxy$PlainMethodInvoker.invoke(MapperProxy.java:152)
	at org.apache.ibatis.binding.MapperProxy.invoke(MapperProxy.java:85)
	at com.sun.proxy.$Proxy145.insert(Unknown Source)
	at cn.bugstack.infrastructure.persistent.repository.BehaviorRebateRepository.lambda$saveUserRebateRecord$0(BehaviorRebateRepository.java:82)
	at org.springframework.transaction.support.TransactionTemplate.execute(TransactionTemplate.java:140)
	at cn.bugstack.infrastructure.persistent.repository.BehaviorRebateRepository.saveUserRebateRecord(BehaviorRebateRepository.java:69)
	at cn.bugstack.infrastructure.persistent.repository.BehaviorRebateRepository$$FastClassBySpringCGLIB$$2af6d2e0.invoke(<generated>)
	at org.springframework.cglib.proxy.MethodProxy.invoke(MethodProxy.java:218)
	at org.springframework.aop.framework.CglibAopProxy$CglibMethodInvocation.invokeJoinpoint(CglibAopProxy.java:793)
	at org.springframework.aop.framework.ReflectiveMethodInvocation.proceed(ReflectiveMethodInvocation.java:163)
	at org.springframework.aop.framework.CglibAopProxy$CglibMethodInvocation.proceed(CglibAopProxy.java:763)
	at org.springframework.dao.support.PersistenceExceptionTranslationInterceptor.invoke(PersistenceExceptionTranslationInterceptor.java:137)
	at org.springframework.aop.framework.ReflectiveMethodInvocation.proceed(ReflectiveMethodInvocation.java:186)
	at org.springframework.aop.framework.CglibAopProxy$CglibMethodInvocation.proceed(CglibAopProxy.java:763)
	at org.springframework.aop.framework.CglibAopProxy$DynamicAdvisedInterceptor.intercept(CglibAopProxy.java:708)
	at cn.bugstack.infrastructure.persistent.repository.BehaviorRebateRepository$$EnhancerBySpringCGLIB$$575827f4.saveUserRebateRecord(<generated>)
	at cn.bugstack.domain.rebate.service.BehaviorRebateService.createOrder(BehaviorRebateService.java:88)
	at cn.bugstack.test.rebate.BehaviorRebateServiceTest.test_createOrder(BehaviorRebateServiceTest.java:37)
	at sun.reflect.NativeMethodAccessorImpl.invoke0(Native Method)
	at sun.reflect.NativeMethodAccessorImpl.invoke(NativeMethodAccessorImpl.java:62)
	at sun.reflect.DelegatingMethodAccessorImpl.invoke(DelegatingMethodAccessorImpl.java:43)
	at java.lang.reflect.Method.invoke(Method.java:498)
	at org.junit.runners.model.FrameworkMethod$1.runReflectiveCall(FrameworkMethod.java:59)
	at org.junit.internal.runners.model.ReflectiveCallable.run(ReflectiveCallable.java:12)
	at org.junit.runners.model.FrameworkMethod.invokeExplosively(FrameworkMethod.java:56)
	at org.junit.internal.runners.statements.InvokeMethod.evaluate(InvokeMethod.java:17)
	at org.springframework.test.context.junit4.statements.RunBeforeTestExecutionCallbacks.evaluate(RunBeforeTestExecutionCallbacks.java:74)
	at org.springframework.test.context.junit4.statements.RunAfterTestExecutionCallbacks.evaluate(RunAfterTestExecutionCallbacks.java:84)
	at org.springframework.test.context.junit4.statements.RunBeforeTestMethodCallbacks.evaluate(RunBeforeTestMethodCallbacks.java:75)
	at org.springframework.test.context.junit4.statements.RunAfterTestMethodCallbacks.evaluate(RunAfterTestMethodCallbacks.java:86)
	at org.springframework.test.context.junit4.statements.SpringRepeat.evaluate(SpringRepeat.java:84)
	at org.junit.runners.ParentRunner.runLeaf(ParentRunner.java:366)
	at org.springframework.test.context.junit4.SpringJUnit4ClassRunner.runChild(SpringJUnit4ClassRunner.java:251)
	at org.springframework.test.context.junit4.SpringJUnit4ClassRunner.runChild(SpringJUnit4ClassRunner.java:97)
	at org.junit.runners.ParentRunner$4.run(ParentRunner.java:331)
	at org.junit.runners.ParentRunner$1.schedule(ParentRunner.java:79)
	at org.junit.runners.ParentRunner.runChildren(ParentRunner.java:329)
	at org.junit.runners.ParentRunner.access$100(ParentRunner.java:66)
	at org.junit.runners.ParentRunner$2.evaluate(ParentRunner.java:293)
	at org.springframework.test.context.junit4.statements.RunBeforeTestClassCallbacks.evaluate(RunBeforeTestClassCallbacks.java:61)
	at org.springframework.test.context.junit4.statements.RunAfterTestClassCallbacks.evaluate(RunAfterTestClassCallbacks.java:70)
	at org.junit.runners.ParentRunner$3.evaluate(ParentRunner.java:306)
	at org.junit.runners.ParentRunner.run(ParentRunner.java:413)
	at org.springframework.test.context.junit4.SpringJUnit4ClassRunner.run(SpringJUnit4ClassRunner.java:190)
	at org.junit.runner.JUnitCore.run(JUnitCore.java:137)
	at com.intellij.junit4.JUnit4IdeaTestRunner.startRunnerWithArgs(JUnit4IdeaTestRunner.java:69)
	at com.intellij.rt.junit.IdeaTestRunner$Repeater$1.execute(IdeaTestRunner.java:38)
	at com.intellij.rt.execution.junit.TestsRepeater.repeat(TestsRepeater.java:11)
	at com.intellij.rt.junit.IdeaTestRunner$Repeater.startRunnerWithArgs(IdeaTestRunner.java:35)
	at com.intellij.rt.junit.JUnitStarter.prepareStreamsAndStart(JUnitStarter.java:232)
	at com.intellij.rt.junit.JUnitStarter.main(JUnitStarter.java:55)
Caused by: java.sql.SQLIntegrityConstraintViolationException: Duplicate entry 'xiaofuge_sku_20240430' for key 'user_behavior_rebate_order_001.uq_biz_id'
	at com.mysql.cj.jdbc.exceptions.SQLError.createSQLException(SQLError.java:117)
	at com.mysql.cj.jdbc.exceptions.SQLError.createSQLException(SQLError.java:97)
	at com.mysql.cj.jdbc.exceptions.SQLExceptionsMapping.translateException(SQLExceptionsMapping.java:122)
	at com.mysql.cj.jdbc.ClientPreparedStatement.executeInternal(ClientPreparedStatement.java:953)
	at com.mysql.cj.jdbc.ClientPreparedStatement.execute(ClientPreparedStatement.java:370)
	at com.zaxxer.hikari.pool.ProxyPreparedStatement.execute(ProxyPreparedStatement.java:44)
	at com.zaxxer.hikari.pool.HikariProxyPreparedStatement.execute(HikariProxyPreparedStatement.java)
	at org.apache.ibatis.executor.statement.PreparedStatementHandler.update(PreparedStatementHandler.java:47)
	at org.apache.ibatis.executor.statement.RoutingStatementHandler.update(RoutingStatementHandler.java:74)
	at sun.reflect.NativeMethodAccessorImpl.invoke0(Native Method)
	at sun.reflect.NativeMethodAccessorImpl.invoke(NativeMethodAccessorImpl.java:62)
	at sun.reflect.DelegatingMethodAccessorImpl.invoke(DelegatingMethodAccessorImpl.java:43)
	at java.lang.reflect.Method.invoke(Method.java:498)
	at org.apache.ibatis.plugin.Plugin.invoke(Plugin.java:63)
	at com.sun.proxy.$Proxy204.update(Unknown Source)
	at org.apache.ibatis.executor.SimpleExecutor.doUpdate(SimpleExecutor.java:50)
	at org.apache.ibatis.executor.BaseExecutor.update(BaseExecutor.java:117)
	at org.apache.ibatis.executor.CachingExecutor.update(CachingExecutor.java:76)
	at org.apache.ibatis.session.defaults.DefaultSqlSession.update(DefaultSqlSession.java:197)
	at org.apache.ibatis.session.defaults.DefaultSqlSession.insert(DefaultSqlSession.java:184)
	at sun.reflect.NativeMethodAccessorImpl.invoke0(Native Method)
	at sun.reflect.NativeMethodAccessorImpl.invoke(NativeMethodAccessorImpl.java:62)
	at sun.reflect.DelegatingMethodAccessorImpl.invoke(DelegatingMethodAccessorImpl.java:43)
	at java.lang.reflect.Method.invoke(Method.java:498)
	at org.mybatis.spring.SqlSessionTemplate$SqlSessionInterceptor.invoke(SqlSessionTemplate.java:427)
	... 54 common frames omitted
25-02-01.10:48:05.016 [pool-3-thread-2 ] INFO  HikariDataSource       - Retail_HikariCP - Starting...
25-02-01.10:48:05.083 [org.springframework.amqp.rabbit.RabbitListenerEndpointContainer#0-2] INFO  SimpleMessageListenerContainer - Waiting for workers to finish.
25-02-01.10:48:05.087 [org.springframework.amqp.rabbit.RabbitListenerEndpointContainer#1-2] INFO  SimpleMessageListenerContainer - Waiting for workers to finish.
25-02-01.10:48:05.099 [pool-3-thread-2 ] INFO  HikariDataSource       - Retail_HikariCP - Start completed.
25-02-01.10:48:05.838 [org.springframework.amqp.rabbit.RabbitListenerEndpointContainer#0-2] INFO  SimpleMessageListenerContainer - Successfully waited for workers to finish.
25-02-01.10:48:05.848 [org.springframework.amqp.rabbit.RabbitListenerEndpointContainer#1-2] INFO  SimpleMessageListenerContainer - Successfully waited for workers to finish.
25-02-01.10:48:05.852 [SpringApplicationShutdownHook] INFO  SimpleMessageListenerContainer - Shutdown ignored - container is already stopped
25-02-01.10:48:05.852 [SpringApplicationShutdownHook] INFO  SimpleMessageListenerContainer - Shutdown ignored - container is already stopped
25-02-01.10:48:42.869 [main            ] INFO  BehaviorRebateServiceTest - Starting BehaviorRebateServiceTest using Java 1.8.0_311 on liuguanzedeMBP with PID 2064 (started by carson in /Users/carson/Desktop/Microservice/big-market/big-market-app)
25-02-01.10:48:42.870 [main            ] INFO  BehaviorRebateServiceTest - The following 1 profile is active: "dev"
25-02-01.10:48:44.384 [main            ] INFO  RepositoryConfigurationDelegate - Multiple Spring Data modules found, entering strict repository configuration mode
25-02-01.10:48:44.389 [main            ] INFO  RepositoryConfigurationDelegate - Bootstrapping Spring Data Redis repositories in DEFAULT mode.
25-02-01.10:48:44.450 [main            ] INFO  RepositoryConfigurationDelegate - Finished Spring Data repository scanning in 41 ms. Found 0 Redis repository interfaces.
25-02-01.10:48:46.509 [main            ] INFO  Version                - Redisson 3.23.4
25-02-01.10:48:46.545 [main            ] WARN  DnsServerAddressStreamProviders - Can not find io.netty.resolver.dns.macos.MacOSDnsServerAddressStreamProvider in the classpath, fallback to system defaults. This may result in incorrect DNS resolutions on MacOS. Check whether you have a dependency on 'io.netty:netty-resolver-dns-native-macos'
25-02-01.10:48:46.840 [redisson-netty-2-5] INFO  MasterPubSubConnectionPool - 1 connections initialized for 127.0.0.1/127.0.0.1:16379
25-02-01.10:48:46.873 [redisson-netty-2-13] INFO  MasterConnectionPool   - 5 connections initialized for 127.0.0.1/127.0.0.1:16379
25-02-01.10:48:51.254 [main            ] INFO  EndpointLinksResolver  - Exposing 1 endpoint(s) beneath base path '/actuator'
25-02-01.10:48:51.400 [main            ] INFO  CachingConnectionFactory - Attempting to connect to: [127.0.0.1:5672]
25-02-01.10:48:51.498 [main            ] INFO  CachingConnectionFactory - Created new connection: rabbitConnectionFactory#74a85515:0/SimpleConnection@44d84313 [delegate=amqp://admin@127.0.0.1:5672/, localPort= 50110]
25-02-01.10:48:51.606 [main            ] INFO  BehaviorRebateServiceTest - Started BehaviorRebateServiceTest in 9.323 seconds (JVM running for 10.616)
25-02-01.10:48:51.959 [main            ] INFO  HikariDataSource       - Retail_HikariCP - Starting...
25-02-01.10:48:52.405 [main            ] INFO  HikariDataSource       - Retail_HikariCP - Start completed.
25-02-01.10:48:52.461 [main            ] INFO  HikariDataSource       - Retail_HikariCP - Starting...
25-02-01.10:48:52.514 [main            ] INFO  HikariDataSource       - Retail_HikariCP - Start completed.
25-02-01.10:48:52.949 [main            ] INFO  EventPublisher         - 发送MQ消息 topic:send_rebate message:{"data":{"bizId":"xiaofuge_sku_20240501","rebateConfig":"9011","rebateType":"sign","userId":"xiaofuge"},"id":"82383645841","timestamp":1738424932456}
25-02-01.10:48:52.982 [main            ] INFO  EventPublisher         - 发送MQ消息 topic:send_rebate message:{"data":{"bizId":"xiaofuge_integral_20240501","rebateConfig":"10","rebateType":"sign","userId":"xiaofuge"},"id":"96234945784","timestamp":1738424932459}
25-02-01.10:48:53.006 [main            ] INFO  BehaviorRebateServiceTest - 请求参数：{"behaviorTypeVO":"SIGN","outBusinessNo":"20240501","userId":"xiaofuge"}
25-02-01.10:48:53.013 [main            ] INFO  BehaviorRebateServiceTest - 测试结果：["067148838619","228080021339"]
25-02-01.10:48:53.043 [org.springframework.amqp.rabbit.RabbitListenerEndpointContainer#0-2] INFO  SimpleMessageListenerContainer - Waiting for workers to finish.
25-02-01.10:48:53.046 [org.springframework.amqp.rabbit.RabbitListenerEndpointContainer#1-2] INFO  SimpleMessageListenerContainer - Waiting for workers to finish.
25-02-01.10:48:53.583 [org.springframework.amqp.rabbit.RabbitListenerEndpointContainer#0-2] INFO  SimpleMessageListenerContainer - Successfully waited for workers to finish.
25-02-01.10:48:53.589 [org.springframework.amqp.rabbit.RabbitListenerEndpointContainer#1-2] INFO  SimpleMessageListenerContainer - Successfully waited for workers to finish.
25-02-01.10:48:53.594 [SpringApplicationShutdownHook] INFO  SimpleMessageListenerContainer - Shutdown ignored - container is already stopped
25-02-01.10:48:53.595 [SpringApplicationShutdownHook] INFO  SimpleMessageListenerContainer - Shutdown ignored - container is already stopped
25-02-01.10:51:06.538 [main            ] INFO  BehaviorRebateServiceTest - Starting BehaviorRebateServiceTest using Java 1.8.0_311 on liuguanzedeMBP with PID 2096 (started by carson in /Users/carson/Desktop/Microservice/big-market/big-market-app)
25-02-01.10:51:06.539 [main            ] INFO  BehaviorRebateServiceTest - The following 1 profile is active: "dev"
25-02-01.10:51:07.991 [main            ] INFO  RepositoryConfigurationDelegate - Multiple Spring Data modules found, entering strict repository configuration mode
25-02-01.10:51:07.996 [main            ] INFO  RepositoryConfigurationDelegate - Bootstrapping Spring Data Redis repositories in DEFAULT mode.
25-02-01.10:51:08.066 [main            ] INFO  RepositoryConfigurationDelegate - Finished Spring Data repository scanning in 51 ms. Found 0 Redis repository interfaces.
25-02-01.10:51:09.857 [main            ] INFO  Version                - Redisson 3.23.4
25-02-01.10:51:09.899 [main            ] WARN  DnsServerAddressStreamProviders - Can not find io.netty.resolver.dns.macos.MacOSDnsServerAddressStreamProvider in the classpath, fallback to system defaults. This may result in incorrect DNS resolutions on MacOS. Check whether you have a dependency on 'io.netty:netty-resolver-dns-native-macos'
25-02-01.10:51:10.217 [redisson-netty-2-4] INFO  MasterPubSubConnectionPool - 1 connections initialized for 127.0.0.1/127.0.0.1:16379
25-02-01.10:51:10.249 [redisson-netty-2-13] INFO  MasterConnectionPool   - 5 connections initialized for 127.0.0.1/127.0.0.1:16379
25-02-01.10:51:14.374 [main            ] INFO  EndpointLinksResolver  - Exposing 1 endpoint(s) beneath base path '/actuator'
25-02-01.10:51:14.506 [main            ] INFO  CachingConnectionFactory - Attempting to connect to: [127.0.0.1:5672]
25-02-01.10:51:14.609 [main            ] INFO  CachingConnectionFactory - Created new connection: rabbitConnectionFactory#74a85515:0/SimpleConnection@44d84313 [delegate=amqp://admin@127.0.0.1:5672/, localPort= 50154]
25-02-01.10:51:14.751 [main            ] INFO  BehaviorRebateServiceTest - Started BehaviorRebateServiceTest in 8.79 seconds (JVM running for 10.04)
25-02-01.10:51:15.092 [pool-3-thread-2 ] INFO  HikariDataSource       - Retail_HikariCP - Starting...
25-02-01.10:51:15.092 [pool-3-thread-1 ] INFO  HikariDataSource       - Retail_HikariCP - Starting...
25-02-01.10:51:15.250 [main            ] INFO  HikariDataSource       - Retail_HikariCP - Starting...
25-02-01.10:51:15.713 [pool-3-thread-1 ] INFO  HikariDataSource       - Retail_HikariCP - Start completed.
25-02-01.10:51:15.713 [pool-3-thread-2 ] INFO  HikariDataSource       - Retail_HikariCP - Start completed.
25-02-01.10:51:15.716 [main            ] INFO  HikariDataSource       - Retail_HikariCP - Start completed.
25-02-01.10:51:15.905 [main            ] ERROR BehaviorRebateRepository - 写入返利记录，唯一索引冲突 userId: xiaofuge
org.springframework.dao.DuplicateKeyException: 
### Error updating database.  Cause: java.sql.SQLIntegrityConstraintViolationException: Duplicate entry 'xiaofuge_sku_20240501' for key 'user_behavior_rebate_order_001.uq_biz_id'
### The error may exist in file [/Users/carson/Desktop/Microservice/big-market/big-market-app/target/classes/mybatis/mapper/user_behavior_rebate_order_mapper.xml]
### The error may involve cn.bugstack.infrastructure.persistent.dao.IUserBehaviorRebateOrderDao.insert-Inline
### The error occurred while setting parameters
### SQL: insert into user_behavior_rebate_order_001(         user_id, order_id, behavior_type, rebate_desc, rebate_type, rebate_config, biz_id, create_time, update_time         ) values(         ?, ?, ?, ?, ?, ?, ?, now(), now()         )
### Cause: java.sql.SQLIntegrityConstraintViolationException: Duplicate entry 'xiaofuge_sku_20240501' for key 'user_behavior_rebate_order_001.uq_biz_id'
; Duplicate entry 'xiaofuge_sku_20240501' for key 'user_behavior_rebate_order_001.uq_biz_id'; nested exception is java.sql.SQLIntegrityConstraintViolationException: Duplicate entry 'xiaofuge_sku_20240501' for key 'user_behavior_rebate_order_001.uq_biz_id'
	at org.springframework.jdbc.support.SQLErrorCodeSQLExceptionTranslator.doTranslate(SQLErrorCodeSQLExceptionTranslator.java:247)
	at org.springframework.jdbc.support.AbstractFallbackSQLExceptionTranslator.translate(AbstractFallbackSQLExceptionTranslator.java:70)
	at org.mybatis.spring.MyBatisExceptionTranslator.translateExceptionIfPossible(MyBatisExceptionTranslator.java:91)
	at org.mybatis.spring.SqlSessionTemplate$SqlSessionInterceptor.invoke(SqlSessionTemplate.java:441)
	at com.sun.proxy.$Proxy109.insert(Unknown Source)
	at org.mybatis.spring.SqlSessionTemplate.insert(SqlSessionTemplate.java:272)
	at org.apache.ibatis.binding.MapperMethod.execute(MapperMethod.java:62)
	at org.apache.ibatis.binding.MapperProxy$PlainMethodInvoker.invoke(MapperProxy.java:152)
	at org.apache.ibatis.binding.MapperProxy.invoke(MapperProxy.java:85)
	at com.sun.proxy.$Proxy145.insert(Unknown Source)
	at cn.bugstack.infrastructure.persistent.repository.BehaviorRebateRepository.lambda$saveUserRebateRecord$0(BehaviorRebateRepository.java:82)
	at org.springframework.transaction.support.TransactionTemplate.execute(TransactionTemplate.java:140)
	at cn.bugstack.infrastructure.persistent.repository.BehaviorRebateRepository.saveUserRebateRecord(BehaviorRebateRepository.java:69)
	at cn.bugstack.infrastructure.persistent.repository.BehaviorRebateRepository$$FastClassBySpringCGLIB$$2af6d2e0.invoke(<generated>)
	at org.springframework.cglib.proxy.MethodProxy.invoke(MethodProxy.java:218)
	at org.springframework.aop.framework.CglibAopProxy$CglibMethodInvocation.invokeJoinpoint(CglibAopProxy.java:793)
	at org.springframework.aop.framework.ReflectiveMethodInvocation.proceed(ReflectiveMethodInvocation.java:163)
	at org.springframework.aop.framework.CglibAopProxy$CglibMethodInvocation.proceed(CglibAopProxy.java:763)
	at org.springframework.dao.support.PersistenceExceptionTranslationInterceptor.invoke(PersistenceExceptionTranslationInterceptor.java:137)
	at org.springframework.aop.framework.ReflectiveMethodInvocation.proceed(ReflectiveMethodInvocation.java:186)
	at org.springframework.aop.framework.CglibAopProxy$CglibMethodInvocation.proceed(CglibAopProxy.java:763)
	at org.springframework.aop.framework.CglibAopProxy$DynamicAdvisedInterceptor.intercept(CglibAopProxy.java:708)
	at cn.bugstack.infrastructure.persistent.repository.BehaviorRebateRepository$$EnhancerBySpringCGLIB$$575827f4.saveUserRebateRecord(<generated>)
	at cn.bugstack.domain.rebate.service.BehaviorRebateService.createOrder(BehaviorRebateService.java:88)
	at cn.bugstack.test.rebate.BehaviorRebateServiceTest.test_createOrder(BehaviorRebateServiceTest.java:37)
	at sun.reflect.NativeMethodAccessorImpl.invoke0(Native Method)
	at sun.reflect.NativeMethodAccessorImpl.invoke(NativeMethodAccessorImpl.java:62)
	at sun.reflect.DelegatingMethodAccessorImpl.invoke(DelegatingMethodAccessorImpl.java:43)
	at java.lang.reflect.Method.invoke(Method.java:498)
	at org.junit.runners.model.FrameworkMethod$1.runReflectiveCall(FrameworkMethod.java:59)
	at org.junit.internal.runners.model.ReflectiveCallable.run(ReflectiveCallable.java:12)
	at org.junit.runners.model.FrameworkMethod.invokeExplosively(FrameworkMethod.java:56)
	at org.junit.internal.runners.statements.InvokeMethod.evaluate(InvokeMethod.java:17)
	at org.springframework.test.context.junit4.statements.RunBeforeTestExecutionCallbacks.evaluate(RunBeforeTestExecutionCallbacks.java:74)
	at org.springframework.test.context.junit4.statements.RunAfterTestExecutionCallbacks.evaluate(RunAfterTestExecutionCallbacks.java:84)
	at org.springframework.test.context.junit4.statements.RunBeforeTestMethodCallbacks.evaluate(RunBeforeTestMethodCallbacks.java:75)
	at org.springframework.test.context.junit4.statements.RunAfterTestMethodCallbacks.evaluate(RunAfterTestMethodCallbacks.java:86)
	at org.springframework.test.context.junit4.statements.SpringRepeat.evaluate(SpringRepeat.java:84)
	at org.junit.runners.ParentRunner.runLeaf(ParentRunner.java:366)
	at org.springframework.test.context.junit4.SpringJUnit4ClassRunner.runChild(SpringJUnit4ClassRunner.java:251)
	at org.springframework.test.context.junit4.SpringJUnit4ClassRunner.runChild(SpringJUnit4ClassRunner.java:97)
	at org.junit.runners.ParentRunner$4.run(ParentRunner.java:331)
	at org.junit.runners.ParentRunner$1.schedule(ParentRunner.java:79)
	at org.junit.runners.ParentRunner.runChildren(ParentRunner.java:329)
	at org.junit.runners.ParentRunner.access$100(ParentRunner.java:66)
	at org.junit.runners.ParentRunner$2.evaluate(ParentRunner.java:293)
	at org.springframework.test.context.junit4.statements.RunBeforeTestClassCallbacks.evaluate(RunBeforeTestClassCallbacks.java:61)
	at org.springframework.test.context.junit4.statements.RunAfterTestClassCallbacks.evaluate(RunAfterTestClassCallbacks.java:70)
	at org.junit.runners.ParentRunner$3.evaluate(ParentRunner.java:306)
	at org.junit.runners.ParentRunner.run(ParentRunner.java:413)
	at org.springframework.test.context.junit4.SpringJUnit4ClassRunner.run(SpringJUnit4ClassRunner.java:190)
	at org.junit.runner.JUnitCore.run(JUnitCore.java:137)
	at com.intellij.junit4.JUnit4IdeaTestRunner.startRunnerWithArgs(JUnit4IdeaTestRunner.java:69)
	at com.intellij.rt.junit.IdeaTestRunner$Repeater$1.execute(IdeaTestRunner.java:38)
	at com.intellij.rt.execution.junit.TestsRepeater.repeat(TestsRepeater.java:11)
	at com.intellij.rt.junit.IdeaTestRunner$Repeater.startRunnerWithArgs(IdeaTestRunner.java:35)
	at com.intellij.rt.junit.JUnitStarter.prepareStreamsAndStart(JUnitStarter.java:232)
	at com.intellij.rt.junit.JUnitStarter.main(JUnitStarter.java:55)
Caused by: java.sql.SQLIntegrityConstraintViolationException: Duplicate entry 'xiaofuge_sku_20240501' for key 'user_behavior_rebate_order_001.uq_biz_id'
	at com.mysql.cj.jdbc.exceptions.SQLError.createSQLException(SQLError.java:117)
	at com.mysql.cj.jdbc.exceptions.SQLError.createSQLException(SQLError.java:97)
	at com.mysql.cj.jdbc.exceptions.SQLExceptionsMapping.translateException(SQLExceptionsMapping.java:122)
	at com.mysql.cj.jdbc.ClientPreparedStatement.executeInternal(ClientPreparedStatement.java:953)
	at com.mysql.cj.jdbc.ClientPreparedStatement.execute(ClientPreparedStatement.java:370)
	at com.zaxxer.hikari.pool.ProxyPreparedStatement.execute(ProxyPreparedStatement.java:44)
	at com.zaxxer.hikari.pool.HikariProxyPreparedStatement.execute(HikariProxyPreparedStatement.java)
	at org.apache.ibatis.executor.statement.PreparedStatementHandler.update(PreparedStatementHandler.java:47)
	at org.apache.ibatis.executor.statement.RoutingStatementHandler.update(RoutingStatementHandler.java:74)
	at sun.reflect.NativeMethodAccessorImpl.invoke0(Native Method)
	at sun.reflect.NativeMethodAccessorImpl.invoke(NativeMethodAccessorImpl.java:62)
	at sun.reflect.DelegatingMethodAccessorImpl.invoke(DelegatingMethodAccessorImpl.java:43)
	at java.lang.reflect.Method.invoke(Method.java:498)
	at org.apache.ibatis.plugin.Plugin.invoke(Plugin.java:63)
	at com.sun.proxy.$Proxy191.update(Unknown Source)
	at org.apache.ibatis.executor.SimpleExecutor.doUpdate(SimpleExecutor.java:50)
	at org.apache.ibatis.executor.BaseExecutor.update(BaseExecutor.java:117)
	at org.apache.ibatis.executor.CachingExecutor.update(CachingExecutor.java:76)
	at org.apache.ibatis.session.defaults.DefaultSqlSession.update(DefaultSqlSession.java:197)
	at org.apache.ibatis.session.defaults.DefaultSqlSession.insert(DefaultSqlSession.java:184)
	at sun.reflect.NativeMethodAccessorImpl.invoke0(Native Method)
	at sun.reflect.NativeMethodAccessorImpl.invoke(NativeMethodAccessorImpl.java:62)
	at sun.reflect.DelegatingMethodAccessorImpl.invoke(DelegatingMethodAccessorImpl.java:43)
	at java.lang.reflect.Method.invoke(Method.java:498)
	at org.mybatis.spring.SqlSessionTemplate$SqlSessionInterceptor.invoke(SqlSessionTemplate.java:427)
	... 54 common frames omitted
25-02-01.10:51:16.005 [org.springframework.amqp.rabbit.RabbitListenerEndpointContainer#0-2] INFO  SimpleMessageListenerContainer - Waiting for workers to finish.
25-02-01.10:51:16.010 [org.springframework.amqp.rabbit.RabbitListenerEndpointContainer#1-2] INFO  SimpleMessageListenerContainer - Waiting for workers to finish.
25-02-01.10:51:16.712 [org.springframework.amqp.rabbit.RabbitListenerEndpointContainer#0-2] INFO  SimpleMessageListenerContainer - Successfully waited for workers to finish.
25-02-01.10:51:16.732 [org.springframework.amqp.rabbit.RabbitListenerEndpointContainer#1-2] INFO  SimpleMessageListenerContainer - Successfully waited for workers to finish.
25-02-01.10:51:16.736 [SpringApplicationShutdownHook] INFO  SimpleMessageListenerContainer - Shutdown ignored - container is already stopped
25-02-01.10:51:16.737 [SpringApplicationShutdownHook] INFO  SimpleMessageListenerContainer - Shutdown ignored - container is already stopped
25-02-01.10:52:15.370 [main            ] INFO  BehaviorRebateServiceTest - Starting BehaviorRebateServiceTest using Java 1.8.0_311 on liuguanzedeMBP with PID 2123 (started by carson in /Users/carson/Desktop/Microservice/big-market/big-market-app)
25-02-01.10:52:15.372 [main            ] INFO  BehaviorRebateServiceTest - The following 1 profile is active: "dev"
25-02-01.10:52:16.996 [main            ] INFO  RepositoryConfigurationDelegate - Multiple Spring Data modules found, entering strict repository configuration mode
25-02-01.10:52:17.001 [main            ] INFO  RepositoryConfigurationDelegate - Bootstrapping Spring Data Redis repositories in DEFAULT mode.
25-02-01.10:52:17.082 [main            ] INFO  RepositoryConfigurationDelegate - Finished Spring Data repository scanning in 54 ms. Found 0 Redis repository interfaces.
25-02-01.10:52:19.076 [main            ] INFO  Version                - Redisson 3.23.4
25-02-01.10:52:19.133 [main            ] WARN  DnsServerAddressStreamProviders - Can not find io.netty.resolver.dns.macos.MacOSDnsServerAddressStreamProvider in the classpath, fallback to system defaults. This may result in incorrect DNS resolutions on MacOS. Check whether you have a dependency on 'io.netty:netty-resolver-dns-native-macos'
25-02-01.10:52:19.459 [redisson-netty-2-4] INFO  MasterPubSubConnectionPool - 1 connections initialized for 127.0.0.1/127.0.0.1:16379
25-02-01.10:52:19.492 [redisson-netty-2-13] INFO  MasterConnectionPool   - 5 connections initialized for 127.0.0.1/127.0.0.1:16379
25-02-01.10:52:23.884 [main            ] INFO  EndpointLinksResolver  - Exposing 1 endpoint(s) beneath base path '/actuator'
25-02-01.10:52:23.997 [main            ] INFO  CachingConnectionFactory - Attempting to connect to: [127.0.0.1:5672]
25-02-01.10:52:24.084 [main            ] INFO  CachingConnectionFactory - Created new connection: rabbitConnectionFactory#74a85515:0/SimpleConnection@44d84313 [delegate=amqp://admin@127.0.0.1:5672/, localPort= 50212]
25-02-01.10:52:24.210 [main            ] INFO  BehaviorRebateServiceTest - Started BehaviorRebateServiceTest in 9.419 seconds (JVM running for 10.664)
25-02-01.10:52:24.550 [main            ] INFO  HikariDataSource       - Retail_HikariCP - Starting...
25-02-01.10:52:24.927 [main            ] INFO  HikariDataSource       - Retail_HikariCP - Start completed.
25-02-01.10:52:24.980 [main            ] INFO  HikariDataSource       - Retail_HikariCP - Starting...
25-02-01.10:52:25.015 [pool-3-thread-2 ] INFO  HikariDataSource       - Retail_HikariCP - Starting...
25-02-01.10:52:25.061 [main            ] INFO  HikariDataSource       - Retail_HikariCP - Start completed.
25-02-01.10:52:25.103 [pool-3-thread-2 ] INFO  HikariDataSource       - Retail_HikariCP - Start completed.
25-02-01.10:52:25.473 [main            ] INFO  EventPublisher         - 发送MQ消息 topic:send_rebate message:{"data":{"bizId":"xiaofuge_sku_20240503","rebateConfig":"9011","rebateType":"sign","userId":"xiaofuge"},"id":"02586982231","timestamp":1738425144975}
25-02-01.10:52:25.503 [main            ] INFO  EventPublisher         - 发送MQ消息 topic:send_rebate message:{"data":{"bizId":"xiaofuge_integral_20240503","rebateConfig":"10","rebateType":"sign","userId":"xiaofuge"},"id":"22537157549","timestamp":1738425144977}
25-02-01.10:52:25.528 [main            ] INFO  BehaviorRebateServiceTest - 请求参数：{"behaviorTypeVO":"SIGN","outBusinessNo":"20240503","userId":"xiaofuge"}
25-02-01.10:52:25.536 [main            ] INFO  BehaviorRebateServiceTest - 测试结果：["633563238564","311621982807"]
25-02-01.10:52:25.563 [org.springframework.amqp.rabbit.RabbitListenerEndpointContainer#0-2] INFO  SimpleMessageListenerContainer - Waiting for workers to finish.
25-02-01.10:52:25.569 [org.springframework.amqp.rabbit.RabbitListenerEndpointContainer#1-2] INFO  SimpleMessageListenerContainer - Waiting for workers to finish.
25-02-01.10:52:26.190 [org.springframework.amqp.rabbit.RabbitListenerEndpointContainer#0-2] INFO  SimpleMessageListenerContainer - Successfully waited for workers to finish.
25-02-01.10:52:26.200 [org.springframework.amqp.rabbit.RabbitListenerEndpointContainer#1-2] INFO  SimpleMessageListenerContainer - Successfully waited for workers to finish.
25-02-01.10:52:26.203 [SpringApplicationShutdownHook] INFO  SimpleMessageListenerContainer - Shutdown ignored - container is already stopped
25-02-01.10:52:26.204 [SpringApplicationShutdownHook] INFO  SimpleMessageListenerContainer - Shutdown ignored - container is already stopped
25-02-01.12:20:30.614 [main            ] INFO  BehaviorRebateServiceTest - Starting BehaviorRebateServiceTest using Java 1.8.0_311 on liuguanzedeMBP with PID 3662 (started by carson in /Users/carson/Desktop/Microservice/big-market/big-market-app)
25-02-01.12:20:30.616 [main            ] INFO  BehaviorRebateServiceTest - The following 1 profile is active: "dev"
25-02-01.12:20:32.622 [main            ] INFO  RepositoryConfigurationDelegate - Multiple Spring Data modules found, entering strict repository configuration mode
25-02-01.12:20:32.627 [main            ] INFO  RepositoryConfigurationDelegate - Bootstrapping Spring Data Redis repositories in DEFAULT mode.
25-02-01.12:20:32.698 [main            ] INFO  RepositoryConfigurationDelegate - Finished Spring Data repository scanning in 43 ms. Found 0 Redis repository interfaces.
25-02-01.12:20:34.984 [main            ] INFO  Version                - Redisson 3.23.4
25-02-01.12:20:35.035 [main            ] WARN  DnsServerAddressStreamProviders - Can not find io.netty.resolver.dns.macos.MacOSDnsServerAddressStreamProvider in the classpath, fallback to system defaults. This may result in incorrect DNS resolutions on MacOS. Check whether you have a dependency on 'io.netty:netty-resolver-dns-native-macos'
25-02-01.12:20:35.396 [redisson-netty-2-4] INFO  MasterPubSubConnectionPool - 1 connections initialized for 127.0.0.1/127.0.0.1:16379
25-02-01.12:20:35.428 [redisson-netty-2-13] INFO  MasterConnectionPool   - 5 connections initialized for 127.0.0.1/127.0.0.1:16379
25-02-01.12:20:40.567 [main            ] INFO  EndpointLinksResolver  - Exposing 1 endpoint(s) beneath base path '/actuator'
25-02-01.12:20:40.709 [main            ] INFO  CachingConnectionFactory - Attempting to connect to: [127.0.0.1:5672]
25-02-01.12:20:40.820 [main            ] INFO  CachingConnectionFactory - Created new connection: rabbitConnectionFactory#1820f274:0/SimpleConnection@12bb8943 [delegate=amqp://admin@127.0.0.1:5672/, localPort= 50860]
25-02-01.12:20:40.969 [main            ] INFO  BehaviorRebateServiceTest - Started BehaviorRebateServiceTest in 11.144 seconds (JVM running for 13.445)
25-02-01.12:20:41.481 [main            ] INFO  HikariDataSource       - Retail_HikariCP - Starting...
25-02-01.12:20:42.053 [main            ] INFO  HikariDataSource       - Retail_HikariCP - Start completed.
25-02-01.12:20:42.276 [main            ] INFO  HikariDataSource       - Retail_HikariCP - Starting...
25-02-01.12:20:42.334 [main            ] INFO  HikariDataSource       - Retail_HikariCP - Start completed.
25-02-01.12:20:42.813 [main            ] INFO  EventPublisher         - 发送MQ消息 topic:send_rebate message:{"data":{"bizId":"xiaofuge_sku_2024042906","rebateConfig":"9011","rebateType":"sku","userId":"xiaofuge"},"id":"08936288121","timestamp":1738430442266}
25-02-01.12:21:05.590 [org.springframework.amqp.rabbit.RabbitListenerEndpointContainer#1-1] INFO  RebateMessageCustomer  - 监听用户行为返利消息 topic: send_rebate message: {"data":{"bizId":"xiaofuge_sku_2024042906","rebateConfig":"9011","rebateType":"sku","userId":"xiaofuge"},"id":"08936288121","timestamp":1738430442266}
25-02-01.12:21:05.594 [main            ] INFO  EventPublisher         - 发送MQ消息 topic:send_rebate message:{"data":{"bizId":"xiaofuge_integral_2024042906","rebateConfig":"10","rebateType":"integral","userId":"xiaofuge"},"id":"64129979810","timestamp":1738430442270}
25-02-01.12:21:06.464 [pool-3-thread-2 ] INFO  HikariDataSource       - Retail_HikariCP - Starting...
25-02-01.12:21:07.452 [pool-3-thread-3 ] INFO  EventPublisher         - 发送MQ消息 topic:send_rebate message:{"data":{"bizId":"xiaofuge_sku_20240429","rebateConfig":"9011","rebateType":"sign","userId":"xiaofuge"},"id":"40609809234","timestamp":1738424216721}
25-02-01.12:21:07.454 [pool-3-thread-4 ] INFO  EventPublisher         - 发送MQ消息 topic:send_rebate message:{"data":{"bizId":"xiaofuge_integral_20240429","rebateConfig":"10","rebateType":"sign","userId":"xiaofuge"},"id":"63242975341","timestamp":1738424216725}
25-02-01.12:21:07.462 [main            ] INFO  BehaviorRebateServiceTest - 请求参数：{"behaviorTypeVO":"SIGN","outBusinessNo":"2024042906","userId":"xiaofuge"}
25-02-01.12:21:07.470 [main            ] INFO  BehaviorRebateServiceTest - 测试结果：["980884636374","269082856401"]
25-02-01.12:21:07.539 [pool-3-thread-2 ] INFO  HikariDataSource       - Retail_HikariCP - Start completed.
25-02-01.12:21:26.749 [org.springframework.amqp.rabbit.RabbitListenerEndpointContainer#1-1] INFO  ActivityBaseActionChain - 活动责任链-基础信息【有效期、状态、库存(sku)】校验开始。sku:9011 activityId:100301
25-02-01.12:21:26.750 [org.springframework.amqp.rabbit.RabbitListenerEndpointContainer#1-1] INFO  ActivitySkuStockActionChain - 活动责任链-商品库存处理【有效期、状态、库存(sku)】开始。sku:9011 activityId:100301
25-02-01.12:21:26.777 [org.springframework.amqp.rabbit.RabbitListenerEndpointContainer#1-1] INFO  ActivitySkuStockActionChain - 活动责任链-商品库存处理【有效期、状态、库存(sku)】成功。sku:9011 activityId:100301
25-02-01.12:21:26.851 [org.springframework.amqp.rabbit.RabbitListenerEndpointContainer#0-2] INFO  SimpleMessageListenerContainer - Waiting for workers to finish.
25-02-01.12:21:26.859 [org.springframework.amqp.rabbit.RabbitListenerEndpointContainer#1-2] INFO  SimpleMessageListenerContainer - Waiting for workers to finish.
25-02-01.12:21:26.867 [org.springframework.amqp.rabbit.RabbitListenerEndpointContainer#2-2] INFO  SimpleMessageListenerContainer - Waiting for workers to finish.
25-02-01.12:21:26.964 [org.springframework.amqp.rabbit.RabbitListenerEndpointContainer#1-2] INFO  SimpleMessageListenerContainer - Successfully waited for workers to finish.
25-02-01.12:21:27.706 [org.springframework.amqp.rabbit.RabbitListenerEndpointContainer#2-2] INFO  SimpleMessageListenerContainer - Successfully waited for workers to finish.
25-02-01.12:21:27.707 [org.springframework.amqp.rabbit.RabbitListenerEndpointContainer#0-2] INFO  SimpleMessageListenerContainer - Successfully waited for workers to finish.
25-02-01.12:21:27.713 [SpringApplicationShutdownHook] INFO  SimpleMessageListenerContainer - Shutdown ignored - container is already stopped
25-02-01.12:21:27.714 [SpringApplicationShutdownHook] INFO  SimpleMessageListenerContainer - Shutdown ignored - container is already stopped
25-02-01.12:21:27.714 [SpringApplicationShutdownHook] INFO  SimpleMessageListenerContainer - Shutdown ignored - container is already stopped
25-02-01.12:24:31.537 [main            ] INFO  BehaviorRebateServiceTest - Starting BehaviorRebateServiceTest using Java 1.8.0_311 on liuguanzedeMBP with PID 3724 (started by carson in /Users/carson/Desktop/Microservice/big-market/big-market-app)
25-02-01.12:24:31.539 [main            ] INFO  BehaviorRebateServiceTest - The following 1 profile is active: "dev"
25-02-01.12:24:33.290 [main            ] INFO  RepositoryConfigurationDelegate - Multiple Spring Data modules found, entering strict repository configuration mode
25-02-01.12:24:33.296 [main            ] INFO  RepositoryConfigurationDelegate - Bootstrapping Spring Data Redis repositories in DEFAULT mode.
25-02-01.12:24:33.368 [main            ] INFO  RepositoryConfigurationDelegate - Finished Spring Data repository scanning in 48 ms. Found 0 Redis repository interfaces.
25-02-01.12:24:35.403 [main            ] INFO  Version                - Redisson 3.23.4
25-02-01.12:24:35.436 [main            ] WARN  DnsServerAddressStreamProviders - Can not find io.netty.resolver.dns.macos.MacOSDnsServerAddressStreamProvider in the classpath, fallback to system defaults. This may result in incorrect DNS resolutions on MacOS. Check whether you have a dependency on 'io.netty:netty-resolver-dns-native-macos'
25-02-01.12:24:35.687 [redisson-netty-2-4] INFO  MasterPubSubConnectionPool - 1 connections initialized for 127.0.0.1/127.0.0.1:16379
25-02-01.12:24:35.714 [redisson-netty-2-13] INFO  MasterConnectionPool   - 5 connections initialized for 127.0.0.1/127.0.0.1:16379
25-02-01.12:24:40.310 [main            ] INFO  EndpointLinksResolver  - Exposing 1 endpoint(s) beneath base path '/actuator'
25-02-01.12:24:40.451 [main            ] INFO  CachingConnectionFactory - Attempting to connect to: [127.0.0.1:5672]
25-02-01.12:24:40.563 [main            ] INFO  CachingConnectionFactory - Created new connection: rabbitConnectionFactory#f287a4e:0/SimpleConnection@434a2a10 [delegate=amqp://admin@127.0.0.1:5672/, localPort= 50930]
25-02-01.12:24:53.191 [org.springframework.amqp.rabbit.RabbitListenerEndpointContainer#1-1] INFO  RebateMessageCustomer  - 监听用户行为返利消息 topic: send_rebate message: {"data":{"bizId":"xiaofuge_integral_2024042906","rebateConfig":"10","rebateType":"integral","userId":"xiaofuge"},"id":"64129979810","timestamp":1738430442270}
25-02-01.12:24:55.674 [main            ] INFO  BehaviorRebateServiceTest - Started BehaviorRebateServiceTest in 23.964 seconds (JVM running for 26.371)
25-02-01.12:24:55.813 [pool-3-thread-2 ] INFO  HikariDataSource       - Retail_HikariCP - Starting...
25-02-01.12:24:55.813 [pool-3-thread-1 ] INFO  HikariDataSource       - Retail_HikariCP - Starting...
25-02-01.12:24:56.464 [main            ] INFO  HikariDataSource       - Retail_HikariCP - Starting...
25-02-01.12:24:56.611 [pool-3-thread-2 ] INFO  HikariDataSource       - Retail_HikariCP - Start completed.
25-02-01.12:24:56.611 [pool-3-thread-1 ] INFO  HikariDataSource       - Retail_HikariCP - Start completed.
25-02-01.12:24:56.614 [main            ] INFO  HikariDataSource       - Retail_HikariCP - Start completed.
25-02-01.12:24:57.631 [main            ] INFO  EventPublisher         - 发送MQ消息 topic:send_rebate message:{"data":{"bizId":"xiaofuge_sku_2024042905","rebateConfig":"9011","rebateType":"sku","userId":"xiaofuge"},"id":"92199436979","timestamp":1738430696881}
25-02-01.12:24:57.662 [main            ] INFO  EventPublisher         - 发送MQ消息 topic:send_rebate message:{"data":{"bizId":"xiaofuge_integral_2024042905","rebateConfig":"10","rebateType":"integral","userId":"xiaofuge"},"id":"12720609924","timestamp":1738430696889}
25-02-01.12:24:57.690 [main            ] INFO  BehaviorRebateServiceTest - 请求参数：{"behaviorTypeVO":"SIGN","outBusinessNo":"2024042905","userId":"xiaofuge"}
25-02-01.12:24:57.696 [main            ] INFO  BehaviorRebateServiceTest - 测试结果：["914305082272","646879391725"]
25-02-01.12:25:08.165 [org.springframework.amqp.rabbit.RabbitListenerEndpointContainer#1-1] INFO  RebateMessageCustomer  - 监听用户行为返利消息 - 非sku奖励暂时不处理 topic: send_rebate message: {"data":{"bizId":"xiaofuge_integral_2024042906","rebateConfig":"10","rebateType":"integral","userId":"xiaofuge"},"id":"64129979810","timestamp":1738430442270}
25-02-01.12:25:28.979 [org.springframework.amqp.rabbit.RabbitListenerEndpointContainer#1-1] INFO  RebateMessageCustomer  - 监听用户行为返利消息 topic: send_rebate message: {"data":{"bizId":"xiaofuge_sku_20240429","rebateConfig":"9011","rebateType":"sign","userId":"xiaofuge"},"id":"40609809234","timestamp":1738424216721}
25-02-01.12:25:28.979 [org.springframework.amqp.rabbit.RabbitListenerEndpointContainer#1-1] INFO  RebateMessageCustomer  - 监听用户行为返利消息 - 非sku奖励暂时不处理 topic: send_rebate message: {"data":{"bizId":"xiaofuge_sku_20240429","rebateConfig":"9011","rebateType":"sign","userId":"xiaofuge"},"id":"40609809234","timestamp":1738424216721}
25-02-01.12:25:28.985 [org.springframework.amqp.rabbit.RabbitListenerEndpointContainer#1-1] INFO  RebateMessageCustomer  - 监听用户行为返利消息 topic: send_rebate message: {"data":{"bizId":"xiaofuge_integral_20240429","rebateConfig":"10","rebateType":"sign","userId":"xiaofuge"},"id":"63242975341","timestamp":1738424216725}
25-02-01.12:25:28.985 [org.springframework.amqp.rabbit.RabbitListenerEndpointContainer#1-1] INFO  RebateMessageCustomer  - 监听用户行为返利消息 - 非sku奖励暂时不处理 topic: send_rebate message: {"data":{"bizId":"xiaofuge_integral_20240429","rebateConfig":"10","rebateType":"sign","userId":"xiaofuge"},"id":"63242975341","timestamp":1738424216725}
25-02-01.12:25:28.987 [org.springframework.amqp.rabbit.RabbitListenerEndpointContainer#1-1] INFO  RebateMessageCustomer  - 监听用户行为返利消息 topic: send_rebate message: {"data":{"bizId":"xiaofuge_sku_2024042905","rebateConfig":"9011","rebateType":"sku","userId":"xiaofuge"},"id":"92199436979","timestamp":1738430696881}
25-02-01.12:25:29.012 [org.springframework.amqp.rabbit.RabbitListenerEndpointContainer#1-1] INFO  ActivityBaseActionChain - 活动责任链-基础信息【有效期、状态、库存(sku)】校验开始。sku:9011 activityId:100301
25-02-01.12:25:29.012 [org.springframework.amqp.rabbit.RabbitListenerEndpointContainer#1-1] INFO  ActivitySkuStockActionChain - 活动责任链-商品库存处理【有效期、状态、库存(sku)】开始。sku:9011 activityId:100301
25-02-01.12:25:29.027 [org.springframework.amqp.rabbit.RabbitListenerEndpointContainer#1-1] INFO  ActivitySkuStockActionChain - 活动责任链-商品库存处理【有效期、状态、库存(sku)】成功。sku:9011 activityId:100301
25-02-01.12:25:29.079 [org.springframework.amqp.rabbit.RabbitListenerEndpointContainer#0-2] INFO  SimpleMessageListenerContainer - Waiting for workers to finish.
25-02-01.12:25:29.081 [org.springframework.amqp.rabbit.RabbitListenerEndpointContainer#1-2] INFO  SimpleMessageListenerContainer - Waiting for workers to finish.
25-02-01.12:25:29.084 [org.springframework.amqp.rabbit.RabbitListenerEndpointContainer#2-2] INFO  SimpleMessageListenerContainer - Waiting for workers to finish.
25-02-01.12:25:29.135 [org.springframework.amqp.rabbit.RabbitListenerEndpointContainer#1-2] INFO  SimpleMessageListenerContainer - Successfully waited for workers to finish.
25-02-01.12:25:29.975 [org.springframework.amqp.rabbit.RabbitListenerEndpointContainer#2-2] INFO  SimpleMessageListenerContainer - Successfully waited for workers to finish.
25-02-01.12:25:29.976 [org.springframework.amqp.rabbit.RabbitListenerEndpointContainer#0-2] INFO  SimpleMessageListenerContainer - Successfully waited for workers to finish.
25-02-01.12:25:29.983 [SpringApplicationShutdownHook] INFO  SimpleMessageListenerContainer - Shutdown ignored - container is already stopped
25-02-01.12:25:29.984 [SpringApplicationShutdownHook] INFO  SimpleMessageListenerContainer - Shutdown ignored - container is already stopped
25-02-01.12:25:29.985 [SpringApplicationShutdownHook] INFO  SimpleMessageListenerContainer - Shutdown ignored - container is already stopped
25-02-01.12:25:52.887 [main            ] INFO  BehaviorRebateServiceTest - Starting BehaviorRebateServiceTest using Java 1.8.0_311 on liuguanzedeMBP with PID 3746 (started by carson in /Users/carson/Desktop/Microservice/big-market/big-market-app)
25-02-01.12:25:52.888 [main            ] INFO  BehaviorRebateServiceTest - The following 1 profile is active: "dev"
25-02-01.12:25:54.580 [main            ] INFO  RepositoryConfigurationDelegate - Multiple Spring Data modules found, entering strict repository configuration mode
25-02-01.12:25:54.585 [main            ] INFO  RepositoryConfigurationDelegate - Bootstrapping Spring Data Redis repositories in DEFAULT mode.
25-02-01.12:25:54.648 [main            ] INFO  RepositoryConfigurationDelegate - Finished Spring Data repository scanning in 41 ms. Found 0 Redis repository interfaces.
25-02-01.12:25:56.649 [main            ] INFO  Version                - Redisson 3.23.4
25-02-01.12:25:56.687 [main            ] WARN  DnsServerAddressStreamProviders - Can not find io.netty.resolver.dns.macos.MacOSDnsServerAddressStreamProvider in the classpath, fallback to system defaults. This may result in incorrect DNS resolutions on MacOS. Check whether you have a dependency on 'io.netty:netty-resolver-dns-native-macos'
25-02-01.12:25:56.977 [redisson-netty-2-5] INFO  MasterPubSubConnectionPool - 1 connections initialized for 127.0.0.1/127.0.0.1:16379
25-02-01.12:25:57.008 [redisson-netty-2-13] INFO  MasterConnectionPool   - 5 connections initialized for 127.0.0.1/127.0.0.1:16379
25-02-01.12:26:01.499 [main            ] INFO  EndpointLinksResolver  - Exposing 1 endpoint(s) beneath base path '/actuator'
25-02-01.12:26:01.635 [main            ] INFO  CachingConnectionFactory - Attempting to connect to: [127.0.0.1:5672]
25-02-01.12:26:01.746 [main            ] INFO  CachingConnectionFactory - Created new connection: rabbitConnectionFactory#57a0c261:0/SimpleConnection@5c8d685e [delegate=amqp://admin@127.0.0.1:5672/, localPort= 50995]
25-02-01.12:26:01.863 [org.springframework.amqp.rabbit.RabbitListenerEndpointContainer#1-1] INFO  RebateMessageCustomer  - 监听用户行为返利消息 topic: send_rebate message: {"data":{"bizId":"xiaofuge_integral_2024042905","rebateConfig":"10","rebateType":"integral","userId":"xiaofuge"},"id":"12720609924","timestamp":1738430696889}
25-02-01.12:26:01.905 [main            ] INFO  BehaviorRebateServiceTest - Started BehaviorRebateServiceTest in 9.675 seconds (JVM running for 11.302)
25-02-01.12:26:02.245 [org.springframework.amqp.rabbit.RabbitListenerEndpointContainer#1-1] INFO  RebateMessageCustomer  - 监听用户行为返利消息 - 非sku奖励暂时不处理 topic: send_rebate message: {"data":{"bizId":"xiaofuge_integral_2024042905","rebateConfig":"10","rebateType":"integral","userId":"xiaofuge"},"id":"12720609924","timestamp":1738430696889}
25-02-01.12:26:02.469 [main            ] INFO  HikariDataSource       - Retail_HikariCP - Starting...
25-02-01.12:26:02.947 [main            ] INFO  HikariDataSource       - Retail_HikariCP - Start completed.
25-02-01.12:26:03.134 [main            ] INFO  HikariDataSource       - Retail_HikariCP - Starting...
25-02-01.12:26:03.286 [main            ] INFO  HikariDataSource       - Retail_HikariCP - Start completed.
25-02-01.12:26:03.411 [main            ] INFO  EventPublisher         - 发送MQ消息 topic:send_rebate message:{"data":{"bizId":"xiaofuge_sku_2024042904","rebateConfig":"9011","rebateType":"sku","userId":"xiaofuge"},"id":"75984558635","timestamp":1738430763124}
25-02-01.12:26:03.415 [org.springframework.amqp.rabbit.RabbitListenerEndpointContainer#1-1] INFO  RebateMessageCustomer  - 监听用户行为返利消息 topic: send_rebate message: {"data":{"bizId":"xiaofuge_sku_2024042904","rebateConfig":"9011","rebateType":"sku","userId":"xiaofuge"},"id":"75984558635","timestamp":1738430763124}
25-02-01.12:26:43.575 [scheduling-1    ] INFO  UpdateActivitySkuStockJob - 定时任务，更新活动sku库存 sku:9011 activityId:100301
25-02-01.12:26:43.598 [org.springframework.amqp.rabbit.RabbitListenerEndpointContainer#1-1] INFO  ActivityBaseActionChain - 活动责任链-基础信息【有效期、状态、库存(sku)】校验开始。sku:9011 activityId:100301
25-02-01.12:26:43.599 [org.springframework.amqp.rabbit.RabbitListenerEndpointContainer#1-1] INFO  ActivitySkuStockActionChain - 活动责任链-商品库存处理【有效期、状态、库存(sku)】开始。sku:9011 activityId:100301
25-02-01.12:26:43.620 [org.springframework.amqp.rabbit.RabbitListenerEndpointContainer#1-1] INFO  ActivitySkuStockActionChain - 活动责任链-商品库存处理【有效期、状态、库存(sku)】成功。sku:9011 activityId:100301
25-02-01.12:26:43.644 [main            ] INFO  EventPublisher         - 发送MQ消息 topic:send_rebate message:{"data":{"bizId":"xiaofuge_integral_2024042904","rebateConfig":"10","rebateType":"integral","userId":"xiaofuge"},"id":"23740370127","timestamp":1738430763129}
25-02-01.12:26:43.678 [pool-3-thread-2 ] INFO  HikariDataSource       - Retail_HikariCP - Starting...
25-02-01.12:26:43.683 [main            ] INFO  BehaviorRebateServiceTest - 请求参数：{"behaviorTypeVO":"SIGN","outBusinessNo":"2024042904","userId":"xiaofuge"}
25-02-01.12:26:43.692 [main            ] INFO  BehaviorRebateServiceTest - 测试结果：["605750712108","007296329587"]
25-02-01.12:26:43.801 [org.springframework.amqp.rabbit.RabbitListenerEndpointContainer#1-1] INFO  RebateMessageCustomer  - 监听用户行为返利消息 topic: send_rebate message: {"data":{"bizId":"xiaofuge_integral_2024042904","rebateConfig":"10","rebateType":"integral","userId":"xiaofuge"},"id":"23740370127","timestamp":1738430763129}
25-02-01.12:26:43.801 [org.springframework.amqp.rabbit.RabbitListenerEndpointContainer#1-1] INFO  RebateMessageCustomer  - 监听用户行为返利消息 - 非sku奖励暂时不处理 topic: send_rebate message: {"data":{"bizId":"xiaofuge_integral_2024042904","rebateConfig":"10","rebateType":"integral","userId":"xiaofuge"},"id":"23740370127","timestamp":1738430763129}
25-02-01.12:26:43.811 [pool-3-thread-2 ] INFO  HikariDataSource       - Retail_HikariCP - Start completed.
25-02-01.12:26:45.010 [scheduling-1    ] INFO  UpdateActivitySkuStockJob - 定时任务，更新活动sku库存 sku:9011 activityId:100301
25-02-01.12:26:50.012 [scheduling-1    ] INFO  UpdateActivitySkuStockJob - 定时任务，更新活动sku库存 sku:9011 activityId:100301
25-02-01.12:28:25.529 [org.springframework.amqp.rabbit.RabbitListenerEndpointContainer#0-2] INFO  SimpleMessageListenerContainer - Waiting for workers to finish.
25-02-01.12:28:25.532 [org.springframework.amqp.rabbit.RabbitListenerEndpointContainer#1-2] INFO  SimpleMessageListenerContainer - Waiting for workers to finish.
25-02-01.12:28:25.535 [org.springframework.amqp.rabbit.RabbitListenerEndpointContainer#2-2] INFO  SimpleMessageListenerContainer - Waiting for workers to finish.
25-02-01.12:28:25.787 [org.springframework.amqp.rabbit.RabbitListenerEndpointContainer#0-2] INFO  SimpleMessageListenerContainer - Successfully waited for workers to finish.
25-02-01.12:28:25.787 [org.springframework.amqp.rabbit.RabbitListenerEndpointContainer#2-2] INFO  SimpleMessageListenerContainer - Successfully waited for workers to finish.
25-02-01.12:28:26.041 [org.springframework.amqp.rabbit.RabbitListenerEndpointContainer#1-2] INFO  SimpleMessageListenerContainer - Successfully waited for workers to finish.
25-02-01.12:28:26.047 [SpringApplicationShutdownHook] INFO  SimpleMessageListenerContainer - Shutdown ignored - container is already stopped
25-02-01.12:28:26.048 [SpringApplicationShutdownHook] INFO  SimpleMessageListenerContainer - Shutdown ignored - container is already stopped
25-02-01.12:28:26.048 [SpringApplicationShutdownHook] INFO  SimpleMessageListenerContainer - Shutdown ignored - container is already stopped
25-02-01.12:37:38.493 [main            ] INFO  BehaviorRebateServiceTest - Starting BehaviorRebateServiceTest using Java 1.8.0_311 on liuguanzedeMBP with PID 3977 (started by carson in /Users/carson/Desktop/Microservice/big-market/big-market-app)
25-02-01.12:37:38.495 [main            ] INFO  BehaviorRebateServiceTest - The following 1 profile is active: "dev"
25-02-01.12:37:40.253 [main            ] INFO  RepositoryConfigurationDelegate - Multiple Spring Data modules found, entering strict repository configuration mode
25-02-01.12:37:40.258 [main            ] INFO  RepositoryConfigurationDelegate - Bootstrapping Spring Data Redis repositories in DEFAULT mode.
25-02-01.12:37:40.333 [main            ] INFO  RepositoryConfigurationDelegate - Finished Spring Data repository scanning in 46 ms. Found 0 Redis repository interfaces.
25-02-01.12:37:42.578 [main            ] INFO  Version                - Redisson 3.23.4
25-02-01.12:37:42.634 [main            ] WARN  DnsServerAddressStreamProviders - Can not find io.netty.resolver.dns.macos.MacOSDnsServerAddressStreamProvider in the classpath, fallback to system defaults. This may result in incorrect DNS resolutions on MacOS. Check whether you have a dependency on 'io.netty:netty-resolver-dns-native-macos'
25-02-01.12:37:42.981 [redisson-netty-2-4] INFO  MasterPubSubConnectionPool - 1 connections initialized for 127.0.0.1/127.0.0.1:16379
25-02-01.12:37:43.013 [redisson-netty-2-13] INFO  MasterConnectionPool   - 5 connections initialized for 127.0.0.1/127.0.0.1:16379
25-02-01.12:37:47.615 [main            ] INFO  EndpointLinksResolver  - Exposing 1 endpoint(s) beneath base path '/actuator'
25-02-01.12:37:47.752 [main            ] INFO  CachingConnectionFactory - Attempting to connect to: [127.0.0.1:5672]
25-02-01.12:37:47.853 [main            ] INFO  CachingConnectionFactory - Created new connection: rabbitConnectionFactory#274bae2c:0/SimpleConnection@d08f85a [delegate=amqp://admin@127.0.0.1:5672/, localPort= 51146]
25-02-01.12:37:47.992 [main            ] INFO  BehaviorRebateServiceTest - Started BehaviorRebateServiceTest in 10.093 seconds (JVM running for 11.435)
25-02-01.12:37:48.465 [main            ] INFO  HikariDataSource       - Retail_HikariCP - Starting...
25-02-01.12:37:48.964 [main            ] INFO  HikariDataSource       - Retail_HikariCP - Start completed.
25-02-01.12:37:49.179 [main            ] INFO  HikariDataSource       - Retail_HikariCP - Starting...
25-02-01.12:37:49.257 [main            ] INFO  HikariDataSource       - Retail_HikariCP - Start completed.
25-02-01.12:37:49.709 [main            ] INFO  EventPublisher         - 发送MQ消息 topic:send_rebate message:{"data":{"bizId":"xiaofuge_sku_2024042900","rebateConfig":"9011","rebateType":"sku","userId":"xiaofuge"},"id":"20537024263","timestamp":1738431469170}
25-02-01.12:37:49.731 [org.springframework.amqp.rabbit.RabbitListenerEndpointContainer#1-1] INFO  RebateMessageCustomer  - 监听用户行为返利消息 topic: send_rebate message: {"data":{"bizId":"xiaofuge_sku_2024042900","rebateConfig":"9011","rebateType":"sku","userId":"xiaofuge"},"id":"20537024263","timestamp":1738431469170}
25-02-01.12:37:49.748 [main            ] INFO  EventPublisher         - 发送MQ消息 topic:send_rebate message:{"data":{"bizId":"xiaofuge_integral_2024042900","rebateConfig":"10","rebateType":"integral","userId":"xiaofuge"},"id":"19506185256","timestamp":1738431469174}
25-02-01.12:37:49.773 [main            ] INFO  BehaviorRebateServiceTest - 请求参数：{"behaviorTypeVO":"SIGN","outBusinessNo":"2024042900","userId":"xiaofuge"}
25-02-01.12:37:49.778 [main            ] INFO  BehaviorRebateServiceTest - 测试结果：["547709828876","060548405120"]
25-02-01.12:37:49.818 [org.springframework.amqp.rabbit.RabbitListenerEndpointContainer#1-1] INFO  ActivityBaseActionChain - 活动责任链-基础信息【有效期、状态、库存(sku)】校验开始。sku:9011 activityId:100301
25-02-01.12:37:49.819 [org.springframework.amqp.rabbit.RabbitListenerEndpointContainer#1-1] INFO  ActivitySkuStockActionChain - 活动责任链-商品库存处理【有效期、状态、库存(sku)】开始。sku:9011 activityId:100301
25-02-01.12:37:49.840 [org.springframework.amqp.rabbit.RabbitListenerEndpointContainer#1-1] INFO  ActivitySkuStockActionChain - 活动责任链-商品库存处理【有效期、状态、库存(sku)】成功。sku:9011 activityId:100301
25-02-01.12:37:49.988 [org.springframework.amqp.rabbit.RabbitListenerEndpointContainer#1-1] INFO  RebateMessageCustomer  - 监听用户行为返利消息 topic: send_rebate message: {"data":{"bizId":"xiaofuge_integral_2024042900","rebateConfig":"10","rebateType":"integral","userId":"xiaofuge"},"id":"19506185256","timestamp":1738431469174}
25-02-01.12:37:49.990 [org.springframework.amqp.rabbit.RabbitListenerEndpointContainer#1-1] INFO  RebateMessageCustomer  - 监听用户行为返利消息 - 非sku奖励暂时不处理 topic: send_rebate message: {"data":{"bizId":"xiaofuge_integral_2024042900","rebateConfig":"10","rebateType":"integral","userId":"xiaofuge"},"id":"19506185256","timestamp":1738431469174}
25-02-01.12:37:50.032 [pool-3-thread-2 ] INFO  HikariDataSource       - Retail_HikariCP - Starting...
25-02-01.12:37:50.088 [pool-3-thread-2 ] INFO  HikariDataSource       - Retail_HikariCP - Start completed.
25-02-01.12:37:55.022 [scheduling-1    ] INFO  UpdateActivitySkuStockJob - 定时任务，更新活动sku库存 sku:9011 activityId:100301
25-02-01.12:41:55.900 [org.springframework.amqp.rabbit.RabbitListenerEndpointContainer#0-2] INFO  SimpleMessageListenerContainer - Waiting for workers to finish.
25-02-01.12:41:55.904 [org.springframework.amqp.rabbit.RabbitListenerEndpointContainer#1-2] INFO  SimpleMessageListenerContainer - Waiting for workers to finish.
25-02-01.12:41:55.907 [org.springframework.amqp.rabbit.RabbitListenerEndpointContainer#2-2] INFO  SimpleMessageListenerContainer - Waiting for workers to finish.
25-02-01.12:41:56.556 [org.springframework.amqp.rabbit.RabbitListenerEndpointContainer#0-2] INFO  SimpleMessageListenerContainer - Successfully waited for workers to finish.
25-02-01.12:41:56.556 [org.springframework.amqp.rabbit.RabbitListenerEndpointContainer#2-2] INFO  SimpleMessageListenerContainer - Successfully waited for workers to finish.
25-02-01.12:41:56.576 [org.springframework.amqp.rabbit.RabbitListenerEndpointContainer#1-2] INFO  SimpleMessageListenerContainer - Successfully waited for workers to finish.
25-02-01.12:41:56.581 [SpringApplicationShutdownHook] INFO  SimpleMessageListenerContainer - Shutdown ignored - container is already stopped
25-02-01.12:41:56.582 [SpringApplicationShutdownHook] INFO  SimpleMessageListenerContainer - Shutdown ignored - container is already stopped
25-02-01.12:41:56.582 [SpringApplicationShutdownHook] INFO  SimpleMessageListenerContainer - Shutdown ignored - container is already stopped
25-02-01.12:42:03.360 [main            ] INFO  BehaviorRebateServiceTest - Starting BehaviorRebateServiceTest using Java 1.8.0_311 on liuguanzedeMBP with PID 4069 (started by carson in /Users/carson/Desktop/Microservice/big-market/big-market-app)
25-02-01.12:42:03.361 [main            ] INFO  BehaviorRebateServiceTest - The following 1 profile is active: "dev"
25-02-01.12:42:04.965 [main            ] INFO  RepositoryConfigurationDelegate - Multiple Spring Data modules found, entering strict repository configuration mode
25-02-01.12:42:04.970 [main            ] INFO  RepositoryConfigurationDelegate - Bootstrapping Spring Data Redis repositories in DEFAULT mode.
25-02-01.12:42:05.032 [main            ] INFO  RepositoryConfigurationDelegate - Finished Spring Data repository scanning in 43 ms. Found 0 Redis repository interfaces.
25-02-01.12:42:07.369 [main            ] INFO  Version                - Redisson 3.23.4
25-02-01.12:42:07.508 [main            ] WARN  DnsServerAddressStreamProviders - Can not find io.netty.resolver.dns.macos.MacOSDnsServerAddressStreamProvider in the classpath, fallback to system defaults. This may result in incorrect DNS resolutions on MacOS. Check whether you have a dependency on 'io.netty:netty-resolver-dns-native-macos'
25-02-01.12:42:07.882 [redisson-netty-2-4] INFO  MasterPubSubConnectionPool - 1 connections initialized for 127.0.0.1/127.0.0.1:16379
25-02-01.12:42:07.931 [redisson-netty-2-13] INFO  MasterConnectionPool   - 5 connections initialized for 127.0.0.1/127.0.0.1:16379
25-02-01.12:42:12.860 [main            ] INFO  EndpointLinksResolver  - Exposing 1 endpoint(s) beneath base path '/actuator'
25-02-01.12:42:12.983 [main            ] INFO  CachingConnectionFactory - Attempting to connect to: [127.0.0.1:5672]
25-02-01.12:42:13.170 [main            ] INFO  CachingConnectionFactory - Created new connection: rabbitConnectionFactory#274bae2c:0/SimpleConnection@d08f85a [delegate=amqp://admin@127.0.0.1:5672/, localPort= 51235]
25-02-01.12:42:13.424 [main            ] INFO  BehaviorRebateServiceTest - Started BehaviorRebateServiceTest in 10.612 seconds (JVM running for 11.979)
25-02-01.12:42:14.486 [main            ] INFO  HikariDataSource       - Retail_HikariCP - Starting...
25-02-01.12:42:14.965 [main            ] INFO  HikariDataSource       - Retail_HikariCP - Start completed.
25-02-01.12:42:15.041 [pool-3-thread-2 ] INFO  HikariDataSource       - Retail_HikariCP - Starting...
25-02-01.12:42:15.041 [pool-3-thread-1 ] INFO  HikariDataSource       - Retail_HikariCP - Starting...
25-02-01.12:42:15.123 [pool-3-thread-1 ] INFO  HikariDataSource       - Retail_HikariCP - Start completed.
25-02-01.12:42:15.125 [pool-3-thread-2 ] INFO  HikariDataSource       - Retail_HikariCP - Start completed.
25-02-01.12:42:15.597 [main            ] INFO  EventPublisher         - 发送MQ消息 topic:send_rebate message:{"data":{"bizId":"xiaofuge_sku_2024042901","rebateConfig":"9011","rebateType":"sku","userId":"xiaofuge"},"id":"67023081858","timestamp":1738431735155}
25-02-01.12:42:15.616 [org.springframework.amqp.rabbit.RabbitListenerEndpointContainer#1-1] INFO  RebateMessageCustomer  - 监听用户行为返利消息 topic: send_rebate message: {"data":{"bizId":"xiaofuge_sku_2024042901","rebateConfig":"9011","rebateType":"sku","userId":"xiaofuge"},"id":"67023081858","timestamp":1738431735155}
25-02-01.12:42:15.630 [main            ] INFO  EventPublisher         - 发送MQ消息 topic:send_rebate message:{"data":{"bizId":"xiaofuge_integral_2024042901","rebateConfig":"10","rebateType":"integral","userId":"xiaofuge"},"id":"67148145623","timestamp":1738431735160}
25-02-01.12:42:15.653 [main            ] INFO  BehaviorRebateServiceTest - 请求参数：{"behaviorTypeVO":"SIGN","outBusinessNo":"2024042901","userId":"xiaofuge"}
25-02-01.12:42:15.659 [main            ] INFO  BehaviorRebateServiceTest - 测试结果：["853786130336","441534676462"]
25-02-01.12:42:15.707 [org.springframework.amqp.rabbit.RabbitListenerEndpointContainer#1-1] INFO  ActivityBaseActionChain - 活动责任链-基础信息【有效期、状态、库存(sku)】校验开始。sku:9011 activityId:100301
25-02-01.12:42:15.707 [org.springframework.amqp.rabbit.RabbitListenerEndpointContainer#1-1] INFO  ActivitySkuStockActionChain - 活动责任链-商品库存处理【有效期、状态、库存(sku)】开始。sku:9011 activityId:100301
25-02-01.12:42:15.723 [org.springframework.amqp.rabbit.RabbitListenerEndpointContainer#1-1] INFO  ActivitySkuStockActionChain - 活动责任链-商品库存处理【有效期、状态、库存(sku)】成功。sku:9011 activityId:100301
25-02-01.12:42:15.875 [org.springframework.amqp.rabbit.RabbitListenerEndpointContainer#1-1] INFO  RebateMessageCustomer  - 监听用户行为返利消息 topic: send_rebate message: {"data":{"bizId":"xiaofuge_integral_2024042901","rebateConfig":"10","rebateType":"integral","userId":"xiaofuge"},"id":"67148145623","timestamp":1738431735160}
25-02-01.12:42:15.878 [org.springframework.amqp.rabbit.RabbitListenerEndpointContainer#1-1] INFO  RebateMessageCustomer  - 监听用户行为返利消息 - 非sku奖励暂时不处理 topic: send_rebate message: {"data":{"bizId":"xiaofuge_integral_2024042901","rebateConfig":"10","rebateType":"integral","userId":"xiaofuge"},"id":"67148145623","timestamp":1738431735160}
25-02-01.12:42:20.007 [scheduling-1    ] INFO  UpdateActivitySkuStockJob - 定时任务，更新活动sku库存 sku:9011 activityId:100301
25-02-01.12:42:40.319 [org.springframework.amqp.rabbit.RabbitListenerEndpointContainer#0-2] INFO  SimpleMessageListenerContainer - Waiting for workers to finish.
25-02-01.12:42:40.322 [org.springframework.amqp.rabbit.RabbitListenerEndpointContainer#1-2] INFO  SimpleMessageListenerContainer - Waiting for workers to finish.
25-02-01.12:42:40.325 [org.springframework.amqp.rabbit.RabbitListenerEndpointContainer#2-2] INFO  SimpleMessageListenerContainer - Waiting for workers to finish.
25-02-01.12:42:40.425 [org.springframework.amqp.rabbit.RabbitListenerEndpointContainer#0-2] INFO  SimpleMessageListenerContainer - Successfully waited for workers to finish.
25-02-01.12:42:40.450 [org.springframework.amqp.rabbit.RabbitListenerEndpointContainer#2-2] INFO  SimpleMessageListenerContainer - Successfully waited for workers to finish.
25-02-01.12:42:40.941 [org.springframework.amqp.rabbit.RabbitListenerEndpointContainer#1-2] INFO  SimpleMessageListenerContainer - Successfully waited for workers to finish.
25-02-01.12:42:40.945 [SpringApplicationShutdownHook] INFO  SimpleMessageListenerContainer - Shutdown ignored - container is already stopped
25-02-01.12:42:40.946 [SpringApplicationShutdownHook] INFO  SimpleMessageListenerContainer - Shutdown ignored - container is already stopped
25-02-01.12:42:40.946 [SpringApplicationShutdownHook] INFO  SimpleMessageListenerContainer - Shutdown ignored - container is already stopped
